[2024-03-15 17:25:40.151] [INFO] Ingesting files=['Executive Summary with Differentiators.docx', 'Executive Summary with Differentiators_v2.docx', 'IMPACT prewriting draft 1.docx', 'Program Management Draft.docx', 'resume_update_compliance_section_draft_1.docx', 'UCD process 10.2.23_draft.docx', '00 - Management Approach Catalog.xlsx', 'About Mobomo.docx', 'Agile and Condensed IMPACT.docx', 'Awards.docx', 'AWS vs. Acquia.docx', 'Back Office - Reach Back Capability.docx', 'Communication.docx', 'Corporate Codes for Mobomo.docx', 'Customer Support, User Support, and Training.docx', 'DHS Suitability Processing.docx', 'Digital Services Coalition - DSC.docx', 'Diversity and Inclusion.docx', 'Executive Summary.docx', 'Flexible - Scalable Teams.docx', 'Integrating with Cross Functional Teams.docx', 'Intro Paragraph.docx', 'Investment in Innovation - Mobomo Labs.docx', 'Metrics and Reporting.docx', 'Mobomo Codes.docx', 'Mobomo Employee Benefits and Resources.docx', 'Mobomo Office Locations.docx', 'Operational Conflict of Interest OCI.docx', 'Performance Work Statement.docx', 'PMP Template.docx', 'Pricing Narrative.docx', 'Quality+Control+Plan for NOAA - share by Fred + other QC Plan Content.mht', 'Resiliency and Disaster Recovery Planning.docx', 'Staffing Capabilities.docx', 'Template PMP for Proposals.docx', 'Text Boxes.docx', 'Transition In.out generic draft.docx', 'Proposals Cover Template.docx', '00 - Technical Approach Catalog.xlsx', '508 Compliance .docx', 'Agile Software Development.docx', 'All elements of UX.docx', 'Back-End Web Development.docx', 'Cloud System - Application Hosting.docx', 'CMS Migration Process.docx', 'Code Scanning Vulnerability Testing.docx', 'Containerization.docx', 'Content Templates - COPE, USWDS.docx', 'Contribution to Drupal Community.docx', 'CRS.docx', 'Custom Module Creation.docx', 'Customer Experience - pulled from IB.docx', 'Deployment Activities.docx', 'Design Approval Package.docx', 'Development Approach.docx', 'DevOps and Continuous Integration-Continuous Delivery.docx', 'Digital Transformation - Modernization .docx', 'Documentation Approach.docx', 'Drupal 7 to Drupal 9.docx', 'Drupal Development Expertise.docx', 'Drupal Experience, Drupal 7 to 9, and Migration Blueprint.docx', 'Drupal Leap and Migration Process.docx', 'DRUPAL MIGRATION BLUEPRINT - Marketing Material.docx', 'Drupal vs WordPress.docx', 'FEDRamp CSP Development.docx', 'FedRAMP, FISMA, NIST Documentation.docx', 'Human Centered Design User Experience.docx', 'ICR - Experiments and Analysis.docx', 'IDEA Gov Checklist for Accessibility 10-2021-checklist-for-federal-websites-and-digital-services .xlsx', 'IMPACT 2.0.docx', 'IMPACT.docx', 'Incident Management.docx', 'Information Architecture.docx', 'Integration with Third Parties - Embed Module.docx', 'Mapping.docx', 'Mobile First Design Process.docx', 'Mobomo Deep Learning and Image processing Approach Review.docx', 'Multi-language programming.docx', 'Operations & Maintenance.docx', 'Operations Support.docx', 'Overall system design.docx', 'Plain Language Content.docx', 'Project Management Approach.docx', 'QASP Draft.docx', 'Risk Management.docx', 'Security Support, Security Compliance, Vulnerability Identification and Assessment.docx', 'Testing and Quality Assurance.docx', 'User Centered Design.docx', 'User Testing.docx', 'USWDS Contributions.docx', 'UX_UI Design Process.docx', 'Document Library Index.xlsx', 'Agile Release Train.jpg', 'awards.png', 'AWS GovCloud Prod VPC an Region Architecture with Direct Connect.jpg', 'Capabilities - wrapped around text file.png', 'Capabilities.png', 'MBM-FERCCase (2).pdf', 'MBM-NASACase (1).pdf', 'MBM-NOAACase (3).pdf', '1.png', '2.png', '3.png', '4.png', '5.png', '7.png', '8.png', '9.png', 'certs.png', 'Code Scanning, Analysis, and Correction.jpg', 'Continuous Integration Continuous Delivery.jpg', 'Customer Logos.png', 'Digital Transformation GENERIC.png', 'Drupal Leap Graphic with Content for Features and Capabilities.docx', 'Everything as Code.jpg', '01 – 1.png', '01 – 2.png', '01 – 3.png', '01 – 4.png', '01 – 5.png', '01 – 6.png', '01 – 7.png', '01 – 8.png', '01.png', '02.png', '03.png', '04.png', '05.png', '06.png', '07.png', '08.png', 'Graphics Glossary.docx', 'HCD.png', 'High Level Infrastructure AWS GovCloud Architecture.jpg', 'IMPACT Success PMO ART Process - NEW 10.22.png', 'Discovery - Goal and Objectives.jpg', 'Discovery - Goals and topics.jpg', 'Discovery - Personas Example .jpg', 'Discovery - Personas.jpg', 'Discovery - Timeline of next steps.jpg', 'Mobomo-Logo-CMYK.png', 'Mobomo-Logo-CMYK.tif', 'Mobomo-Logo.gif', 'Mobomo Org Chart.png', 'org chart 2023.png', 'Org Chart.png', 'acquia-com-partner-logo.png', 'APN-public-sector-logo.png', 'drupal_blue_logo.png', 'dsc-logo.png', 'logo_microsoft_cert_new.png', 'PMO - Project Manager.png', 'PMO.png', 'PP Graphics.png', 'PRAC.png', 'MBM_Cover Template_2022-01.png', 'MBM_Cover Template_2022-01_1.png', 'MBM_Cover Template_2022-02.png', 'MBM_Cover Template_2022-02_1.png', 'MBM_Cover Template_2022-03.png', 'MBM_Cover Template_2022-03_1.png', 'MBM_Cover Template_2022-04.png', 'ROI Graphics .png', 'Scrum Team Cadence.jpg', 'SDLC Graphic Simple.png', 'SDLC Graphic with vulnerability scanning.png', 'SDLC.png', 'Small Mobomo Logo.jpg', 'Staffing.png', 'User Centered Design Generic w USWDS 3.0.png', 'User Centered Design Process Graphic 2023.png', 'USGS Store traffic model.png', 'David Ochoa- Drupal Developer Resume 2023.docx', 'Mobomo Resume - Jeff Beagley.pdf', 'Steven Linn - Mobomo Resume (1).docx', 'Jacob Yeager - Mobomo Resume.docx', 'Jason Murray - Mobomo Resume.docx', 'Brian Coffelt - Mobomo Resume.docx', 'Chris Watchtman - Mobomo Resume.pdf', 'Mobomo Resume - Brittany Dilts.pdf', 'Mobomo Resume - Eles Curry.docx', 'Mobomo Resume - Ruslan Fomiuk.pdf', 'Brittany Dilts - Front End Developer Resume 2022.docx', 'Carey Erickson - Content Strategist Resume 2022.docx', 'Chris Wachtman - 508 Specialist Digital Web Developer Resume 2022.docx', 'Dan Narkiewicz - DevOps Engineer Resumes 2022.docx', 'Daniel Schurman - Project Manager Resume 2022.docx', 'Fred Bigden - Project Manager Resume 2022.docx', 'James Boardman- Business Systems Analyst – Consultant III Resume 2022.docx', 'Jason Murray - Mobomo Resume.docx', 'Jeff Beagley - Technical Architect Resume 2022.docx', 'Jonah Andriani - Visual Designer Resume 2022.docx', 'Joshua Lilly - UX-UI Designer Resume 2022.docx', 'Keith Kelly - Cloud Engineer Resume 2022.docx', 'Kevin Huff - Developer and Security Specialist Resume 2022.docx', 'LAUREN - HERE IS AN EXAMPLE RESUME.docx', 'Leah Lloyd - Content Management and Quality Control Resume 2022.docx', 'Mark Cooperstock - Program Manager Resume 2022.docx', 'Rachelle Pineda - Project Manager Resume 2022.docx', 'Robin Knight - Project Manager Resume 2022.docx', 'Ruslan Formiuk.docx', 'Stephen Mustgrave - Developer and Migration Engineer Resume 2022.docx', 'Template Resume 2022.docx', '2022-057 ED.gov Project Manager.docx', '2022-057 ED.gov Resume Content Strategist.docx', '2022-057 ED.gov Resume Data Analyst.docx', '2022-057 ED.gov Resume Front End Developer.docx', '2022-057 ED.gov Resume Mid Level Drupal Developer.docx', '2022-057 ED.gov Resume Sr. Drupal Developer.docx', '2022-057 ED.gov Resume Visual Designer.docx', 'Leah Lloyd - Business Analyst 2022.docx', 'Template Resume 2022 - DVU.docx', 'Brittany Dilts - Front-End Developer Resume 2022.docx', 'Carey Erickson - Content Strategist Resume 2022.docx', 'Chris Wachtman, 508 Specialist – Digital Web Developer Government Resume 2022.docx', 'Dan Narkiewicz - DevOps Engineer Government Resumes 2022.docx', 'Fred Bigden - Project Manager Resume 2022.docx', 'James Boardman- Business Systems Analyst – Consultant III Resume 2022.docx', 'Jeff Beagley - DevOps Engineer and Technical Architect Resume 2022.docx', 'Joe Jacobs - Project Manager Resume 2022.docx', 'Jonah Andriani - Visual Designer Resume 2022.docx', 'Joshua Lilly - Designer Resume 2022.docx', 'Kevin Huff - Developer and Security Specialist Resume 2022.docx', 'Leah Lloyd - Content Management and Quality Control Resume 2022.docx', 'Rachelle Pineda - Project Manager Resume 2022.docx', 'Robin Knight - Project Manager Resume 2022.docx', 'Ruslan Formiuk - QA Engineer and Tester Resume 2022.docx', 'Stephen Mustgrave - Developer Resume 2022.docx', 'Adam Frazin - Technical Architect Resume 2023.docx', 'Benjamin R. Schulman.docx', 'Bishal KC - Enterprise Architect Resume 2023.docx', 'Brian Coffelt - Software Engineer Resume 2023.docx', 'Brittany Dilts - Front End Developer Resume 2023.docx', 'Carey Erickson - Content Strategist Resume 2023.docx', 'Chris Wachtman - 508 Specialist Digital Web Developer Resume 2023.docx', 'Dan Narkiewicz - DevOps Engineer Resumes 2023.docx', 'Dan Narkiewicz - Technical Director Resumes 2023.docx', 'Daniel Schurman - Project Manager Resume 2023.docx', 'David Ochoa- Drupal Developer Resume 2023.docx', 'Deron Wells - Senior Software Engineer Resume 2023.docx', 'Derrick Davis– UX UI Designer 2023 Resume.docx', 'Document2.docx', 'Eles Curry - QA Engineer Resume 2023.docx', 'Fred Bigden - Project Manager Resume 2023.docx', 'Isaac Battaglia- Technical Project Lead 2023 Resume.docx', 'Jacob Yeager - Software Engineer Resume 2023.docx', 'James Boardman- Business Systems Analyst – Consultant III Resume 2023.docx', 'Jason Murray - Mobomo Resume 2023.docx', 'Jay Griggs - Full Stack Developer Resume 2023.docx', 'Jeff Beagley - Technical Architect Resume 2023.docx', 'Jonah Andriani - Visual Designer Resume 2023.docx', 'Josh Lilly - project updates 2023 - to be incorporated into existing resume.docx', 'Joshua Lilly - UX-UI Designer Resume 2023.docx', 'Keith Kelly - Cloud Engineer Resume 2023.docx', 'Kelley Donovan - Project Manager Resume 2023.docx', 'Kevin Huff - Developer and Security Specialist Resume 2023.docx', 'Leah Lloyd - Content Management and Quality Control Resume 2023.docx', 'Mariana Paz - Software Engineer Resume 2023.docx', 'Mark Cooperstock - Program Manager Resume 2023.docx', 'Mark Vitek - Software Engineer Resume 2023.docx', 'Mike Brizzi, Program Manager Resume 2023.docx', 'Mike Redman - DevOps Engineer Resume 2023.docx', 'Pam Sutphin - Senior Drupal Developer Resume 2023.docx', 'Rachelle Pineda - Project Manager Resume 2023.docx', 'Resumes compliance.docx', 'Robert Ashley - Software Engineer 2023.docx', 'Robin Knight - Project Manager Resume 2023.docx', 'Ruslan Formiuk - Software Quality Assurance Resume 2023.docx', 'Stephen Mustgrave - Developer and Migration Engineer Resume 2023.docx', 'Steven Linn - Engineering Manager Resume 2023.docx', 'Template Resume - Project Manager.docx', 'Template Resume.docx', 'Wesley, Warren - 08.23.22.docx', 'Abramson, Andra - 12.12.22.docx', 'Amreen Baig Resume.docx', 'Ashley, Robert- Resume 020420.docx', 'Austin Gibbs Resume (3).pdf', 'Battaglia, Isaac - 04.05.22.docx', 'Bishal KC resume april.pdf', 'Brizzi, Mike - 01.05.22.docx', 'CHUKWUEMEKAMADUKAIFE_IFEANYI_20220112051301 (1).docx', 'Coffelt, Brian - 07.12.21.docx', 'Colten_Gillam_Resume_Current2023.pdf', 'Curry, Eles - 09.03.21.docx', 'Daniel Schurman Mobomo Resume.docx', 'david_hess_-_resume (1).docx', 'David_ShatzerPMP_631612564_3.pdf', 'Davis, Derrick - 03.09.22.docx', 'Dice_Profile_Alec_Timerman (2).pdf', 'Drupal_Developer_-_Thanh_Pham.pdf', 'Frazin, Adam - 07.16.21.docx', 'Frey, Dale 02-04-2020.docx', 'Griggs, Jay - 10.12.22.docx', 'Hartman, Peter - 12-07-2020.docx', 'JamesMay_Resume (2).pdf', 'Javier Destefanis - Resume MBM - 2021-03.pdf', 'Jay Griggs Resume 2023 DHS.docx', 'Joe Jacobs - PM Resume 2023.docx', 'John_Goldring_.pdf', 'Josh Lilly 2022 Resume.docx', 'Kelly Donovan Resume conv.docx', 'Kristen Resume 03-28-2019.docx', 'Kwynci_Fields_932143954 (1).pdf', 'latrelle_freeman-resume2023.docx (1).pdf', 'lilly, joshua - resume 12-22-2021.docx', 'lloyd, leah - 08-28-2020.docx', 'Lucas Resume (1).docx', 'Lucas Resume.docx', 'McMullen, Fred - Resume.docx', 'Michael_Farnbach_951594938 (1).pdf', 'Mobomo Resume - Kevin Huff .docx', 'Mobomo Resume Robin Knight-UPD (1).docx', 'mustgrave, stephen 2020.docx', 'MYKHAYLO_Resume_1.pdf', 'Napoli, Gabriel - 03-22-2021.docx', 'Nicholas_Stanley_-_Senior_Software_Developer_Resume_2023_1.docx', 'Ochoa, David - 10.18.22.docx', 'PaulCSmithIVResume.docx', 'Paz, Mariana - 03.29.21.pdf', 'PerryBrown_Resume-2021.09 (1).pdf', 'Rachelle Pineda - Project Manager Resume 2023.docx', 'Raef_Nadda_932143954 (2).doc', 'Resume-Andrew-Benbow_-_2023.pdf', 'resume-ethan-watson (1).pdf', 'Resume-Gerardo-pinkus-uxui.docx', 'Resume_BDilts.pdf', 'Resume_McCloskey (2).pdf', 'Roldan,Silvina Mobomo Resume.docx', 'Silvina Sanguinetti - 2016-08.docx', 'Slagle_Liam_20230302180053 (3).pdf', 'Tawney, James - 02-04-2020.docx', 'Uwechue, Oke - 09.03.21.docx', 'Vijaya_Prasad (1).pdf', 'Vitek, Mark - 04.11.22.docx', 'Wheelock, Matthew - 07.12.22.docx', 'Mobomo-McGraw PPT - G and L edits.pptx', 'Mobomo-McGraw2.key', 'Mobomo-PEW-Fiscal50-Draft-Reviewing.pptx', 'PEW Creative brief for vendors - Fiscal 50 redesign (1).docx', 'Reorg of slide details.docx', 'Customer Quotes.docx', 'GSA Professional Services Schedule - 47QRAA18D002U.pdf', 'GSA Schedule 70 - GS-35F-143BA.PDF', 'HHSN316201200193W - Award.pdf', 'Mobomo - NOAA Web Modernization - Project Management Plan.docx', 'Insurance Requirements - General Information across Opportunities.docx', '01.2023 Backlog Report.xlsx', 'Mobomo GSA Rates Current 20220315.PDF', '0110786_ENG_Mobomo, LLC (1).pdf', 'CMMI Appraisal.pdf', 'Reps & Certs Copies.zip', 'Ruslan Fomiuk Trusted tester.pdf', 'Content Drawing Board.docx', 'CX Evaluation and Buying Guide.pdf', 'Debrief LCATS and Rates.xlsx', 'Document.docx', '00 - Full Proposals Reference Catalog.xlsx', '01 DV UNITED PROPOSAL SHELL TEMPLATE.docx', '2017 Total Solar Eclipse - DrupalCon-new.pptx', 'Acquia Sample Resumes.docx', 'Attachment B - Pricing Spreadsheet - FINAL v3.xlsx', 'Baltimore Public Schools - Red Team with Notes - Website Design & Development.pdf', 'CMS - Voltron Platform _RFQ_FINAL.DOCX', 'DV United - ITA Price Proposal - FINAL.docx', 'GSA_47HAA021Q0128_MobomoLLC_Resumes.docx', 'Mobomo - GSA Schedule 70 01.PDF', 'Mobomo - Price Volume.pdf', 'Mobomo - Required Price Quote.xlsx', 'Mobomo - Resume of Garcia.pdf', 'Mobomo - Technical Volume.pdf', 'GSA_47HAA021Q0128_MobomoLLC_PricingProposal.docx', 'GSA_47HAA021Q0128_MobomoLLC_Resumes.docx', 'GSA_47HAA021Q0128_MobomoLLC_TechnicalProposal.docx', 'MBM-Capabilities_compressed.pdf', 'MBM-FERCCase_compressed.pdf', 'MBM-NASACase_compressed.pdf', 'MBM-NOAACase_compressed.pdf', 'MBM-UX-experiencematters_compressed.pdf', 'MBN Content Management Platform Proposal - Final with Intranet v3.docx', 'Mobomo - GSA Schedule 70 01.PDF', 'Mobomo - NOAA Web Modernization Proposal - 1305M220QNFFK0252.1595542476401.docx', 'Mobomo - Price Volume.pdf', 'Mobomo - Required Price Quote.xlsx', 'Mobomo - Technical Volume.pdf', 'Mobomo - Volume 4 - ACME Corporate Capabilities - 2022-XX-XX - Phase 3 - Gold Team.docx', 'Mobomo 89603018Q0013_Amendment 0003 - FERCgov - Volume 1.docx', 'Mobomo 89603018Q0013_Amendment 0003 - FERCgov - Volume 2.docx', 'Mobomo 89603019Q0015_Amendment 0003 - FERCgov - Volume 1.docx', 'Mobomo 89603019Q0015_Amendment 0003 - FERCgov - Volume 2.docx', 'Mobomo Administrative Volume I - FINAL.docx', 'Mobomo GSA- Technical Volume.pdf', 'Mobomo Management Approach Volume III -FINAL.docx', 'Mobomo Pricing Attachment 3 - Volume IV - FINAL (Working).xlsx', 'Mobomo Pricing Volume IV - FINAL-2.docx', 'Mobomo Pricing Volume IV - FINAL.docx', 'Mobomo RFP Technical Response - CDC STI Application .docx', 'Mobomo RFP Technical Response - CDC STI Application-wch cc 8.8.21.docx', 'Mobomo Technical Quotation - CDC STI Application - KG - Updated Adarsh 06 Sep.docx', 'Mobomo Technical Volume II - FINAL.docx', 'Mobomo-InnovationDeck.ppt', 'nasa westprime-ii rfi - mobomo 102216 ksf.docx', 'RFQ 140D0418Q0068 Technical Proposal - FINAL.docx', 'Shipley Proposal Guide 5.2.23.pdf', 'USGS Proposal.docx', 'VOA - Draft Presentation 2.pdf', 'VOA - Final Orals Presentation.pdf', 'How the Government Evaluates Proposals March 2023.pdf', 'How the Government Evaluates Proposals March 2023.pptx', 'Lauren Onboarding Activity Calendar.docx', 'Lauren Onboarding Week Activity Calendar.docx', 'Mobomo Training Packet 2024.docx', 'Mobomo Training Packet.docx', 'Proposal Evaluation Notes from Dan to be Incorporated in PPT.docx', 'Proposal Pipeline.docx', 'Proposal Process Checklist.xlsx', 'Shipley Proposal Guide.pdf', 'Writing Assignment - Matt Plush.docx', '00 - Past Performance Reference Catalog.xlsx', '2023 PROJECT COMPLETION SUMMARY TEMPLATE FOR PMS.docx', 'Apogee Past Performance.docx', 'Compilation of PP - Short Versions.docx', 'CSBA_Past_Performance.docx', 'FERC Web Modernization Past Performance.docx', 'goDCGo Past Performance Detailed.docx', 'GSA - Past Performance for Proposal 9.30.21.docx', 'GSA Code.gov Past Performance Detailed.docx', 'Healthy Louisiana Mobile Application Data Call.docx', 'International Trade Administration 2.docx', 'International Trade Administration.docx', 'M3 Past Performance for Proposal 11.15.21.docx', 'Mars Chocolate NA - Past Performance for Proposal 9.30.21.docx', 'Maximus Healthcare OCR.docx', 'MAXIMUS.docx', 'MBN Election Map Past Performance.docx', 'MBN Past Performance for Proposal 10.4.21.docx', 'Metrics - Past Performance Overview.docx', 'NASA Science Scope of Work from Dropbox.pdf', 'NASA WEB AND NASA TV.docx', 'NASA WestPrime.docx', 'Navy Past Performance Evaluation Questionnaire.docx', 'Navy Past Performance.docx', 'NOAA .docx', 'NOAA Fisheries - Generic Summary.docx', 'NOAA Fisheries.docx', 'Office of Naval Research .docx', 'Office of Naval Research – Website Modernization.docx', 'Past Performance Template - DVU.docx', 'Past Performance Template.docx', 'PP Consolidated Summaries from Clutch Website.docx', 'PRAC Past Performance.docx', 'PULSE Platform Past Performance - Short.docx', 'USGS - Past Performance for Proposal 9.30.21.docx', 'USGS Store 2022 Write Up.docx', 'USGS Store Past Performance.docx', 'USO Past Performance - Detailed.docx', 'Veterans Affairs - Mobomo - ACME DevSecOps Case Study - 2022-03-16.docx', 'Voice of America (VOA).docx', 'Voice of America PP 2019 Extended.docx', 'White House Past Performance for Proposal 9.30.21.docx', 'World Bank Past Performance for Proposal 9.30.21.docx', 'Maximus Past Performance 2023.docx', 'MBN 2023.docx', 'Mobomo_Business+Gateway+RFI+FINAL.docx', 'Paragraphs for Data Call.docx', 'USGS Store 2023.docx', 'VA Mental Health CheckUp App 2023.docx', 'CDC 2023.docx', 'CDC CPARS - 12_14_22.pdf', 'CPARS - CDC - 2-16-24.pdf', 'CPARS Report - Overview.xlsx', 'Past Performance Questionnaire - FERC 2023.pdf', 'Performance Questionnaire_FERC_NH0_07.2020.pdf', 'USA.gov Draft CPARS 2018.pdf', 'USAgov 2016-2017.pdf', 'USAGov 2018-2019.pdf', 'USAGov 2019-2020.pdf', 'USAGov 2020-2021.pdf', 'USAGov 2022 CPARS.pdf', '1. ITA CPARS 2-18 - 1-19.pdf', '2. ITA CPARS 2.19 - 1.20.pdf', '3. ITA CPARS 6-2019 - 4-2020.pdf', '4. ITA Review - 8-2020.docx', '5. ITA CPARS - 4-15-2022.pdf', '6. ITA CPARS 4-16-22 - 4-15-23.pdf', '7. ITA CPARS Final 1-2024.pdf', '2_BBGRFQ-2018-VOA-CMS - Voltron_Att-2 PPQ_FINAL - Mobomo NASA.pdf', 'Attachment B - PP Questionnaire - Digital Support Services_Ian Sturken.docx', 'NASA PAST PERFORMANCE QUESTIONNAIRE.1556205705236 kf_ih 050119 kf.doc', 'CPARS-NOAA-7_13_21.pdf', 'NOAA FIsheries 2018-2019.pdf', 'USGS CPARS 2017-2018.pdf', 'USGS ING16PA00012 ING17PB00033 1.pdf', 'USGS ING16PA00012 ING17PB00033.pdf', 'USGS ING16PA00012 ING17PB00056.pdf', 'USGS ING16PA00012 ING17PB00059.pdf', 'USGS ING16PA00012-ING16PB00250.pdf', 'FERC 2023.docx', 'General Service Administration - M3 Project.docx', 'ITA (International Trade Administration) 2023.docx', '017+--+Relevant+Experience+Project+(REP)+Template (3) (1) TMD edits 041523.docx', 'CREEK-DDC-JV-DVU-SD-SSW-REP9-JV TG Signed.pdf', 'ITA Attachment A - SOW 140D0418Q0068 (2).docx', 'Lecet 2023.docx', 'LouisvilleKY.org 2023.docx', 'M3 Past Preformance.docx', 'MBN 2023.docx', 'MBN Radio Sawa 2023.docx', 'NASA 2023.docx', 'NOAA 2023.docx', 'NSIDC 2023.docx', 'ONR 2023.docx', 'Past Performance Template.docx', 'PEW 2023.docx', 'PRAC 2023.docx', 'Mobomo Revised Technical Quotation - CDC STI Application - 9_7_21.docx', 'Request for Quotation - 75D301-21-Q-73824_7-26-21.1627321176442 (3).pdf', 'Louisville D7D8 Consulting_Final.pdf', 'Louisville O&M SOW 007 OY2 - signed.pdf', 'Louisville SOW 5 - D 8 - 9 Migration - signed.pdf', 'SOW003_Mobomo - D7-8 Migration FE.pdf', 'NSIDC Information Request DQ  (1).docx', 'NSIDC.org - Contract UCB-Mobomo LLC-DQ PSC-U-1101 Website Redesign for NSIDC.org-Boulder Campus-114683392 (1).pdf', 'Univ of CO - SOW Website O&M.docx', 'usa.gov.docx', 'TetraTech Past Performance 2023.docx', 'USA.gov 2023.docx', 'USGS Store 2023.docx', 'VA Mental Health Check Up Past Performance .docx', 'Conti, Matthew - Full Resume (1).docx', 'Elizabeth Durnan - Project Manager.docx', 'Ifeanyi Madukaife  Resume Original.docx', 'Iryna_Tretynyk_Resume_2021_1.pdf', 'Lucas Riutzel - Technical Architect Resume 2023.docx', 'Oliva_Padilla_Blas_CV (1).pdf', 'preview_document_164999448_1674136135.pdf', 'resume_6245c738a085c.docx', 'Tim Hill - Developer Resume 2023.docx', 'TIM_HILL_RESUM_12-22_2.pdf', 'Your_Resume.pdf', 'Alec Timerman - Experience Designer Resume 2023.docx', 'Amreen Baig - Project Manager Resume 2023.docx', 'Austin Gibbs - QA Engineer Resume 2023.docx', 'Blas Oliva Padilla - Developer Resume 2023.docx', 'Colten Gillam - Junior Systems Engineer Resume 2023.docx', 'Dale Frey - Software Engineer Resume 2023.docx', 'David Hess - Developer Resume 2023.docx', 'David Shatzer - Project Manager Resume 2023.docx', 'Ethan Watson - Junior UX Designer Resume 2023.docx', 'Gerardo Pinkus - Director of UXUI Resume 2023.docx', 'Ifeanyi Chukwuemeka Madukaife - Junior Network Engineer Resume 2023.docx', 'Iryna Tretynyk - Developer Resume 2023.docx', 'James May - Senior Web Engineer Resume 2023.docx', 'Javier Destefanis - Project Manager Resume 2023.docx', 'Joe Jacobs - Project Manager Resume 2023.docx', 'John Goldring - Project Manager Resume 2023.docx', 'Kristen McLean - Content Specialist Resume 2023.docx', 'Kwynci Fields - Web Producer Resume 2023.docx', 'Kyle Jester Drupal Developer Resume 2023.docx', 'LaTrelle Freeman - Senior Software Engineer Resume 2023.docx', 'Lekan Reju - Full Stack Developer Resume 2023.docx', 'Liam Slage - Developer Resume 2023.docx', 'Lucas Riutzel - Technical Architect Resume 20231.docx', 'Michael Farnbach - Enterprise Architect Resume 2023.docx', 'Mykhaylo Tretynyk - QA Engineer Resume 2023.docx', 'Nathan McCloskey - Developer Resume 2023.docx', 'Nicholas Dougherty - Business Analyst Resume 2023.docx', 'Nicholas_Stanley - Senior Software Developer Resume 2023.docx', 'Oke Uwechue - Senior Android Developer Resume 2023.docx', 'Paul Smith - Cloud Engineer Resume 2023.docx', 'Peter Hartman - QA Engineer 2023 Resume.docx', 'Peter Hartman - QA Engineer Resume 2023.docx', 'Raef Nadda - Senior Web Producer Resume 2023.docx', 'Seif Kobrosly - Developer Resume 2023.docx', 'Silvinia Sanguinetti - Senior UXUI Designer Resume 2023.docx', 'Thanh Pham - Drupal Developer Resume 2023.docx', 'Vijaya Prasad - Project Manager Resume 2024.docx', 'Vijaya Prasad - Web Producer Resume 2023.docx', 'Adam Frazin - Technical Architect Resume 2024.docx', 'Andra Abramson - Senior Content Strategist Resume 2024.docx', 'Andrew Benbow - Web Developer Resume 2024.docx', 'Bishal KC - Enterprise Architect Resume 2024.docx', 'Brian Coffelt - Software Engineer Resume 2024.docx', 'Brittany Dilts - Front End Developer Resume 2024_updated.docx', 'Carey Erickson - Content Strategist Resume 2024.docx', 'Dan Narkiewicz - DevOps Engineer Resumes 2024.docx', 'Dan Narkiewicz - Technical Director Resumes 2024.docx', 'Daniel Schurman - Project Manager Resume 2024 DAS.docx', 'Eles Curry - QA Engineer Resume 2024.docx', 'Ethan Watson - UX Designer Resume 2024.docx', 'Fred Bigden - Project Manager Resume 2024.docx', 'Fred McMullen - Software Developer Resume 2024.docx', 'Ifeanyi Chukwuemeka Madukaife - Junior Network Engineer Resume 2024.docx', 'Kolleen Jennings - Product Manager Resume 2024.docx', 'LaTrelle Freeman - Project Manager Resume 2024.docx', 'Matthew Schuh Resume - Lead Drupal Developer 2024.docx', 'Checklist .xlsx', 'Acquia D8 - Certified Developer Mustgrave.pdf', 'B. Dilts ED. Letter of Commitment 2022 - Mobomo PDF.pdf', 'Employee Certifications & Clearance - Master.xlsx', 'J. Andriani ED. Letter of Commitment 2022 - Mobomo.pdf', 'K. Huff ED. Letter of Commitment 2022 - Mobomo.pdf', 'Kevin Huff-ScrumAlliance_CSM_Certificate.pdf', 'L Lloyd ED. Letter of Commitment 2022 - Mobomo PDF.pdf', 'LLloyd-ScrumAlliance_CSM_Certificate_5.6.21.pdf', 'M. Wheelock ED. Letter of Commitment 2022 - Mobomo.pdf', 'R Knight SAFe.pdf', 'R. Knight ED. Letter of Commitment 2022 - Mobomo.pdf', 'RKnight-ScrumAlliance_CSM_Certificate_12.21.22.pdf', 'S Mustgrave FE Spec Drupal 9.pdf', 'S Mustgrave- CSM Certificates.pdf', 'S. Mustgrave Acquia D9 - Certified Developer.pdf', 'S. Mustgrave Acquia D9 - Certified Siteuilder  Developer.pdf', 'S. Mustgrave ED. Letter of Commitment 2022 - Mobomo PDF.pdf', 'SMustgrave_Acquia D9 Site Builder_7.12.2021.pdf', 'Resume Completion Checklist.xlsx', 'scope for resume updates 9.29.23.xlsx', 'Quality Assurancce Template Resume 2023.docx', 'Resumes compliance.docx', 'Template Resume - Project Manager.docx', 'Template Resume - Technical.docx', 'Template Resume - Web Producer.docx', 'UX-UI Designer Template Resume.docx', 'Capabilities Matrix Template.xlsx', 'CHS3 RFP - Great Language on Management, PM, Org Structure, Staffing.pdf', '01 DV UNITED PROPOSAL SHELL TEMPLATE.docx', 'Letter of Commitment 2022 - DVU.docx', 'NEW DV United Proposal Shell.docx', 'Past Performance Template - DVU.docx', 'Template Resume 2022 - DVU.docx', 'Go Live Checklist-for-federal-websites-and-digital-services .xlsx', 'hhs-508-webapps-checklist.xlsx', 'Kickoff Meeting Template.pptx', 'Letter of Commitment 2022 - Mobomo.docx', 'Mobomo Cover Letter Template.docx', 'Mobomo Data Call.docx', 'Past Performance Template.docx', 'Pink Draft Content Development Template - requirement, feature, benefit, proof point.docx', 'Proposal Cover Template.docx', 'Proposal Shell Updated 2022.docx', 'Proposal Writing Shell Template.docx', 'Proposals Cover Template - ALTERNATE.docx', 'Proposals Cover Template - ORIGINAL.docx', 'Questions Template for RFP-RFQ.xlsx', 'Red Team Review Score Card.docx', 'DevOps Template Resume.docx', 'Front End Developer Template Resume.docx', 'Jeff Beagley - Technical Architect Resume 2023.docx', 'Mobomo Resume Process 1192023.docx', 'Template Resume 2022.docx', 'BPTW Open-ended & Scaled Custom Survey Items - Customizable Questions to add to Survey.xlsx', 'BPTW Participation Guide INC - Step by Step Guide for Us To Follow .pdf', 'BPTW Promotion Guide - How to Promote Survey to Employees.pdf', 'Invite Upload_2023 Revised - QWP Employee Email addresses.xlsx', 'REG_INC_2024 Survey Setup Questionnaire.docx', 'Standard Survey_INC_2024.pdf', 'DrupalGovCon-handout-Ryan_compressed.pdf', 'DrupalGovCon-handout-Tom_compressed.pdf', 'Digital Services Coalition Member Spotlight.docx', 'Draft Drupal4Gov Days Partnership Agreement.docx', 'GovCon_Intro_Draft_mp.docx', 'Keynote Speech Framework.docx', 'MOBOMO.Marketing-blurb-2023.docx', 'Questions to ask Drupal GovCon Planning Committee.docx', 'Social Media Posts.docx', "We're Hiring.pdf", 'Case Study Form for Drupal v1.docx', 'Online Case Study Form Template.docx', 'Daylight Savings Day.png', 'Happy Holidays.png', 'Holiday Post Scope 10.6.23.xlsx', 'Holiday Posts Drafts 10.18.23.docx', 'Linkedin - Holidays2023-01.png', 'Linkedin - Thanksgiving2023.ai', 'Linkedin - VADay-01.png', 'Martin Luther King Day.png', 'Partner Gift List 2023.docx', "Presidents' Day.png", 'Thanksgiving 2023.png', 'Thanksgiving.jpg', 'US Navy 248th Birthday.docx', 'Mobomo Profile Page Content.docx', '2023 Greater Washington Government Contractor Awards v2.docx', '2023 Greater Washington Government Contractor Awards.docx', 'Intellibridge Nomination for Mobomo for Orange Slices 2024 Elev8 GovCon.docx', 'Orange Slice Nomination Form.docx', 'Orange Slices Media Kit 2023 (2) (1).pdf', 'Orangeslices ad ideas.docx', 'Sierra7 Nomination for Mobomo for Orange Slices 2024 Elev8 GovCon.docx', 'SMX - PRAC Nomination for Mobomo for Orange Slices 2024 Elev8 GovCon.docx', 'Vega Award Write Up for TetraTech.docx', 'Web Excellence 2023 Content for Application MBN.docx', 'Web Excellence 2023 Content for Application.docx', 'MBM-Capabilities-2023_compressed.pdf', 'Clutch Reference Process for Project Managers -- Program Directors.docx', 'Clutch Review Process for Project Managers -- Program Directors.docx', 'Drupal 7,9, to 10 messaging updates.docx', 'Swag.docx', 'Ideas for Enterprise Level Marketing Plan Development.docx', 'Mobomo Website Audit_ July.21.2022.docx', 'pp presentation for marking.docx', 'AI Blog Drafts v1.docx', 'Blurb Ideas for Graphics team.docx', 'Document.docx', '1.911 - 1200x628 – 1.png', '1.911 - 1200x628 – 2.png', '1.911 - 1200x628 – 3.png', '1.911 - 1200x628.png', '11 - 1200x1200 – 1.png', '11 - 1200x1200 – 2.png', '11 - 1200x1200 – 3.png', '11 - 1200x1200.png', 'Drupal End of Life nov2023 (1).aep', 'Drupal Migration AD 2021 - Landscape.mp4', 'Drupal Migration AD 2022 - Landscape.mp4', 'LOGO - landscape fill - 1200x300.png', 'LOGO - landscape out - 1200x300.png', 'LOGO - square fill - 1200x1200.png', 'LOGO - square out - 1200x1200.png', 'LOGO - square out knock - 1200x1200.png', 'tmpAEtoAMEProject-Drupal Migration AD 2021 - Landscape.aep', 'Linkedin_ – 6@2x.png', 'Linkedin_ – 7@2x.png', 'Linkedin_ – 8@2x.png', 'Linkedin_ – 9@2x.png', 'notes.docx', 'What are the impacts of not doing the upgrade from D7.docx', 'LinkedIn Traffic Stats.docx', 'LinkedIn Traffic Stats.pdf', 'Document.docx', 'Mobomo Gadgets_Christmas.mp4', 'We Are Hiring Enterprise Architect (1).mp4', 'We Are Hiring FrontEndWebDev.mp4', 'We Are Hiring REACT dev.mp4', 'We Are Hiring SeniorSofwareDev.mp4', 'We Are Hiring SeniorWebProd-b.mp4', 'We Are Hiring SeniorWebProd.mp4', 'We Are Hiring VoiceAppDev.mp4', 'WeAreHiring-Blue-phone-SeniorWordPressDev.mp4', 'Review_Assertions___System_for_Award_Management.png', 'MBN Blog and LinkedIn Post - Web Excellence Award 2023.docx', 'USGS Store - Sierra7 Approved Blogpost Content.docx', 'USGS Store Blog and LinkedIn Post - Web Excellence Award 2023.docx', 'AI adoption on Design.docx', 'AI Adoption track changes.docx', 'AI Overrun DRAFT for BL review.docx', 'certs explained.docx', "ChatGPT's Boundless Frontier_ A Symphony of Sight, Sound, and Conversation.docx", 'GovCon Blog Draft v1.docx', 'Is your Website AI-Friendly_ (Or_ How To Markup your Site for ChatGPT).docx', 'Acquia_Mobomo SME interview - GR markup.docx', 'CDC - Infographic-01.png', 'CDC Launches STI Treatment (Tx) Guide Mobile App.docx', 'Clutch – CDCSTi.png', 'Content Management Governance_Blog Post.docx', 'Customer Experience .docx', 'Customer Experience v2.docx', 'Customer Experience v3.docx', 'Designing for the Metaverse -G 4.14.22 Clean.docx', 'Blog_content.png', 'Blog_featured.png', 'CKeditor.com-customizable@2x-0f07da6abc.png', 'Drupal 10.docx', 'Drupal End of Life Final Extension.docx', 'Engineering and Artistry – Designing the Modern-Day Mona Lisa.docx', '2022-11-04 - IOS 16 New Features.zip', 'Blog_content-2.png', 'Blog_featured-2.png', 'Document.docx', 'IOS 16 UX Blogpost.pdf', 'Altnerate Heading.docx', 'Altnerate Heading.pdf', 'Case Study 12.1.21.docx', 'M3 Case Study Edits.docx', 'M3 Case Study Edits.pdf', 'M3 Past Performance for Proposal 11.15.docx', 'Template Case Study Layout.png', 'ONR Case Study.docx', 'The Awakening of AI.docx', 'Blog - USGSPass Content.png', 'Blog - USGSPass Featured.png', 'USGS Store Traffic Surge.docx', 'USWDS compliant.docx', 'Zipper Sprints Authored by Adam Frazin.docx', 'AACC Blog Post.docx', 'Potomac Haven Wins Government Contract for Digital Services - Oct 2022.docx', 'Press Release Potomac Haven Wins Government Contract for Digital Services .docx', 'CAAPS ECA Press Release 3.2024.docx', 'CAAPS ECA Press Release v2.docx', 'CAAPS ECA Press Release.docx', 'Clutch Global Winners Template 2023.docx', 'CMMI Press Release Final.docx', 'Drupal Diamond Press Release.docx', 'Drupal Diamond Press Release2.docx', 'Linkedin(1).png', 'Inc 5000 Press Release revision.docx', '0110786_ENG_Mobomo, LLC (3).pdf', 'AuditSummary-ENG_CMPY-136599_ACTY-2020-427151-Final (1).pdf', 'Content (2).png', 'Featured-S.png', 'ISO Audit Results Press Release 3.2024.docx', 'Thumbnail (2).png', 'Blog -  MBN.png', 'Blog - MBN Content – 1.png', 'O&M .docx', 'Blog -  SAWA.png', 'Blog - SAWA.png', 'PRESS RELEASE - MBN Radio Sawa.docx', 'Mobomo - Sierra7 LEAF Announcement.docx', 'Potomac Haven Wins Government Contract for Digital Services - Oct 2022.docx', 'ProTech Fisheries 2.0 Press Release 3.2024.docx', 'Blog - SWIFT Content.png', 'Blog - SWIFT Featured.png', 'Dev SWIFT Mobomo press release 10192022.docx', 'Blog - USDA Content.png', 'Blog - USDA.png', 'USDA Writeup.docx', 'WBJ Small Biz.docx', 'Blog_content  - Sentinel.png', 'Blog_featured - Sentinel.png', 'Case Study Sentinel FINAL.docx', 'Case Study Sentinel.docx', 'Fit Mask - AR Details + Technical Hurdles.docx', 'Letter to CDC.docx', 'Mobomo labs cse study - notes from conference call.docx', 'Mobomo Timeline on Website.docx', 'NASA Case Studies for Website--draft.docx', 'NASA Case Study for Website (2).docx', 'NASA Science Scope of Work from Dropbox.pdf', 'Notes for Table on Drupal Leap page.docx', 'Notes from Capabilities Doc Meeting.docx', 'Paragraph on Web Excellence Awards - revised.docx', 'Paragraph on Web Excellence Awards.docx', 'MBM Capabilities 2023.docx', 'Proposal Pipeline.xlsx', 'Document Control Record.xlsx', 'AO Questions.xlsx', 'Attachment 1-Court Toolbox SME SOW  (1).pdf', 'Attachment 2-Court Toolbox Required Website Content U.S. District Court.pdf', 'Attachment 3-U.S. Courts Public Websites_Screenshots and URLs.pdf', 'Attachment 4- JNet Assessment and Strategic Planning SOW.pdf', 'Attachment 5-JNet IA-Sitemap.pdf', 'Attachment 6-JNet Screenshots .pdf', 'Attachment 7 - Court Toolbox Price Sheet.xlsx', 'Attachment 8 - JNET Price Sheet.xlsx', 'USCA22Q0196-issued Sep 30.pdf', 'Attachment 1 - SLAs_11102022.1669751890210.docx', 'Attachment 2 - Section B_V2 - Supplies or Services and Prices.1670619377548 (1).xlsx', 'Combined Questions and Answers_12092022.1670619357244.pdf', 'Tab 6 - Attachment 2 - Section B.1669751901137.xlsx', 'US Courts Linda William Web Operations and Support Services GSA eBuy!.mht', 'USCA22Q0129 Web Operations and Support Svcs_V2.1669751877906 (3).pdf', 'USCA22Q0129 Web Operations and Support Svcs_V2.1669751877906 - MARK UP.pdf', 'USCA22Q0129-0001 Web Operations and Support Svcs.1669763966471 - MARKUP.pdf', 'USCA22Q0129-0001 Web Operations and Support Svcs.1669763966471.pdf', 'Volume II - Technical Quotation - RFQ USCA22Q0129 - Mobomo LLC - CONTENT ONLY.docx', 'Volume II - Technical Quotation - RFQ USCA22Q0129 - Mobomo LLC - v2.docx', 'Volume II - Technical Quotation - RFQ USCA22Q0129 - Mobomo LLC - v3 content onnly.docx', 'Volume II - Technical Quotation - RFQ USCA22Q0129 - Mobomo LLC.docx', 'Volume I - Business Quotation - RFQ USCA22Q0129 - Mobomo LLC.docx', 'Volume II - Technical Quotation - RFQ USCA22Q0129 - Mobomo LLC .docx', 'ActioNet US Courts - Mobomo NDA_AN edit_Final_AN signed (1).pdf', 'Business Volume Cover Template.docx', 'Data Call 1 US Courts RFQ - Corp. Information  .docx', 'Data Call 3 US Courts RFQ - Past Performance .docx', 'Data Call 4 US Courts RFQ - Key Personnel.docx', 'Data Call 1 US Courts RFQ - Corp. Information .docx', 'Data Call 2 US Courts RFQ - Requirements Content.docx', 'Data Call 3 US Courts RFQ - Past Performance.docx', 'Data Call 4 US Courts RFQ - Key Personnel.docx', 'Technical Volume Cover Template.docx', 'US Courts CLIN Price Updates.xlsx', 'US Courts Pricing 12272022.xlsx', 'US Courts Web Operations Support Services PWIN.xlsx', 'Attachment 2 - Section B_V2 - Supplies or Services and Prices.1670619377548.xlsx', 'Volume I - Business Quotation - RFQ USCA22Q0129 - Mobomo LLC.docx', 'Volume I - Business Quotation - RFQ USCA22Q0129 - Mobomo LLC.pdf', 'Volume II - Technical Quotation - RFQ USCA22Q0129 - Mobomo LLC .docx', 'Volume II - Technical Quotation - RFQ USCA22Q0129 - Mobomo LLC .pdf', 'AO - Web Ops and Support Svcs Internal Proposal Checklist.xlsx', 'Debrief of Courts Proposal Feedback.docx', 'Mobomo debriefing from Linda Williams.pdf', 'US Courts Debriefing.docx', 'BCH 2022 National Fall Media_091422.pptx', "Boston Children's Digital Marketing Agency Scope - National Campaign 8.10.22_updated.docx", 'FinalCreative_091422.pdf', "Outline for Proposal Provided by Boston Children's Hospital.docx", 'Cover.docx', 'Proposal Shell Updated 2022.docx', 'Attachment 1 - BPA Terms and Conditions - Web Support and Development Services.1655123468571.pdf', 'Attachment 2 - Performance Work Statement - BABC1321-22-00081.1655123468269.pdf', 'Attachment 3 - Price Schedule Template - RQ1555238 -6-13-2022.1655123467540.xlsx', 'Attachment 4 - Past Performance Questionnaire.1655123481816.pdf', 'Attachment 5- Question Template - RQ1555238.1655123467442.xlsx', 'Attachment 6 - Labor Category Descriptions - RQ1555238.1655123467949.pdf', 'Mod 3- RFP - Web Support and Development Services - BABC1321-22-00081.1655123468585.pdf', 'Amendment 1 - RFQ - Web Support and Development Services - BABC1321-22-00081.1651501281439.pdf', 'Amendment 1 Comparison.pdf', 'Notice to Potential Vendors .1652816669252.pdf', 'Past Performance Questionnaire.1651251180166.pdf', 'Performance Work Statement - BABC1321-22-00081 - FINAL.1651251171154.pdf', 'Price Table Template - BABC1321-22-00081.1651251266981.doc', 'RFQ - Web Support and Development Services - BABC1321-22-00081 - FINAL.1651251162042 (annotated).pdf', '[Compare Report] Mod 3- RFP - Web Support and Development Services - BABC1321-22-00081.1655123468585.pdf', 'DOC BEA Web Support and Dev Price Rough Draft v1.docx', 'DOC BEA Web Support and Dev Price Schedule Rough Draft v1.xlsx', 'DOC BEA Web Support and Dev Tech and PP Proposal Rough Draft v1.docx', 'DOC BEA Web Support and Dev Tech_PP_Cost Rough Draft v1.docx', 'Mobomo LLC_Questions Regarding RFQ BABC1321-22-00081.xlsx', 'Mobomo_Past Performance Questionnaire.1651251180166 MERP Systems Subcontractor.pdf', 'GSA Rates.PDF', 'MERP Capabilities.docx', 'MERP Logo.html', 'MERP Solutions.docx', 'Resume_Ali Ali (MERP).docx', 'SharePoint intranet.docx', 'Mobomo LLC_Questions Regarding RFQ BABC1321-22-00081.xlsx', 'Mobomo_LLC_Attachment 5- Questions - RQ1555238.1655123467442.xlsx', 'BEA Internal Proposal Checklist.xlsx', 'CDC - D1._200-2021-F-12792_COsigned (1).pdf', 'OY2 - Notice of Intent to Exercise Option -MOBOMO 75D30121F12792_COsigned.pdf', 'Request for Quotation - 75D301-21-Q-73824_7-26-21.1627321176442 (3) (1).pdf', 'Request_for_Additional Info_Mobomo_090221_COsigned (1).pdf', 'CDC STI PWIN.xlsx', 'Mobomo Response _  Revised Business Quotation_ RFQ# 75D301-21-Q-73824 CDC STI Application.xlsx', 'Mobomo Revised Technical Quotation - CDC STI Application - 9_7_21 (1).docx', 'Mobomo Revised Technical Quotation - CDC STI Application - 9_7_21.pdf', 'D2_b._SF-30 - FE.pdf', 'D2_b._SF-30-12792-FE.pdf', 'Questions for CDC - User Testing Tool Platform 75D301-24-Q-77519.xlsx', 'RFQ 75D301-24-Q-77519_User Testing Tool Platform.1710439338173.doc', 'CDC - User Testing Tool Platform RFQ No. 75D301-24-Q-77519 -- Mobomo -- Business Volume.docx', 'CDC - User Testing Tool Platform RFQ No. 75D301-24-Q-77519 -- Mobomo -- Technical Volume.docx', 'RFQ ONC Web ReDesign (1).pdf', 'RFQ ONC Web ReDesign.pdf', 'Sources Sought HHS HealthIT.gov.docx', 'Sources Sought HHS HealthIT.gov.docx', 'Sources Sought HHS HealthIT.gov.pdf', 'Attachment 1 - APPLICATION DEVELOPMENT MILESTONES.pdf', 'Attachment 2 - OFFEROR REPRESENTATIONS AND CERTIFICATIONS.docx', 'Attachment 3 - SECTION 508 PRODUCT ASSESSMENT TEMPLATE.xlsx', 'Links.txt', 'NCI Statement of Work.pdf', 'NOAA_NMFS_Application_Dev_AttainX_-_Mobomo_TA_FE.pdf', 'Attachment 1 - 2023-NIMH-OSPPC-ECB-Web-Coding-Support_v3 (1).pdf', "Mobomo's Questions for NIMH.xlsx", 'RFP w Attachments (1).pdf', 'NIMH - Mobomo Response Volume I.docx', 'NIHMH NIDA PWIN 8042023.xlsx', 'INSTRUCTIONS TO OFFERORS COMMODITY.OD.DTR (002)[29].pdf', 'SOW_361.pdf', 'DV United Proposal EDI-GEM-TMC RFQ.docx', 'NIH EDI PWIN.xlsx', 'DV United Proposal EDI-GEM-TMC RFQ C-91122-DV.pdf', 'DV United Proposal EDI-GEM-TMC RFQ.pdf', 'RFQ 231447 Attachment 1 - Performance Work Statement.1688745921273.pdf', 'RFQ 231447 Attachment 2 - Terms and Conditions.1688745950392.pdf', 'RFQ 231447 Attachment 3 - Ktr COI Submission Template.1688745952457.docx', 'RFQ 231447 Attachment 4 - NDA for Ktr Employees.1688745954970.pdf', 'RFQ 231447 Attachment 5 - Quote Instructions.1688745964837.pdf', 'RFQ 231447 Attachment 6 - Evaluation Criteria.1688745964476.pdf', 'RFQ 231447 Attachment 7 - VPAT.1688745972353.docx', 'RFQ 231447 Attachment 8 - Pricing Template REV.1689861368126.xlsx', 'RFQ 231447 Attachment 8 - Pricing Template REVISION.1689861368126.xlsx', 'RFQ 231447 Attachment 8 - Pricing Template.1688745971036.xlsx', 'RFQ 231447 Cover Letter HCD Illustration Services.1688745920607.pdf', 'RFQ 231447 Questions and Answers.1689796252284.pdf', 'OBRHI HCD RFQ 231447 - Mobomo Response Volume I - Technical.docx', 'OBRHI HCD RFQ 231447 Mobomo Response Volume II - Business.xlsx', 'OBRHI HCD RFQ 231447 Mobomo Response Volume III - COI.docx', 'CMS HCD ILLISTRATION PWIN.xlsx', 'OBRHI HCD RFQ 231447 - Mobomo Response - Volume 1 v1.docx', 'OBRHI HCD RFQ 231447 - Mobomo Response - Volume 1.docx', 'OBRHI HCD RFQ 231447 - Mobomo Response - Volume 1_mp.docx', 'OBRHI HCD RFQ 231447 - Mobomo Response - Volume I - Prepped for 508 Compliance Check.docx', 'OBRHI HCD RFQ 231447 - Mobomo Response - Volume I - Prepped for 508 Compliance Check.pdf', 'OBRHI HCD RFQ 231447 - Mobomo Response Volume I - Technical v2.docx', 'OBRHI HCD RFQ 231447 Mobomo Response Volume III - COI for 508 Compliance.pdf', 'OBRHI Vol. 1 Cover.docx', 'OBRHI Vol. 1 Cover.pdf', 'VPAT Draft.doc', 'EBuy Confirmation of Submission.pdf', 'OBRHI HCD RFQ 231447 - Mobomo Response Volume I - Technical.pdf', 'OBRHI HCD RFQ 231447 Mobomo Response Volume II - Business.xlsx', 'OBRHI HCD RFQ 231447 Mobomo Response Volume III - COI.pdf', 'Attachment 1 - SOO_WECMS 2.0.1683656643103 (1).pdf', 'Attachment 2 - Contractor-Offeror COI.1683656721279.pdf', 'Attachment 3 Pricing Template.1683656797732.xlsx', 'Attachment 4 Consent to Subcontract.1683656815936.pdf', 'RFQ-CMS-2023-231033_WECMS 2.0.1683656618032.pdf', 'SOO Attachment A - WETG Agile Handbook.1683656660286.pdf', 'SOO Attachment B - WETG DevOps Handbook.1683656680506.pdf', 'SOO Attachment C - WETG Data Architecture Handbook.1683656700728.pdf', 'WECMS GovWin IQ - 227016 - WEB EXPERIENCE AND CONTENT MANAGEMENT SERVICES\xa0(WECMS).pdf', 'WECMS Shred.docx', 'Brief Explanation - Mobomo (2).pdf', 'CivicActions WECMS.pdf', 'Market Research Meeting Invitation WECMS 2.0 Mobomo Final.pdf', 'Mobomo-CMS-Feb-3.pdf', 'WECMS GovWin IQ - 227016 - WEB EXPERIENCE AND CONTENT MANAGEMENT SERVICES\xa0(WECMS).pdf', 'ATTACHMENT+1+SASS-+DHS+_CBP+Terms+Conditions+Final.docx', 'ATTACHMENT+2+SASS-+SOW+Final.docx', 'ATTACHMENT+3+SASS-+Pricing+Template+Final.xlsx', 'F2021055322.PDF', 'GovWin IQ - 225041 - SOFTWARE APPLICATIONS SUPPORT SERVICES\xa0(SASS).pdf', 'RFQ-+SASS_BPA+Final.docx', 'DHS CPB SASS Internal Proposal Checklist.xlsx', 'Proposal Process Checklist.xlsx', '2.2.1- 70B06C23R00000121 A0001_ (SF30)_ss28Aug2023.pdf', '2.2.1- FINAL RFP_70B06C23R00000121_18Aug2023.pdf', '2.2.1- RFP 70B06C23R00000121 A0001_QAs - _28Aug2023.xlsx', '2.2.1- RFP 70B06C23R00000121 A0001_TERMS AND CONDITIONS.docx', '2.2.1- RFP ATTACHMENT 1- SOO_70B06C23R00000121 A0001_28Aug2023.docx', '2.2.1- RFP ATTACHMENT 2_70B06C23R00000121 A0001 PRICING WORKSHEET SCHEDULE.xlsx', '2.2.1- RFP ATTACHMENT 3_70B06C23R00000121_PRIOR EXPERIENCE QUESTIONNAIRE.docx', '2.2.1- RFP ATTACHMENT 4_70B06C23R00000121_PAST PERFORMANCE QUESTIONNAIRE.docx', '2.2.1- RFP ATTACHMENT 5_70B06C23R00000121_PWS Example.docx', '2.2.1-_RFP_ATTACHMENT_1-_SOO_70B06C23R00000121_A0001_28Aug2023.docx.docx', 'Deleted Attachments.txt', '2.1.1-+DRAFT+70B06C23R00000121+1449+and+T&Cs+-WCD+Mobile+App_25July2023.pdf', '2.1.1-+DRAFT+70B06C23R00000121+1449+and+T&Cs+-WCD+Mobile+App_27July2023.pdf', 'ATTACHMENT_+DRAFT+70B06C23R00000121+Wellness+App+PAST+PERFORMANCE+QUESTIONNAIRE_.docx', 'ATTACHMENT_DRAFT+70B06C23R00000121+PRICING+WORKSHEET+SCHEDULE.xlsx', 'ATTACHMENT_DRAFT+70B06C23R00000121_Prior+Experience+Questionnaire+(CEQ)+JS_ss24July2023.docx', 'ATTACHMENT_DRAFT+70B06C23R00000121_Prior+Experience+Questionnaire+(PEQ) (1).docx', 'ATTACHMENT_DRAFT+70B06C23R00000121_SOO_WCD+Mobile+App_CBP+Wellness+Program_20140073.docx', 'CBP GovWin IQ - 231272 - WORKFORCE CARE TECHNOLOGY MOBILE APPLICATION\xa0(WFC).pdf', 'CBP SAM.gov.pdf', 'CBP Wellness Mobile App ContractData-20230705-034028.pdf', 'CBP Wellness mobile app Forecast Record _ Acquisition Planning Forecast System.pdf', 'CBP Wellness Mobile App GovWin IQ - 231272 - WORKFORCE CARE TECHNOLOGY MOBILE APPLICATION\xa0(WFC).pdf', 'ContractData-20230726-101948.pdf', 'GovWin IQ - 231272 - CBP WORKFORCE CARE WELLNESS MOBILE DEVICE APPLICATION.pdf', 'RFICBP23WCD00000003_Workforce+Care+App+RFl+28+Apr.docx', 'CBP Wellness App Shred mp.docx', 'henry-ford-health-system-zero-suicide-guidelines-2019.pdf', 'Mission Daybreak Challenge - Sentinel Solution and Appendix - Mobomo.Clearspeed.WarriorBonfire.pdf', 'Mobomo Mission Daybreak Writing Shell Outline.docx', 'VA Suicide prevention Firearm Safety.docx', 'VA Suicide Prevention.pdf', 'VA Suicide prevention.pptx', '1.4_ACTS_RFP_Attach_4_Acq_Risk_Questionnaire (2).pdf', 'ATT+U+-+Labor+Category+Position+Descriptions.pdf', 'KMP Addendum 582023.docx', 'NAICS PSC SIC Codes ACTS 032323.docx', '1.4_ACTS_RFP_Attach_4_Acq_Risk_Questionnaire Final TMD.pdf', 'Mobomo - dd0441.pdf', 'NDA_CISA_ACTS_10122022 (1).pdf', 'Non Disclosure Agreement J Schulte.pdf', 'Peraton ACTS Rates justification crosswalk.xlsx', 'Peraton ACTS SubK Rate Request_Mobomo.xlsx', 'Forecast Record _ Acquisition Planning Forecast System.pdf', 'GovWin IQ - 222342 - CISA DIGITAL TRANSFORMATION SUPPORT\xa0(CDTSS).pdf', 'PCCA-23-00012 CDTSS Sources Sought 28 Nov 22.1669724534500.pdf', 'PCCA-23-00012 CDTSS Sources Sought 30 Nov 22.1669819131874 (1).pdf', 'PCCA-23-00012 Draft Statement of Work_28 Nov 22.1669724472621 (1) conv.docx', 'PCCA-23-00012 Draft Statement of Work_28 Nov 22.1669724472621.pdf', 'Capabilities Matrix CISA DTSS.xlsx', '70RTAC24Q00000011_A0001_SF30.1709671434621.pdf', 'Attachment 1 - Statement of Work_revised 03.05.2024_CLEAN.1709671469742.pdf', 'Attachment 1 - Statement of Work_revised 03.05.2024_Track Changes.1709671469747.docx', 'Attachment 2 - Inst. to Quoters_Eval Criteria_revised 03.05.2024_CLEAN.1709671502696.pdf', 'Attachment 2 - Inst. to Quoters_Eval Criteria_revised 03.05.2024_Track Changes.1709671498030.docx', 'Attachment 4 - Pricing Worksheet_revised 03.05.2024.1709671550207.xlsx', 'Attachment 5 - RFQ Questions  Responses_03.05.2024.1709671549700.xlsx', 'Attachment 6 - Pre-Quotation Conference Instructions and Invitation.1709671550168.docx', 'HSIN Amendment 1.pdf', 'Attachment 1 - Statement of Work_revised 03.07.2024_CLEAN.1709840214232.pdf', 'Attachment 1 - Statement of Work_revised 03.07.2024_Track Changes.1709840213895.docx', 'Attachment 2 - Inst. to Quoters_Eval Criteria_revised 03.07.2024_CLEAN.1709840251827.pdf', 'Attachment 2 - Inst. to Quoters_Eval Criteria_revised 03.07.2024_Track Changes.1709840251259.docx', 'Attachment 5 - RFQ Questions  Responses_03.07.2024.1709840281013.xlsx', 'Attachment 5 - RFQ Questions  Responses_03.13.2024.1710335881508.xlsx', 'Attachment 6 - Pre-Quotation Conference Instructions and Invitation_revised 03.07.2024.1709840299351.docx', 'Attachment 7 - Pre-Quotation Conference Slides - HSIN Modernization_03.11.24.1710335906670.pdf', '70RTAC24Q00000011_SF1449.1708446019729.pdf', 'Attachment 1 - Statement of Work_2.20.2024.1708446019858.docx', 'Attachment 2 - Inst. to Quoters_Eval Criteria_2.20.2024.1708446019469.docx', 'Attachment 3 - Past Performance Rating Form_2.20.2024.1708446019524.pdf', 'Attachment 4 - Pricing Worksheet_2.20.2024.1708446019505.xlsx', 'HSIN Forecast Record _ Acquisition Planning Forecast System (1).pdf', 'HSIN GSA eBuy!.pdf', 'Mobomo Questions for DHS HSIN.xlsx', 'RFQ # 70RTAC24Q00000011 – Questions from Mobomo.xlsx', '.DS_Store', 'DHS HSIN RFI 4222022.docx', 'DHS HSIN RFI 4232022 248PM.docx', 'DHS HSIN RFI 4242022 230PM TMD.docx', 'DHS HSIN RFI FINAL 4252022.pdf', 'DHS HSIN RFI FINAL with Ed update 4252022.docx', 'DHS HSIN RFI FINALK 4252022.docx', 'HSIN SAM.gov.pdf', 'Draft_SOO_HSIN_Project_Phoenix_(8Apr22).pdf.pdf', 'GovWin IQ - 217871 - DHS HSIN PHOENIX PLATFORM REPLACEMENT PROJECT.pdf', 'HSIN Forecast Record _ Acquisition Planning Forecast System.pdf', 'HSIN SAM.gov.pdf', 'RFI_HSIN_Phoenix_(8Apr22).pdf.pdf', '7. ITA CPARS Final 1-2024 (1).pdf', 'Attachment 3 - Past Performance Rating Form_2.20.2024.1708446019524 ITA.pdf', 'Attachment 3 - Past Performance Rating Form_2.20.2024.1708446019524 NOAA.pdf', 'Attachment 3 - Past Performance Rating Form_2.20.2024.1708446019524_ICE NDTC (1) (002).pdf', 'CPARS-NOAA-7_13_21 (2).pdf', 'Dev_ICE NDTC _HSIN PP Reference.docx', 'HSIN Technology Modernization Platform - Mobomo - Volume V - Pricing Worksheet.xlsx', 'HSIN Technology Modernization — Platform - Mobomo - Volume I.docx', 'HSIN Technology Modernization — Platform - Mobomo - Volume II.docx', 'HSIN Technology Modernization — Platform - Mobomo - Volume III.docx', 'HSIN Technology Modernization — Platform - Mobomo - Volume IV.docx', 'HSIN Technology Modernization — Platform - Mobomo - Volume V.docx', '70RTAC24Q00000011_SF1449.1708446019729 SIGNED.pdf', 'Dev_ICE NDTC _HSIN PP Reference.docx', 'DHS HSIN PWIN.xlsx', 'HSIN Gate 2 0212024.pptx', 'Mobomo - Tetra Tech - Past Performance Rating Form.pdf', 'Mobomo Data Call for Dev - Completed.docx', 'Mobomo Data Call for Dev.docx', 'Proposal Cover Template.docx', 'Dev HSIN Technology Modernization - Platform Mobomo NDA 11272023 FE.pdf', 'Dev_Mobomo_Teaming_Agreement_HSIN_rev1_signed.pdf', 'DHS HSIN Playbook.docx', 'DHS Project HSIN Kickoff.pptx', 'FEMA 508 Forecast Record _ Acquisition Planning Forecast System.pdf', 'FEMA 508 Opp 232606_ DIGITAL ACCESSIBILITY 508 PROGRAM SUPPORT SERVICES _ GovWin IQ.pdf', 'PWIN FEMA Digital Accessibility (508) Program Support Services.xlsx', '140D0418F0081 Award (2).pdf', 'Attachment A - SOW 140D0418Q0068.docx', 'Attachment A - SOW 140D0418Q0068.pdf', 'Attachment B - Pricing Spreadsheet.xlsx', 'Attachment V4 A1.pdf', 'Questions.pdf', 'RFQ 140D0418Q0068 Technical Proposal - FINAL (2).docx', 'RFQ 140D0418Q0068.pdf', 'RFQ A1.pdf', 'Comparison of 2017 SOW and 2023 SOW.docx', 'Infrastructure  - SOW 2023_v3.docx', 'ITA SOW Comparisons 9.1.23. azure v aws.docx', 'Agenda for ITA Re-compete discussion 1132023.docx', 'Attachment A - SOW 140D0418Q0068 conv.docx', 'Attachment A - SOW 140D0418Q0068.pdf', 'ITA Recapture Dossier 20SEP22.docx', 'ITA_Compliance Matrix.xlsx', 'Notes from Internal ITA Meeting 1.13.23.docx', 'Notes from Internal ITA Meeting with Keith Kelly 1.13.23.docx', 'RFQ 140D0418Q0068 Technical Proposal - FINAL (1).docx', 'Attachment B - Pricing Spreadsheet - Draft MC v1.xlsx', 'Attachment B - Pricing Spreadsheet - Draft MC v2.xlsx', 'Attachment B - Pricing Spreadsheet - Draft MC.xlsx', 'International Trade Administration Resume Volume.docx', 'International Trade Administration Resume Volume.pdf', 'USDOC - ITA - Cost Proposal - Mobomo 2023 - DRAFT MC.docx', 'USDOC - ITA - Technical Proposal - Mobomo 2023 Original.docx', 'USDOC - ITA - Technical Proposal - Mobomo 2023 TMD edits reduced.docx', 'ITA Re-compete 6282023 PWIN.xlsx', 'DOC - ITA - IT Infrastructure Svcs - Mobomo Response - Cost Volume.docx', 'DOC - ITA - IT Infrastructure Svcs - Mobomo Response - Resume Volume.docx', 'DOC - ITA - IT Infrastructure Svcs - Mobomo Response - Technical Volume.docx', 'DOC - ITA - IT Infrastructure Svcs - DV United Response - Cost Volume.docx', 'DOC - ITA - IT Infrastructure Svcs - DV United Response - Resume Volume.docx', 'DOC - ITA - IT Infrastructure Svcs - DV United Response - Technical Volume.docx', 'ITA Questions.docx', 'GSA eBuy! (1).pdf', 'GSA eBuy! - RFQ1671890 - Answers - no bid reason on answer to no. 6 - simp. acqu. threshold.pdf', 'PWS  145045240001.1703711972896.docx', 'NOAA - Oceanic Exploration RFQ Draft v1.docx', 'NOAA Ocean Explorer Migration to WordPress Estimation .xlsx', 'Proposal Cover Template.docx', 'Amendment 0001.pdf', 'Amendment 0002.pdf', 'Attachment A - Statement of Work.WebMod.pdf (2).docx', 'Attachment B - Appendix.WebMod.Part 1.pdf', 'Attachment B - Appendix.WebMod.Part 2.pdf', 'Attachment B - Appendix.WebMod.Part 3.pdf', 'Attachment C - Vendor Pricing.Web Mod, Revised..xlsx', 'EA-133F-16-RQ-0522 Business Volume.docx', 'EA-133F-16-RQ-0522 Key Personnel - Mobomo.docx', 'EA-133F-16-RQ-0522 Past Performance - Mobomo.docx', 'EA-133F-16-RQ-0522 Revised Hosting Proposal.docx', 'EA-133F-16-RQ-0522 Technical Approach - Mobomo copy.docx', '1305M220QNFFK0252.1595542476401.docx', 'Amendment 0001.1595590680718.pdf', 'NOAA Comparison.docx', 'Sources Sought.1585078525022.docx', 'Mobomo - NOAA Web Modernization Pricing Template.1595542478098.xlsx', 'Mobomo - NOAA Web Modernization Proposal - 1305M220QNFFK0252.1595542476401 (2).docx', 'Mobomo - NOAA Web Modernization Pricing Template.1595542478098.xlsx', 'Mobomo - NOAA Web Modernization Proposal - 1305M220QNFFK0252.1595542476401 (2).docx', '89603024Q0010 Draft for Mobomo.pdf', 'Attachment 1 - SOW.pdf', 'Attachment 2 - FERC NDA Contractor NDA-Mar 2022.docx', 'Attachment 3 - FERC NDA Contractors Employee Mar 2022.docx', '89603024Q0010 Final - changes highlighted.pdf', 'Attachment 1 - SOW - dated 12142023.docx', 'Attachment 2 - FERC NDA Contractor NDA-Mar 2022 (3).docx', 'Attachment 3 - FERC NDA Contractors Employee Mar 2022 (2).docx', 'Comparison of Original and Final Solicitation Doc.docx', 'FERC_Compliance_Matrix.docx', 'FERC_Outlne.docx', 'FERC_Schedule -v2.docx', 'Mobomo_Response_FERC_WebModernization_RFP (1).docx', 'New RFQ_89603019Q0015_ih113018.docx', 'Questions_and_Responses_-_2018-8-21 (1).xlsx', 'Sources Sought - 12.3.18.pdf', 'FERC Modernization Contract Extension 2023-2028 - Mobomo Response - Volume I - Technical Quotation.docx', 'FERC Modernization Contract Extension 2023-2028 - Mobomo Response - Volume II - Pricing Quotation ADDENDUM 1.docx', 'FERC Modernization Contract Extension 2023-2028 - Mobomo Response - Volume II - Pricing Quotation ADDENDUM 1.pdf', 'FERC Modernization Contract Extension 2023-2028 - Mobomo Response - Volume II - Pricing Quotation.docx', 'FERC Pricing Worksheet.xlsx', 'FERC Modernization Contract Extension 2023-2028 - Mobomo Response - Volume I - Technical Quotation - PINK.docx', 'Attachment 1 - SOW - Mobomo Redlines.docx', 'Attachment 2 - FERC NDA Contractor NDA-Mar 2022 Brian Lacey.docx', 'Attachment 3 - FERC NDA Contractors Employee Mar 2022 - John Goldring.docx', 'Attachment 3 - FERC NDA Contractors Employee Mar 2022 - Kevin Huff.docx', 'Attachment 3 - FERC NDA Contractors Employee Mar 2022 - Matt Wheelock.docx', 'FERC 2023 PP.url', 'Kickoff Meeting Presentation.pptx', 'Mobomo Questions for FERC 2023-2028 Contract Extension.xlsx', 'Proposal Cover Page FERC tech final 1.11.24.docx', 'Proposal Cover Page FERC.docx', 'FERC Modernization Contract Extension 2023-2028 - Mobomo Response - Volume I - Technical Quotation.docx', 'FERC Modernization Contract Extension 2023-2028 - Mobomo Response - Volume I - Technical Quotation.pdf', 'FERC Modernization Contract Extension 2023-2028 - Mobomo Response - Volume II - Pricing Quotation.docx', 'FERC Modernization Contract Extension 2023-2028 - Mobomo Response - Volume II - Pricing Quotation.pdf', 'Email Confirming Receipt of Addendum to Pricing.pdf', 'Final Response Submission Confirmation of Receipt from FERC Email.pdf', 'Final Response Submission Email.pdf', 'FERC Modernization Contract Extension 2023-2028 - Mobomo Response - Volume II - Pricing Quotation ADDENDUM 1.docx', 'FERC Modernization Contract Extension 2023-2028 - Mobomo Response - Volume II - Pricing Quotation ADDENDUM 1.pdf', 'FERC Modernization Contract Extension 2024-2029 - Mobomo Response - Volume I - Technical Quotation.docx', 'FERC Modernization Contract Extension 2024-2029 - Mobomo Response - Volume I - Technical Quotation.pdf', 'FERC Modernization Contract Extension 2024-2029 - Mobomo Response - Volume II - Pricing Quotation.docx', 'FERC Modernization Contract Extension 2024-2029 - Mobomo Response - Volume II - Pricing Quotation.pdf', 'GS-35F-143BA 89603024F0012 Draft.pdf', 'Attachment 1 - SOW - dated 12142023 (3).docx', 'Attachment 2 - FERC Modernization Contract Extension 2024-2029 - Mobomo Response - Vol I - Technical.pdf', 'Attachment 3 - FERC Modernization Contract Extension 2024-2029 - Mobomo Response - Volume II - Pricing.pdf', 'Attachment 4 - FERC Modernization Contract Extension 2024-2029 - Mobomo Response - Vol II - Pricing (Addendum).pdf', 'GS-35F-143BA_89603024F0012_signed.pdf', '22R0056 SF1449.pdf', 'Attachment 1 SOW.docx', 'Attachment 2 Past Performance Questionaire.pdf', 'Attachment 3 Submission Instructions and Evaluation Factors.docx', 'Attachment 4 Questions and Answers received 8-18-22.docx', '2022-057 DV United - Business Volume.docx', '2022-057 ED.gov_Technical (Final).docx', '2022-057 ED.gov_Business Volume_BAFO.docx', '2022-057 ED.gov_Technical_BAFO.docx', 'BAFO Summary of Changes .docx', '2022-057 ED.gov Modernization RED Team Review 081422 (1).docx', 'DVU ed.gov Proposal Revision.docx', 'Excerpts from Tech Volume - Task Areas for TeamSite and Wordpress.docx', 'Mobomo+-+Project+Management+Plan+Template.doc.mht', '2022 ed.gov DVU Proposal Response.docx', 'cover.ai', 'Shell Document with PAGE COUNTS for reference.docx', '01 DV UNITED PROPOSAL SHELL TEMPLATE.docx', '2022-057 DoED Drupal Web Mod - Data Call 1 Corporate_JV Information.docx', '2022-057 DoED Drupal Web Mod - Data Call 2 Past Performance - NOAA.docx', '2022-057 DoED Drupal Web Mod - Data Call 4 Mgmt Approach and Plan.docx', '2022-057 ED.gov - Data Call 3 Drupal Approaches_Best Prac_Exper .docx', '2022-057 ED.gov - Data Call 5 Past Performance Other Information.docx', '2022-057 ED.gov - Mobomo Data Call 6 - 080922.docx', 'Excerpts from Tech Volume.docx', '2022-057 Past Perf Template DVU - NASA.docx', '2022-057 Past Perf Template DVU - NOAA Fisheries.docx', '2022-057 Past Perf Template DVU.docx', '2022-057 ED.gov Business Analyst.docx', '2022-057 ED.gov Project Manager.docx', '2022-057 ED.gov Resume Content Strategist.docx', '2022-057 ED.gov Resume Data Analyst.docx', '2022-057 ED.gov Resume Front End Developer.docx', '2022-057 ED.gov Resume Mid Level Drupal Developer.docx', '2022-057 ED.gov Resume Sr. Drupal Developer.docx', '2022-057 ED.gov Resume Template.docx', '2022-057 ED.gov Resume Visual Designer.docx', 'Graphics for Editing.docx', '._Acquia D8 - Certified Developer Mustgrave.pdf', '._Certs Earned - Gretchen.xlsx', '._J. Andriani ED. Letter of Commitment 2022 - Mobomo.pdf', '._K. Huff ED. Letter of Commitment 2022 - Mobomo.pdf', '._Kevin Huff-ScrumAlliance_CSM_Certificate.pdf', '._L Lloyd ED. Letter of Commitment 2022 - Mobomo PDF.pdf', '._LLloyd-ScrumAlliance_CSM_Certificate_5.6.21.pdf', '._M. Wheelock ED. Letter of Commitment 2022 - Mobomo.pdf', '._R Knight SAFe.pdf', '._R. Knight ED. Letter of Commitment 2022 - Mobomo.pdf', '._RKnight-ScrumAlliance_CSM_Certificate_12.21.22.pdf', '._S Mustgrave FE Spec Drupal 9.pdf', '._S Mustgrave- CSM Certificates.pdf', '._S. Mustgrave Acquia D9 - Certified Developer.pdf', '._S. Mustgrave Acquia D9 - Certified Siteuilder  Developer.pdf', '._S. Mustgrave ED. Letter of Commitment 2022 - Mobomo PDF.pdf', '._SMustgrave_Acquia D9 Site Builder_7.12.2021.pdf', 'Acquia D8 - Certified Developer Mustgrave.pdf', 'B. Dilts ED. Letter of Commitment 2022 - Mobomo PDF.pdf', 'Certs Earned - Gretchen.xlsx', 'J. Andriani ED. Letter of Commitment 2022 - Mobomo.pdf', 'K. Huff ED. Letter of Commitment 2022 - Mobomo.pdf', 'Kevin Huff-ScrumAlliance_CSM_Certificate.pdf', 'L Lloyd ED. Letter of Commitment 2022 - Mobomo PDF.pdf', 'LLloyd-ScrumAlliance_CSM_Certificate_5.6.21.pdf', 'M. Wheelock ED. Letter of Commitment 2022 - Mobomo.pdf', 'R Knight SAFe.pdf', 'R. Knight ED. Letter of Commitment 2022 - Mobomo.pdf', 'RKnight-ScrumAlliance_CSM_Certificate_12.21.22.pdf', 'S Mustgrave FE Spec Drupal 9.pdf', 'S Mustgrave- CSM Certificates.pdf', 'S. Mustgrave Acquia D9 - Certified Developer.pdf', 'S. Mustgrave Acquia D9 - Certified Siteuilder  Developer.pdf', 'S. Mustgrave ED. Letter of Commitment 2022 - Mobomo PDF.pdf', 'SMustgrave_Acquia D9 Site Builder_7.12.2021.pdf', 'Mobomo - NOAA Web Modernization - Project Management Plan (New) (1).docx', 'Attachment 2 Past Performance Questionaire - NASA.docx', '2022-057 ED.gov_Business Volume_BAFO .docx', '2022-057 ED.gov_Business Volume_BAFO.pdf', '2022-057 ED.gov_Technical_BAFO .docx', '2022-057 ED.gov_Technical_BAFO.pdf', 'Confirmation of Submission for RFP C-90770-DV.eml', '2022-057 ED.gov_Business Volume_BAFO - Update to Archiving Task - may30 - V2.docx', '2022-057 ED.gov_Business Volume_BAFO - Update to Archiving Task - may30 - V2.pdf', '2022-057 ED.gov_Business Volume_BAFO - Update to Archiving Task.docx', '2022-057 ED.gov_Business Volume_BAFO - Update to Archiving Task.pdf', '2022-057 ED.gov_Technical_BAFO - Updates to Archiving Task - may30 - V2.docx', '2022-057 ED.gov_Technical_BAFO - Updates to Archiving Task - may30 - V2.pdf', '2022-057 ED.gov_Technical_BAFO - Updates to Archiving Task.docx', '2022-057 ED.gov_Technical_BAFO - Updates to Archiving Task.pdf', '2022-security-and-privacy-requirements-for-information-technology-procurements.1681419767145 (1).pdf', 'DoED PIVOT H GovWin IQ - 223258 - PORTFOLIO OF INTEGRATED VALUE ORIENTED TECHNOLOGIES HOSTING PIVOT H\xa0(PIVOT-H).pdf', 'DoED PIVOT H SAM.gov.pdf', 'PIVOT-H_PWS_Recompete_20230412.1681419771704 (1).docx', 'RFI-ED-OCIO-ETS-FY23-0_PIVOT HOSTING 20230412.1681419756184 (1).xlsx', 'Dept. of Education PIVOT H Shred.docx', '91990023Q0007 (2).pdf', 'B08-RFQ 140M0123Q0005 BOEM Drupal Enhancement Copy.pdf', 'Solicitation - MARK UP.pdf', 'DOI BSEE BOEM RFQ Response v.1.docx', 'Questions RFQ.xlsx', 'NPS RFQ 140P2123Q0222.1691693195151.pdf', '140S0223Q0004 Drupal (1) conv.docx', '140S0223Q0004 Drupal - Converted (1).pdf', '140S0223Q0004 Drupal.pdf', 'Fixed 140S0223Q0004 Drupal - Converted conv.docx', 'OCIO-PAM_Memo_DOI IT Baseline Compliance Contract Guidelines_Signed_08152022.pdf', 'Questions for OSMRE RFP - Mobomo.xlsx', 'Kickoff Meeting Template.pptx', 'Shred and Shell- DOI OSMRE Response v1.docx', 'DOI OSMRE Response - Draft 2.docx', 'DOI OSMRE Response - Draft To Cut for Library Distribution.docx', 'Pricing Information.docx', 'Gantt Chart for DOI - OSMRE Proposal.xlsx', 'Proposal Cover OSMRE.pdf', 'Proposal Cover.docx', 'Proposal Cover.pdf', 'SF1449 needs signature.pdf', 'A02 SOW-Drupal Website Developer.1669151358192 (1).pdf', 'Instructions for Submission.docx', 'P00001 Amendment Questions.1669909090713.pdf', 'DOJ DEA RFQ Response MARKUP.docx', 'DOJ DEA RFQ Response v.1 CLEAN.docx', 'DOJ, DEA, O&M Questions from Solicitation - Mobomo, LLC.xlsx', 'Questions Template for RFP-RFQ.xlsx', 'DEA O&M Pricing.xlsx', 'FINAL RFI SUBMISSION - DOJ DEA O&M RFI Final 1142022.docx', 'DOJ DEA RFQ Response - Mobomo, LLC.docx', 'DOJ DEA RFQ Response - Mobomo, LLC.pdf', 'A28+Solicitation (1).pdf', 'DOJ - DEA - Faces of Fentanyl - Webpage and Kiosk - Mobomo Business Quote - Volume II.docx', 'DOJ - DEA - Faces of Fentanyl - Webpage and Kiosk - Mobomo Technical Quote - Volume I.docx', "Fentanyl SF 1449 - Needs Brian's Signature.pdf", 'Faces of Fentanyl Cover Volume I - Technical Quote conv 1.png', 'Faces of Fentanyl Cover Volume I - Technical Quote.docx', 'Faces of Fentanyl Cover Volume I - Technical Quote.pdf', 'Faces of Fentanyl Cover Volume II - Business Quote conv 1.png', 'Faces of Fentanyl Cover Volume II - Business Quote.docx', 'Faces of Fentanyl Cover Volume II - Business Quote.pdf', 'Faces of Fentanyl Cover.docx', 'Fentanyl SF1449.pdf', 'NOAA_NMFS_Application_Dev_AttainX_-_Mobomo_TA_FE.pdf', '15JPSS22Q00000066 - National FOIA Portal.1657858980771 (annotated).pdf', '15JPSS22Q00000066-A0001 - National FOIA Portal.1658867892612.pdf', '22Q0066 - Appendix 1 - PPQ.1657859116955.docx', '22Q0066 - Attachment 1 - SOO FOIA Wizard.1657859111018.docx', '22Q0066 - Attachment 2 - Pricing Spreadsheet V2.1658867881164.xlsx', '22Q0066 - Attachment 2 - Pricing Spreadsheet.1657859114614.xlsx', '22Q0066 - Attachment 3 - QA Responses.1658867872819.pdf', 'GSA eBuy!.url', '22Q0066 Brief Explanation Mobomo.pdf', 'FOIA Wizard Business Volume Rough Draft v1.docx', 'FOIA Wizard Cover Letter Rough Draft v1.docx', 'FOIA Wizard Past Performance Volume Rough Draft v1.docx', 'NOAA FIsheries 2018-2019.pdf', 'PRAC PPQ.pdf', 'Price Volume - 22Q0066 - Attachment 2 - Pricing Spreadsheet V2.1658867881164 Rough Draft v2.xlsx', 'USAGov 2020-2021.pdf', 'Mobomo-FOIA-demo-meeting-6-10-22.pdf', 'ONR QASP for Reference.pdf', 'PRAC PPQ (1).docx', 'QA.docx', 'QC.docx', 'Quality.docx', 'Sources Sought Notice Number PSSJMD220325 - Mobomo LLC.docx', 'USGS Proposal.docx', 'WBS.docx', 'Mobomo LLC_FOIA Wizard Volume III - Price - 22Q0066 - Attachment 2 - Pricing Spreadsheet V2.1658867881164.xlsx', 'Mobomo_LLC Questions for 15JPSS22Q00000066.xlsx', 'Mobomo_LLC_15JPSS22Q00000066 1449 - signed.pdf', 'Mobomo_LLC_15JPSS22Q00000066-A0001 1449 - signed.pdf', 'Mobomo_LLC_FOIA Wizard - CPARS.pdf', 'Mobomo_LLC_FOIA Wizard Proposal Cover Letter - signed.pdf', 'Mobomo_LLC_FOIA Wizard_Volume I - Business.pdf', 'Mobomo_LLC_FOIA Wizard_Volume II - Past Performance.pdf', 'FOIA Wizard Internal Proposal Checklist.xlsx', 'PASC CAAPs Task Order FINAL REVISED 10 12 22.docx', 'Questions for Clarification - Draft PASC Call Order - Responses 10 12 22.docx', 'Mobomo Administrative Volume I.pdf', 'Mobomo Management Approach Volume III Copy.pdf', 'Mobomo Pricing Volume IV - FINAL.pdf', 'Mobomo Technical Volume II Copy.pdf', 'DOS ECA - PASC Digital Support Services Task Order Technical and Pricing Response with Addendum - Mobomo, LLC.docx', 'DOS ECA - PASC Digital Support Services - Technical and Pricing Task Order Response - Mobomo, LLC.pdf', 'DOS ECA - PASC Digital Support Services - Technical and Pricing.docx', 'DOS ECA - PASC Digital Support Services - Technical and Pricing.pdf', 'DOS ECA - PASC Digital Support Services - Technical Approach v2.docx', 'DOS ECA - PASC Digital Support Services - Technical Approach.docx', 'DOS_ECA CAAPs_TO1 PASC_IB Pricing_102122 - Mobomo addition.xlsx', 'Response to PASC Proposal.docx', 'DOS ECA - PASC Digital Support Services Task Order Technical and Pricing Response - Mobomo LLC.pdf', 'DOS ECA - PASC Digital Support Services Task Order Technical and Pricing Response - Mobomo, LLC.docx', 'DOS ECA - PASC Digital Support Services Task Order Technical and Pricing Response - Mobomo LLC - Revision 11.8.22.docx', 'DOS ECA - PASC Digital Support Services Task Order Technical and Pricing Response - Mobomo LLC - Revision 11.8.22.pdf', '19AQMM24R0058.pdf', 'Anticipated LOE (1).xlsx', 'MRPT Procedures.pdf', 'Performance Work Statement (PWS) 2024- converted to Word.docx', 'Performance Work Statement (PWS).pdf', 'United States Department of State - 2022 vs 2024 PWS Comparison.docx', 'DOS ECA - PASC Digital Support Services Task Order - Mobomo LLC - Pricing Volume.docx', 'DOS ECA - PASC Digital Support Services Task Order - Mobomo LLC - Technical Volume.docx', 'DOS ECA - PASC Digital Support Services Task Order Technical and Pricing Response - Mobomo LLC - Revision 11.8.22.docx', 'DOS ECA - PASC Digital Support Services Task Order - Mobomo LLC - Pricing Volume White Glove.docx', 'DOS ECA CAAPS - Task Order 3 - PASC Digital Support Services - Mobomo LLC - Technical Volume - White Glove.docx', 'DOS ECA CAAPS - Task Order 3 - PASC Digital Support Services - Mobomo LLC - Pricing Volume.docx', 'DOS ECA CAAPS - Task Order 3 - PASC Digital Support Services - Mobomo LLC - Pricing Volume.pdf', 'DOS ECA CAAPS - Task Order 3 - PASC Digital Support Services - Mobomo LLC - Technical Volume .docx', 'DOS ECA CAAPS - Task Order 3 - PASC Digital Support Services - Mobomo LLC - Technical Volume .pdf', '19AQMM23R0290 TM-002 Youth Program Outreach Initiative.pdf', 'Anticipated LOE.xlsx', 'Statement of Objectives (SOO) - Youth Programs Outreach Initiative (1).docx', 'DOS ECA - Youth Programs Outreach Initiative - Pricing Volume v1.docx', 'DOS ECA - Youth Programs Outreach Initiative - Technical Volume v1.docx', 'DOS ECA - Youth Programs Outreach Initiative - Team Mobomo - Volume I - Technical.docx', 'DOS ECA - Youth Programs Outreach Initiative - Team Mobomo - Volume I - Technical.pdf', 'DOS ECA - Youth Programs Outreach Initiative - Team Mobomo - Volume II - Pricing.docx', 'DOS ECA - Youth Programs Outreach Initiative - Team Mobomo - Volume II - Pricing.pdf', '19AQMM23R0042+Evolve+RFP.pdf', 'J-10_Meaningful Relationships.docx', 'J-11_TIP Compliance Plan Checklist.pdf', 'J-13_SB Participation Commitment.xlsx', 'J-14_IT Management REP Form_rev1.docx', 'J-15_IT Management PPQ.docx', 'J-16_Network Telecom REP Form_rev1.docx', 'J-17_Network Telecom PPQ.docx', 'J-18_Cloud Data Center REP Form_rev1.docx', 'J-19_Cloud Data Center PPQ.docx', 'J-20_App Development REP Form_rev1.docx', 'J-21_App Development PPQ.docx', 'J-22_Customer End User PPQ.docx', 'J-23_DDForm254_BIDDERS.pdf', 'J-24_Draft Evolve Ordering Guide (1).docx', 'J-26_Customer End User REP Form_rev1.docx', 'J-27_SCRM Worksheet (1).docx', 'J-28_Small Business SubK Plan.docx', 'J-29_List of Submissions.xlsx', 'J-2_Labor Category Descriptions.docx', 'J-30_Evolve Self-Scoring Sheet SAMPLE_rev1 (3).xlsx', 'J-30_Evolve Self-Scoring Sheet SAMPLE_rev2.xlsx', 'J-31_Certificate for Conflict of Interest.docx', 'J-32_IT PfM Sample Task Order 2022 10 13.docx', 'J-33_Cloud Services Sample Task Order 2022 10 13.docx', 'J-34_ App Dev Sample Task Order 2022 10 13.docx', 'J-35_Network Services Sample Task Order 2022 10 13.docx', 'J-36_Customer Support and Mobile 2022 10 14.docx', 'J-3_Labor Category Skill Level Definitions.xlsx', 'J-4_DEIA Strategic Plan.pdf', 'J-5_Performance Thresholds .docx', 'J-6_Standard Quality Assurance Surveillance Plan.docx', 'J-7_Associate Contractor Agreement Sample.docx', 'J-8_Contractor Company NDA.docx', 'J-9A_Pricing Tables-FC1-IT Mgmt-Options.xlsx', 'J-9B_Pricing Tables-FC2-Cloud Data Center-Options.xlsx', 'J-9C_Pricing Tables-FC3-App Dev-Options.xlsx', 'J-9D_Pricing Tables-FC4-Network Telecom-Options.xlsx', 'J-9E_Pricing Tables-FC5-Customer End User-Options.xlsx', 'Evolve+RFP+19AQMM23R0042.pdf', 'J-10_Meaningful Relationships.docx', 'J-11_TIP Compliance Plan Checklist.pdf', 'J-13_SB Participation Commitment.xlsx', 'J-14_IT Management REP Form_rev1.docx', 'J-15_IT Management PPQ.docx', 'J-16_Network Telecom REP Form_rev1.docx', 'J-17_Network Telecom PPQ.docx', 'J-18_Cloud Data Center REP Form_rev1.docx', 'J-19_Cloud Data Center PPQ.docx', 'J-20_App Development REP Form_rev1.docx', 'J-21_App Development PPQ.docx', 'J-22_Customer End User PPQ.docx', 'J-23_DDForm254_BIDDERS.pdf', 'J-24_Draft Evolve Ordering Guide (1).docx', 'J-26_Customer End User REP Form_rev1.docx', 'J-27_SCRM Worksheet (1).docx', 'J-28_Small Business SubK Plan.docx', 'J-29_List of Submissions.xlsx', 'J-2_Labor Category Descriptions.docx', 'J-30_Evolve Self-Scoring Sheet SAMPLE_rev1 (3).xlsx', 'J-30_Evolve Self-Scoring Sheet SAMPLE_rev2.xlsx', 'J-31_Certificate for Conflict of Interest.docx', 'J-32_IT PfM Sample Task Order 2022 10 13.docx', 'J-33_Cloud Services Sample Task Order 2022 10 13.docx', 'J-34_ App Dev Sample Task Order 2022 10 13.docx', 'J-35_Network Services Sample Task Order 2022 10 13.docx', 'J-36_Customer Support and Mobile 2022 10 14.docx', 'J-3_Labor Category Skill Level Definitions.xlsx', 'J-4_DEIA Strategic Plan.pdf', 'J-5_Performance Thresholds .docx', 'J-6_Standard Quality Assurance Surveillance Plan.docx', 'J-7_Associate Contractor Agreement Sample.docx', 'J-8_Contractor Company NDA.docx', 'J-9A_Pricing Tables-FC1-IT Mgmt-Options.xlsx', 'J-9B_Pricing Tables-FC2-Cloud Data Center-Options.xlsx', 'J-9C_Pricing Tables-FC3-App Dev-Options.xlsx', 'J-9D_Pricing Tables-FC4-Network Telecom-Options.xlsx', 'J-9E_Pricing Tables-FC5-Customer End User-Options.xlsx', 'Solicitation.ZIP', '07.08.22 Evolve DRAFT RFP.pdf', '7.26 Evolve Industry Day Presentation.pdf', '7.26 Listening Session Registrants.xlsx', '8.10 Partnering and SB Participation Session.pdf', 'Evolve DRAFT RFP Questions Form.xlsx', 'Evolve RFI_2 Notice.docx', 'Master Evolve RFI 2 QA.xlsx', 'OneDrive_2022-07-08.zip', 'FAST+Modernization+Mkt+Announcement+3.1.23.pdf', 'Fast+Modernization+Questions.pdf', 'FAST_Modernization_Draft_SOW.pdf', 'Gate Review 0 - FAST WEBSITE PLATFORM MODERNIZATION GovWin ID# 229251.pptx', 'Presentation.pptx', 'DoT FAST Modernization_shred.docx', 'FAST_Modernization_Draft_SOW_word.docx', '693JJ323Q000028_WEB AGILITY 3.0 DRAFT RFQ.1706042238837.docx', 'WEB AGILITY 3.0 DRAFT RFQ.1706042562032.docx', 'A04 - Content Managment System-SOW-RED REVIEWER FILE TO READ.pdf', 'B08 - Instructions to Offerors - GSA.1681405083855.pdf', 'B09 - RFQ 1620683 Q and A .1682711770069.docx', 'Questions Template for RFP-RFQ.xlsx', 'US Fish and Wildlife CMS Drupal design and development 4142023.xlsx', 'Writing style US Fish and Wildlife CMS Drupal project.docx', 'FWS CMS - VOLUME I - Technical Approach RED TEAM REVIEW DOCUMENT.docx', 'Red Team Review Score Card FWS CMS.docx', 'US Fish and Wildlife Services CMS - VOLUME I - Technical Factor 1 and Factor 2.docx', 'USFWS ICRCC Website Rebuild - VOLUME II - Pricing Factor 3.docx', 'CARP-Panels.png', 'FWS CMS - VOLUME I - Technical Approach OLD.docx', 'B08 - Instructions to Offerors - GSA.1681405083855.pdf', 'B09 - RFQ 1620683 Q and A .1682711770069.docx', 'Questions Template for RFP-RFQ.xlsx', 'US Fish and Wildlife CMS Drupal design and development 4142023.xlsx', 'Writing style US Fish and Wildlife CMS Drupal project.docx', 'Doc3.docx', 'Submission Confirmation.docx', 'USFWS ICRCC Website Rebuild - VOLUME I - Technical Factor 1 and Factor 2.docx', 'USFWS ICRCC Website Rebuild - VOLUME I - Technical Factor 1 and Factor 2.pdf', 'USFWS ICRCC Website Rebuild - VOLUME II - Pricing Factor 3.docx', 'USFWS ICRCC Website Rebuild - VOLUME II - Pricing Factor 3.pdf', 'DRAFT+OASIS+Plus+SB+RFP+11-15-2022.pdf', 'DRAFT+OASIS+Plus+UR+RFP+11-15-2022.pdf', 'DRAFT+RFP+Cover+Letter_15+Nov.pdf', 'J-1+Labor+Categories+and+Bureau+of+Labor+Statistics+Standard+Occupational+Classifications.pdf', 'J-2+Transactional+Data+Reporting+and+Contract+Access+Fee.pdf', 'J-3+Cybersecurity+Supply+Chain+Risk+Management+%28C-SCRM%29+Deliverables.xlsx', 'J-4++Department+of+Defense+Required+Provisions+and+Clauses+for+Task+Orders.pdf', 'J.P-1+SB+Representations+and+Certifications+from+Section+K.pdf', 'J.P-1+UR+Representations+and+Certifications+from+Section+K.pdf', 'J.P-10+OASIS%2B+Commercial+Model+Subcontracting+Plan.pdf', 'J.P-11+OASIS%2B+Individual+Model+Subcontracting+Plan.pdf', 'J.P-2+FPDS+Sample_Rev+11.9.2022.pdf', 'J.P-3+Project+Verification+Form.docx', 'J.P-4+OASIS%2B+Domain+Auto-Relevant+NAICS+Codes+and+PSCs.xlsx', 'J.P-5+Functional+Areas+and+Sub-Areas.pdf', 'J.P-6+Past+Performance+Rating+Form.docx', 'J.P-7+GSA527+Contractor+Qualifications+and+Financial+Information.pdf', 'J.P-8+Contractor+Teaming+Arrangements+Work+%26+Qualifications+Template+.pdf', 'J.P-9%2C+OASIS%2B+Domain+Qualifications+Matrix.xlsx', 'Attachment 1 SmartPay Q and A.1691697006654.pdf', 'Attachment 2 Amendment _0001 Invoice Processing Platform.1691697206768.pdf', 'Attachment A_Security and Privacy Requirements for IT Acquisition Efforts CIO-IT Security-09-48.pdf', 'Attachment B_Managing Enterprise Cybersecurity Risk CIO-IT Security-06-30.pdf', 'Attachment C_CIO_21001N_GSA_Information_Technology_Security_Policy.pdf', 'Attachment D - CIO-12-2018 Revision 2 Final_ IT Policy Requirements Guide.pdf', 'Attachment E_Potential Organizational Conflict of Interest_ SmartPay Development Services.docx', 'Attachment F – Performance Work Statement.docx', 'GSA SmartPay Program Questions (1).docx', 'RFQ_ GSA SmartPay Agile Development Services.1690829931002.pdf', 'Appendix G - Smartpay Pricing Sheet.xlsx', 'GSA Smart Pay Outlline.docx', 'GSA SmartPay shred.docx', 'GSA SmartPay Program Questions.docx', 'GSASmartPay PWIN 08092023.xlsx', 'Letter to Customer Requesting Use of Code Repository for Proposal Effort with GSA.docx', 'Letter to MBN Requesting Use of Code Repository for Proposal Effort with GSA.docx', 'Letter to VA Requesting Use of Code Repository for Proposal Effort with GSA.docx', '47HAA023Q0003 - Attachment C - Price Quote Template - SCRC Website Development & Hosting Services.xlsx', '47HAA023Q0003 - Attachment D - Past Performance Reference Form.docx', 'Attachment A - Security_and_Privacy_Requirements_for_IT_Acquisition_Efforts_CIO_IT_Security_09-48_Rev_4_01-25-2018 (1) (1) (3).pdf', 'Attachment B - CIO 12-2018_ IT Policy Requirements Guide_0 (1) (1) (4).pdf', 'RFQ 47HAA023Q0003 - SCRC Website Development & Hosting services_11122.pdf', 'IsI Enterprises NDA r1 FE TMD.pdf', 'Infrastructure  - SOW 2023_v3.docx', 'ATTACHMENT A - Standard Provisions - (REV 09-22[v.1]).pdf', 'ATTACHMENT B - Sample Contract for Development of a New Library Website.pdf', 'ATTACHMENT C - Electronic Signature Policy 0320.pdf', 'ATTACHMENT D - Library Information Sheet.pdf', 'ATTACHMENT E - Summary of Website Deliverables & Design Requirements.pdf', 'E. 1_Declaration of Non-Collusion.pdf', 'E. 2a_Contractor Responsibility Ordinance Questionnaire.pdf', 'E. 2b_Contractor Responsibility Ordinance Pledge of Compliance.pdf', 'E. 3_Certification regarding Compliance with the Americans With Disabilities Act Form.pdf', 'E. 4_Certification of Compliance with Child Suppport Obligations Form.pdf', 'E. 5_City of Los Angeles Contract History.pdf', 'E. 6_City of Los Angeles Residence Information.pdf', 'E. 7_CEC Form 50.pdf', 'E. 8_CEC Form 55.pdf', 'E. 9_Iran Contracting Act of 2010.pdf', 'E.10_EBO - FSHO Sample Affidavit for OnLine Submission.pdf', 'E.11_Disclosure Ordinances Sample Affidavit for Online Submission.pdf', 'E.13a_RFP Local Business Preference Program.pdf', 'E.13b_Local Business Preference Program Certification Information.pdf', 'E.14a_Employee Information_Form LW-6.pdf', 'E.14b_Subcontractor Information_Form LW-18.pdf', 'E.14c_Exemption Application_Form LW-10.pdf', 'E.14d_Small Business Exemption Application_Form LW-26 - ENGLISH.pdf', 'E.14d_Small Business Exemption Application_Form LW-26 - SPANISH.pdf', 'E.14e_501c3 Non-Profit Exemption Application_Form OCC-LW-28.pdf', 'E.14f_Non-Coverage Determination Application_Form OCC-LW-29.pdf', 'E.15_Insurance Requirements and Instructions.pdf', 'RFP No. 44-035 Development of a New Library Website.pdf', 'LA SHRED.docx', 'PWIN LA Public Library Website Development.xlsx', 'RFP_CMS Yearly Ops-Maintenance (annotated).pdf', 'MBN O_M Cost_Price Proposal Rough Draft rev2.docx', 'MBN O_M Cost_Price Proposal Rough Draft v1.docx', 'MBN O_M Technical Proposal Rough Draft v1.docx', '2021 Renewal MBN ACSF Subscription_V1.pdf', 'Acquia PO MBN 9.30.21 $413,033.pdf', 'Kaltura MBN Renewal 2019_Executed- Invoice 2.pdf', 'Kaltura MBN Renewal 2019_Executed- Invoice.pdf', 'MBN O&M 2022 - Acquia Quote.pdf', 'MBN O&M 2022 - Kaltura Quote.pdf', 'MBN O&M Renewal Pricing for OY3.xlsx', 'Mobomo 2021_FINAL_FE_OY2_Contract.pdf', 'ORIGINAL MBN PROPOSAL - mbn content management platform proposal .docx', 'MBN O_M Cost_Price Proposal - signed.pdf', 'MBN O_M Cost_Price Proposal rev1 - signed.pdf', 'MBN O_M Cost_Price Proposal rev2 - signed.pdf', 'MBN O_M Technical Proposal.pdf', 'RFP_CMS Yearly Ops-Maintenance (1).pdf', 'MBN O_M Cost_Price Proposal Rough Draft v1.docx', 'MBN O_M Technical Proposal Rough Draft v1.docx', 'MBN O_M Technical Proposal Rough Draft v2.docx', 'Proposal Review Score Card - All Reviewers.docx', 'Proposal Cover Template - MBN OM 2023 Price pdf.png', 'Proposal Cover Template - MBN OM 2023 Price.docx', 'Proposal Cover Template - MBN OM 2023 Technical.docx', 'MBN - CMS Yearly Subscriptions, Operations and Maintenance RFP FY23-38 - Mobomo Response - Cost Volume.docx', 'MBN - CMS Yearly Subscriptions, Operations and Maintenance RFP FY23-38 - Mobomo Response - Cost Volume.pdf', 'MBN - CMS Yearly Subscriptions, Operations and Maintenance RFP FY23-38 - Mobomo Response - Technical Volume.docx', 'MBN - CMS Yearly Subscriptions, Operations and Maintenance RFP FY23-38 - Mobomo Response - Technical Volume.pdf', 'MBN - CMS Yearly Subscriptions, Operations and Maintenance RFP FY23-38 - Mobomo Response - Cost Volume - Revision 1.docx', 'NOAA Fisheries Inv 10175 - 06.2023.pdf', 'PRAC Inv 10180 - 08.2023.pdf', 'VA Inv 10178 - 08.2023.pdf', 'MBN Content Management Platform Proposal - Final.docx', 'MOBOMO BBG50-RFQ-18-060218_VOA Voltron - FINAL.docx', 'RFP Intranet Service & Design with markup.pdf', 'RFP Intranet Service & Design.pdf', 'RFP_Sawa Mobile App (annotated).pdf', 'MBN Mobile App Cost_Price Proposal Rough Draft v1.docx', 'MBN Mobile App Cost_Price Proposal Rough Draft v2.docx', 'MBN Mobile App Cost_Price Proposal Rough Draft v3.docx', 'MBN Mobile App Technical Proposal Rough Draft v1.docx', 'MBN Mobile App Technical Proposal Rough Draft v2.docx', 'MBN Mobile App Technical Proposal Rough Draft v3.docx', 'Copy of file from Versioning Error - GR 8.14.22.docx', 'MBN Mobile App Technical Proposal Rough Draft v1 back up.docx', 'CUSTOMER - MBN Radio Sawa Mobile App_ Effort by Feature, LCAT, Phase_MBN Notes 9.8.22.xlsx', 'Dropbox - MBN - Simplify your life.url', 'Gantt_Chart.ai', 'Gantt_Chart.png', 'Gantt_Chart.xd', 'Past Performance Detail for Maximus.docx', 'Radio Sawa - Effort by LCAT, Feature, Phase.xlsx', 'Radio Sawa - Mobile App Estimate - Google Sheets.url', 'RFP FY21-05 - Mobomo Technical Proposal for Enhancing CMS Functionalities - MBN.docx', 'Mobomo_LLC_MBN Radio Sawa Mobile App Cost_Price Proposal - signed.pdf', 'Mobomo_LLC_MBN Radio Sawa Mobile App Cost_Price Proposal rev1 - signed.pdf', 'Mobomo_LLC_MBN Radio Sawa Mobile App Cost_Price Proposal rev2 - signed.pdf', 'Mobomo_LLC_MBN Radio Sawa Mobile App Cost_Price Proposal rev3 - signed.pdf', 'Mobomo_LLC_MBN Radio Sawa Mobile App Cost_Price Proposal rev5 - signed.pdf', 'Mobomo_LLC_MBN Radio Sawa Mobile App Technical Proposal rev1.pdf', 'Mobomo_LLC_MBN Radio Sawa Mobile App Technical Proposal rev3.pdf', 'Mobomo_LLC_MBN Radio Sawa Mobile App Technical Proposal rev5.pdf', 'Mobomo_LLC_MBN Radio Sawa Mobile App Technical Proposal.pdf', 'MBN Mobile App Internal Proposal Checklist.xlsx', '333011-22-RRP-0020 - HIGHLIGHTED.pdf', '333011-22-RRP-0020.pdf', 'Declaration for Federal Employment.pdf', 'National Gallery of Arts Questions.xlsx', 'PRICE SCHEDULE.xlsx', 'Q and A.pdf', 'Cover.docx', 'National Gallery of Art IDIQ Vol. I - Response - 333011-22-RRP-0020 draft v2.docx', 'National Gallery of Art IDIQ Vol. II Response - 333011-22-RRP-0020 Mobomo Final.xlsx', 'National Gallery of Art IDIQ Vol. II Response - 333011-22-RRP-0020.xlsx', 'National Gallery of Art RFP- Requirements Traceability & Labor Categories.xlsx', 'NGA PWIN.xlsx', 'RaffertyWeiss NGA Datacall 1 (recovered).docx', 'RaffertyWeiss NGA Datacall 1.docx', 'RaffertyWeiss NGA Datacall 3.docx', 'Rough Info needed for data call 2.docx', '333011-23-DFI-0003 Mobomo (1).pdf', 'National Gallery of Art IDIQ Vol. I - Response - 333011-22-RRP-0020 - Mobomo.pdf', 'National Gallery of Art IDIQ Vol. I - Response - 333011-22-RRP-0020.docx', 'National Gallery of Art IDIQ Vol. II Pricing Response - 333011-22-RRP-0020 - Mobomo working sheet for discount 3282023.xlsx', 'Revised PRICE SCHEDULE 3292023.xlsx', '333011-23-DFI-0003 Mobomo.pdf', '333011-23-DFI-0003_Mobomo_Executed.pdf', 'Rafferty Weis Media Rates NGA.xlsx', 'NGA Client Kickoff agenda 5172023.pdf', 'NGA Internal Proposal Checklist.xlsx', 'NGA Project Kickoff 9142022 TMD.pptx', '2021-124.pdf', 'NIOSH Respirator Fit Evaluation Challenge - Phase II - Interim Report - Team Mobomo.docx', 'NIOSH Respirator Fit Evaluation Challenge - Phase II - NIOSH Approved Filtering Facepiece Respirator Model.docx', 'NIOSH Respirator Fit Evaluation Challenge - Phase II Prototype Demonstration Report - Mobomo.docx', 'NIOSH Respirator Fit Evaluation Challenge - Phase II Prototype Demonstration Report - Mobomo.pdf', 'NIOSH Respirator Fit Evaluation Challenge - Phase II Prototype Demonstration Report - Team Mobomo draft v1.docx', 'NIOSH Respirator Fit Evaluation Challenge - Phase II Prototype Demonstration Report - Team Mobomo draft v2.docx', 'Cover for Interim Report.docx', 'Cover for Phase II Submission - NIOSH Approved documentation.docx', 'Cover for Phase II Submission.docx', 'Interview Questions for FFR.docx', 'Kickoff for Phase II - Notes.docx', 'NIOSH - Notes on Design Ideas.docx', 'NIOSH Storyboard Phase II Approach.docx', 'Notes from Conversation with SME 7.25.23.docx', 'Notes from meeting with NIOSH team 1.12.24.docx', 'Presentation with Audio Recorded.ppsx', 'Proto Persona - GM edits.docx', 'Respirator Fit Evaluation Challenge Survey.docx', 'Script for Video.docx', 'SME Feedback on Phase 1 Submission-Downs.docx', 'test 2.mp4', 'Video Presentation and Script Draft.mp4', 'Video Presentation and Script Draft.pptx', 'NIOSH Respirator Fit Evaluation Challenge - Phase II Prototype Demonstration Report - Mobomo.docx', 'NIOSH Respirator Fit Evaluation Challenge - Phase II Prototype Demonstration Report - Mobomo.pdf', 'NIOSH Respirator Fit Evaluation Challenge - Phase II - Interim Report - Team Mobomo.docx', 'NIOSH-Respirator-Fit-Eval-Challenge-Webinar-Approved.pdf', 'NIOSH Respirator Fit Evaluation Challenge - Phase I - Concept Paper - Team Mobomo.docx', 'NIOSH Respirator Fit Evaluation Challenge - Phase I - Concept Paper - Team Mobomo.pdf', 'Citations.docx', 'Concept Paper Content Development L and G.docx', 'Draft SOW.pdf', 'Fit Mask - AR Details + Technical Hurdles.docx', 'Fitmask Labs Publication.docx', 'Notes 4.13.23.docx', 'Rapid Prototyping.docx', 'NIOSH Respirator Fit Evaluation Challenge - Phase I - Concept Paper - Team Mobomo.pdf', 'Am0002 Attachment 6 - Response to Questions RFQ 24322622Q0057 4Aug22.xlsx', 'Am0002 Attachment 3 - BPA Pricing Spreadsheet 4Aug22.xlsx', 'Am0002 Attachment 5 - BPA Call Pricing Spreadsheet 4Aug22.xlsx', 'Attachment 3 - BPA Pricing Excel Spreadsheet.xlsx', 'Attachment 5 - BPA Call Pricing Spreadsheet.xlsx', 'RFQ 24322622Q0057 Digital Services BPA and initial BPA Cal.pdf', 'SF30 Amend 0001 24322622Q0057.pdf', 'RFQ_24322622Q0057_Amd_0003.pdf', 'SF30 Am0002 RFQ 24322622Q0057 4Aug22 (1).pdf', 'OPM Corporate Experience Rough Draft v1.docx', 'OPM Cover Letter Rough Draft v1.docx', 'OPM Technical Proposal Rough Draft v1 .docx', 'OPM Technical Proposal Rough Draft v2.docx', 'Data Call - Office of Personnel Management.docx', 'OPM Digital Services PWIN.xlsx', 'RIVA Data call 1 OPM BPA for Digital Services (1).docx', 'USGS Excerpt from SMX on Data Governance.docx', 'Award Notice for Unsuccessful Mobomo.pdf', 'Mobomo_LLC_BPA Technical Volume_RFQ 24322622Q0057.pdf', 'Mobomo_LLC_Corporate Experience-Appendix_RFQ 24322622Q0057.pdf', 'Mobomo_LLC_Cover Letter_RFQ 24322622Q0057 - signed.pdf', 'Mobomo_LLC_SOLICITATION_CONTRACT_ORDER and Amendments_RFQ 24322622Q0057 - signed.pdf', 'OPM Digital Services BPA Q&A.xlsx', 'OPM Internal Proposal Checklist.xlsx', 'Am0002 Attachment 6 - Response to Questions RFQ 24322622Q0057 4Aug22.xlsx', 'Am0002 Attachment 3 - BPA Pricing Spreadsheet 4Aug22.xlsx', 'Am0002 Attachment 5 - BPA Call Pricing Spreadsheet 4Aug22.xlsx', 'Attachment 3 - BPA Pricing Excel Spreadsheet.xlsx', 'Attachment 5 - BPA Call Pricing Spreadsheet.xlsx', 'RFQ 24322622Q0057 Digital Services BPA and initial BPA Cal.pdf', 'SF30 Amend 0001 24322622Q0057.pdf', 'RFQ_24322622Q0057_Amd_0003.pdf', 'SF30 Am0002 RFQ 24322622Q0057 4Aug22 (1) (annotated).pdf', 'Am0003 Attachment 3 - BPA Pricing Spreadsheet 8Aug22 Rough Draft v1 TMD 8112022.xlsx', 'Am0003 Attachment 3 - BPA Pricing Spreadsheet 8Aug22 Rough Draft v1.xlsx', 'Am0003 Attachment 5 - BPA Call Pricing Spreadsheet 8Aug22 Rough Draft v1.xlsx', 'OPM Phase II Technical Volume Rough Draft v1.docx', 'Complete RIVA Data Call.docx', 'Mobomo Response _ OPM Digital Services Support RFI (1).pdf', 'Am0003 Attachment 3 - BPA Pricing Spreadsheet 692022 Final.xlsx', 'Am0003 Attachment 5 - BPA Call Pricing Spreadsheet 6092022 Final.xlsx', 'Award Notice for Unsuccessful Mobomo.pdf', 'Mobomo_LLC_BPA Technical Volume_RFQ 24322622!0057_OPM.pdf', 'Actual 9_13 OPM Phase II Oral Presentation.pdf', 'David Shatzer.pdf', 'Jason Murray Resume v2.docx', 'Nathan Harris resume.docx', 'ResumeNancyeShipe (1).doc', 'VP - Federal - Mark Cooperstock Resume.pdf', 'Email to CO at PRC.pdf', 'Mod 4 RFP 1605654 - PRC External Website Development_MOD4.1677695553792 (1).pdf', 'PRC industry day notes 2-15-2023.docx', 'PRC RFP 1605654 - PRC External Website Development_MOD2.1675961908973 (3).pdf', 'PRC RFP 1605654 GSA eBuy!.html', 'Q&A PRC RFP 1605654.xlsx', 'RFP 1605654 - PRC External Website Development_MOD3.1677531874928.pdf', 'RFP 1605654 - Questions and Answers.1676667244884.pdf', 'RFP1605654 - PRC External Website Development.1674845408481.pdf', 'RFP1605654 - PRC External Website Development_MOD1.1675454639456.pdf', 'Suggested Win Themes PRC 02082023.docx', 'PRC Website Design VOLUME I TMD.docx', 'Volume I - Pink Draft.docx', 'Volume I.docx', 'PRC RFP 1605654 - PRC External Website Development_MOD2.1675961908973 (3).pdf', 'PRC Website Design VOLUME I - Technical Approach.docx', 'PRC Website Design VOLUME II - Pricing.docx', 'PRC Website Design VOLUME I - Technical Approach.docx', 'PRC Website Design VOLUME I - Technical Proposal - Mobomo LLC.docx', 'PRC Website Design VOLUME II - Pricing.docx', 'PRC industry day notes 2-15-2023.docx', 'PRC Pricing development worksheet.xlsx', 'PRC Web list.docx', 'PRC Website Redesign Option 1.png', 'Red Team Review_ PRC.xlsx', 'PRC Website Design VOLUME I - Technical Approach - Mobomo LLC (1).pdf', 'PRC Website Design VOLUME I - Technical Proposal - Mobomo LLC (1).pdf', 'PRC Website Design VOLUME I - Technical Proposal - Mobomo LLC.pdf', 'PRC Website Design VOLUME II - Pricing Proposal - Mobomo LLC.pdf', 'PRC Website Design VOLUME I - Technical Approach.docx', 'PRC Website Design VOLUME I - Technical Proposal - Mobomo LLC.docx', 'PRC Website Design VOLUME II - Pricing.docx', 'Proposal Process Checklist.xlsx', 'Preproposal Conference Meeting for Prince William (updated with links and languages).docx', 'RFP SA-2220 Web Content Mangement System Migration_Final_051222 (annotated).pdf', 'RFP SA-2220_ Addendum 02 Final Questions[8703].pdf', 'SA-2220 Web Content Management System Migration - PWCSA.url', 'Mobomo LLC_Question Regarding SA-2220 Web Content Management System Migration.xlsx', 'PWCSA Price Proposal Rough Draft v1.docx', 'PWCSA Technical Proposal Rough Draft v1.docx', '01 – 1.png', '01 – 2.png', '01 – 3.png', '01 – 4.png', '01 – 5.png', '01 – 6.png', '01 – 7.png', '01 – 8.png', '01.png', '02.png', '03.png', '04.png', '05.png', '06.png', '07.png', '08.png', 'Approach Slide Graph.png', 'awards.png', 'cards.png', 'Deleted Content 6.5.22.docx', 'ferc-judyeastwood.png', 'Form E-State.pdf', 'logos.png', 'louisville-denvercollett.png', 'Mobomo COI.pdf', 'noaa-kevinholland.png', 'Notes on Strategy 5.27.22.docx', 'ONR - Cutover Plan Final v2.0.xlsx', 'Org Chart.png', 'Blocks _ H2O Quality LAB.pdf', 'Content types _ H2O Quality LAB.pdf', 'Content _ H2O Quality LAB.pdf', 'Field list _ H2O Quality LAB.pdf', 'Main menu _ H2O Quality LAB.pdf', 'Modules _ H2O Quality LAB.pdf', 'People _ H2O Quality LAB-Permissions.pdf', 'People _ H2O Quality LAB.pdf', 'Status report _ H2O Quality LAB.pdf', 'Status report.docx', 'Taxonomy _ H2O Quality LAB.pdf', 'Top Menu _ H2O Quality LAB.pdf', 'Views _ H2O Quality LAB.pdf', 'Webforms _ H2O Quality LAB.pdf', 'Blocks _ SA Splash.pdf', 'Content types _ SA Splash.pdf', 'Drupal.docx', 'Field list _ SA Splash.pdf', 'Footer Menu _ SA Splash.pdf', 'Main menu _ SA Splash.pdf', 'Menus _ SA Splash.pdf', 'Modules _ SA Splash.pdf', 'Page Title List _ SA Splash.pdf', 'People _ SA Splash-permissions.pdf', 'People _ SA Splash.pdf', 'Status Report.pdf', 'Taxonomy _ SA Splash.pdf', 'Views _ SA Splash.pdf', 'Blocks _ PWCSA.pdf', 'Content types _ PWCSA.pdf', 'content-list.txt', 'Field list _ PWCSA.pdf', 'Main menu _ PWCSA.pdf', 'Modules _ PWCSA.pdf', 'People _ PWCSA.pdf', 'People _role-permissions-PWCSA.pdf', 'Status report _ PWCSA.pdf', 'Status Report.docx', 'Taxonomy _ PWCSA.pdf', 'Views _ PWCSA.pdf', 'webforms _ PWCSA.pdf', '~$atus Report.docx', 'PWCSA RFP Cover Page - Filled Adarsh.pdf', 'PWCSA RFP Submission Form_Conflicts of Interest Form - Filled Adarsh.pdf', 'Reference Form PWCSA-Mobomo.docx', 'Reference Form PWCSA-Mobomo.pdf', 'Jacob Yeager Mobomo Resume.docx', 'Jacob Yeager- The Goal.doc', 'VA SCC Cert of Registration.pdf', 'Index.pdf', 'Mobomo_LLC_PWCSA Price Proposal.pdf', 'Mobomo_LLC_PWCSA Technical Proposal.pdf', 'PWCSA Internal Proposal Checklist.xlsx', 'B02 73351023Q0278 Solicitation.1687305646668 (3).pdf', 'B09 73351023Q0278 Amendment 0001.pdf', 'Amendment 1 - Attachment 3 - SOW.1690229790945.pdf', 'Amendment 1 - Attachment 6 - Technical Quote Submission Instructions.1690229833856.pdf', 'Attachment 1 - SF-18 50310223Q0059.1689171179295.pdf', 'Attachment 10 - NDA - Contractor Personnel.1689171194291.pdf', 'Attachment 11 - OF306.1689171194701 (1).pdf', 'Attachment 12 - Credit Release.1689171204753.pdf', 'Attachment 13 - PerSEC.1689171205583.pdf', 'Attachment 2 - BPA Terms and Conditions.1689171194024.pdf', 'Attachment 3 - SOW.1689171176209 (1).pdf', 'Attachment 3 - SOW.1689171176209.pdf', 'Attachment 4 Clin Table.1689171175297.xlsx', 'Attachment 5 - Q and A Template.1689171178844.xlsx', 'Attachment 6 - Technical Quote Submission Instructions.1689171190860.pdf', 'Attachment 7 - Price Quote Submission Instructions.1689171196059.pdf', 'Attachment 8 - Evaluation Criteria and Basis for Award.1689171179152.docx', 'Attachment 8 - Evaluation Criteria and Basis for Award.1689171197734.pdf', 'Attachment 9 - NDA - Contractor Entity.1689171176204.pdf', 'RFQ Cover Letter 23Q0059.1689171149145 (1).pdf', 'RFQ Cover Letter 23Q0059.1689171149145.pdf', 'NOAA_NMFS_Application_Dev_AttainX_-_Mobomo_TA_FE.pdf', 'Addendum 1 - K23-0081-29 (5).pdf', 'Addendum 2 - K23-0081-29.pdf', 'Addendum 3 - K23-0050-26O.pdf', 'Addendum 4 - K23-0050-26O.pdf', 'Attachment 1.pdf', 'Attachment 2.pdf', 'Offeror Profile  ExperienceReferences (Q-17KO).xlsx', 'Questions for Pre-Bid Proposal Conference.xlsx', 'RFP_K23-0050-26O_-_Intranet_Website_Migration_to_Drupal.pdf', 'Writing style Maryland Judiciary Intrnet Website Migration to Drupal.docx', '[Attachment A - Standard Contract Agreement Sample] Attachment A - Standard Contract Agreement Sample.pdf', '[Attachment B - Bid-Proposal Affidavit] Attachment B - Bid-Proposal Affidavit.pdf', '[Attachment C - Contract Affidavit Sample] Attachment C - Contract Affidavit Sample.pdf', '[Attachment D - Pre-Bid Proposal Conference Form] Attachment D - Pre-Bid Proposal Conference Form.pdf', '[Attachment E - Bid-Price Proposal Form K23-0050-26O] Attachment E - Bid-Price Proposal Form K23-0050-26O.pdf', '[Attachment F - Non-Disclosure Agreement Sample] Attachment F - Non-Disclosure Agreement Sample.pdf', 'Maryland Judiciary - Technical Proposal - Intranet Website Migration to Drupal.docx', 'Maryland Judiciary Shred Template .docx', 'Offeror Profile  ExperienceReferences (Q-17KO).xlsx', '_Attachment_E_-_Bid-Price_Proposal_Form_K23-0050-26O__Attachment_E_-_Bid-Price_Proposal_Form_K23 (2).pdf', 'Maryland Judiciary - Technical Proposal - Intranet Website Migration to Drupal v2.docx', 'Maryland Judiciary Breakdown.docx', 'Maryland Judiciary PWIN 582023.xlsx', 'MJ Cover .docx', 'Notes', 'Certificate of Insurance.pdf', 'Claim of Confidentiality.pdf', 'Exceptions to T&C.pdf', 'Executive Summary.pdf', 'K23-0050-26O-Intranet Website Migration to Drupal Submission Receipt.docx', 'Maryland Judiciary - Intranet Website Migration to Drupal - Mobomo Transmittal Letter.pdf', "Mobomo's Key Personnel Experiences and Qualifications.pdf", 'Offeror Profile  ExperienceReferences (Q-17KO) (2).xlsx', 'Subcontracting.pdf', 'Technical Response.pdf', 'W9.pdf', 'Work Plan.pdf', '_Attachment_B_-_Bid-Proposal_Affidavit__Attachment_B_-_Bid-Proposal_Affidavit (2).pdf', '_Attachment_E_-_Bid-Price_Proposal_Form_K23-0050-26O__Attachment_E_-_Bid-Price_Proposal_Form_K23 (2) (1).pdf', 'Attachment_E_-_Bid-Price_Proposal_Form_K23-0050-26O__1_.pdf', 'Maryland Judiciary - Intranet Website Migration to Drupal - Mobomo Executive Summary.pdf', 'Maryland Judiciary - Intranet Website Migration to Drupal - Mobomo Transmittal Letter.pdf', 'Maryland Judiciary Submission Receipt.pdf', "Mobomo's Key Personnel Experiences and Qualifications.pdf", 'Offeror Profile  ExperienceReferences (Q-17KO).xlsx', 'Technical Response.pdf', 'Work Plan.pdf', 'Maryland Judiciary - Intranet Website Migration to Drupal - Assumptions.docx', 'Maryland Judiciary - Intranet Website Migration to Drupal - Mobomo Claim of Confidentiality.docx', 'Maryland Judiciary - Intranet Website Migration to Drupal - Mobomo Executive Summary.docx', 'Maryland Judiciary - Intranet Website Migration to Drupal - Mobomo Key Personnel and Qualifications.docx', 'Maryland Judiciary - Intranet Website Migration to Drupal - Mobomo Technical Proposal.docx', 'Maryland Judiciary - Intranet Website Migration to Drupal - Mobomo Transmittal Letter.docx', 'Maryland Judiciary - Intranet Website Migration to Drupal - Mobomo Work Plan.docx', 'Maryland Judiciary - Intranet Website Migration to Drupal - Subcontractors.docx', 'Maryland Judiciary - Technical Proposal - Intranet Website Migration to Drupal v2.docx', 'Maryland Judiciary - Technical Proposal - Intranet Website Migration to Drupal.docx', '_Attachment_F_-_Non-Disclosure_Agreement_Sample__Attachment_F_-_Non-Disclosure_Agreement_Sample (1).pdf', 'Notice of Award to Another Offeror K23-0050-26O - Mobomo.pdf', 'FE Mobomo NDA ACI MSDE 812023.pdf', 'RFP_FY24-OIT-005_R00B4600008_-_Attachment_B_-_Financial_Proposal.xlsx', 'RFP_FY24-OIT-005_R00B4600008_MSDE_Website_Design_and_Maintenance_-_Final (3).pdf', 'MSDE - Mobomo Response Volume I.docx', 'Notes from Industry Day.docx', '2031JW24Q00021 Amendment 1.1701730428384.pdf', 'Order 1 Attachment 5 - Rx Content Structure.1701730481214.pdf', 'Order 1 Attachment 6 - Q_A- Screenshots and Source Code Binder.1701730524878 (1).pdf', 'Order 1 Attachment 7 - Record Management csv File.1701730558068.xlsx', 'Order 1 Attachment 8 - SDLC_Manual_113023.1701730644981.pdf', 'RFQ1666075 CMS Questions and Answers_2_11272023.1701123219789 (1).pdf', '2031JW24Q00021 Amendment 2.1702335145298.pdf', 'RFQ1666075 CMS Questions and Answers_3_12042023.1701730870069 (2).pdf', '2031JW24Q00021 Amendment 3.1702680905607.pdf', 'A4_2031JW24Q00021 RFQ CMS BPA_Amendment 4.1705064730049.pdf', 'A4_BPA Attachment 2 - Order 001 - CMS Replacement and Migration with track changes.1705064743883.pdf', 'A4_BPA Attachment 2 - Order 001 - CMS Replacement and Migration.1705064738335.pdf', 'A4_BPA Attachment 3 - Pricing Table_Amendment.1705064749892.xlsx', 'A4_Order 1 Attachment 2 - Appendix A.1705064757840.xlsx', 'A4_RFQ CMS BPA_Amendment 4_with Track Changes.1705064760777.pdf', 'A4_RFQ1666075 CMS Questions and Answers_4.1705064757109.pdf', 'RFQ1666075+CMS+Questions+and+Answers_5_from+Amendment+4+01192024.pdf', 'BPA Attachment 4 - Questions and Answers.1699297111936.docx', '2031JW24Q00021 RFQ CMS BPA.1699297111797 (1).pdf', '2031JW24Q00021 RFQ CMS BPA.1699297111797_WORD.docx', 'BPA Attachment 1 - Non-disclosure Agreement.1699297124595 (1).docx', 'BPA Attachment 2 - Order 001 - CMS Replacement and Migration_11022023.1699297113052.docx', 'BPA Attachment 3 - Pricing Table.1699297112301.xlsx', 'BPA Attachment 5 - Factor 4 Use Case Demonstration.1699297115763 (1).pdf', 'Order 1 Attachment 2 - Appendix A.1699298154892 (1).xlsx', 'Order 1 Attachment 3 - Enterprise Test Management Plan.1699297119459 (1).pdf', 'Order 1 Attachment 4 - Enterprise Change and Release Management.1699297126315 (1).pdf', 'RFQ1666075 CMS Questions and Answers_2_11272023.1701123219789.pdf', 'ITS_RFI_Content_Management_Systems_Migration_and_Support.pdf.pdf', 'Questions_and_Answers_2031JW22N00007.pdf.pdf', 'Department of Treasury - OCC RFQ Response - Mobomo - Volume I.docx', 'Department of Treasury - OCC RFQ Response - Mobomo - Volume II Attachment A - FACTOR 1.docx', 'Department of Treasury - OCC RFQ Response - Mobomo - Volume II Attachment B - FACTOR 5.docx', 'Department of Treasury - OCC RFQ Response - Mobomo - Volume II.docx', 'Department of Treasury - OCC RFQ Response - Mobomo - Volume III.xlsx', '1. Acquia Proposal - OCC RFQ Response.docx', '1. Acquia Proposal - OCC RFQ Response.pdf', '2031JW24Q00021 RFQ CMS BPA.1699297111797_WORD.docx', '1. Acquia Proposal Template - OCC.pdf', '2022 Acquia Cloud VPAT .pdf', "Acquia - OCC Carahsoft Quote - DON'T USE - UPDATE BELOW.pdf", 'Acquia Cloud w_ Shield  Diagram.pdf', 'OCC - Acquia Slides and Graphics.pdf', 'Treasury OCC - Partner Packet - Key Links & Outstanding Items - Sheet1.pdf', 'Updated - Carahsoft - Acquia OCC Quote - with Option Years.pdf', 'Department of Treasury - OCC -downloaded for page count.docx', 'DoTreasury OCC SHRED.docx', 'Mobomo Data Call for ACI Solutions re Department of Treasury - OCC - COMPLETED.docx', 'Mobomo Data Call.docx', 'Notes from Call with ACI Solutions.docx', 'Proposal Cover Treasury OCC vol 1 conv 1.png', 'Proposal Cover Treasury OCC vol 1.docx', 'Proposal Cover Treasury OCC vol 2 conv 1.png', 'Proposal Cover Treasury OCC vol 2.docx', 'Proposal Cover Treasury OCC vol 3 conv 1.png', 'Proposal Cover Treasury OCC vol 3.docx', 'Proposal Cover Treasury OCC.docx', 'Dept. of Treasury - OCC RFQ Response - Mobomo - Vol. I.pdf', 'Dept. of Treasury - OCC RFQ Response - Mobomo - Vol. II Attachment A - FACTOR 1.pdf', 'Dept. of Treasury - OCC RFQ Response - Mobomo - Vol. II Attachment B - FACTOR 5.pdf', 'Dept. of Treasury - OCC RFQ Response - Mobomo - Vol. II.pdf', 'Dept. of Treasury - OCC RFQ Response - Mobomo - Vol. III.xlsx', 'Mobomo NDA - OCC - ACI Solutions (1).pdf', 'OCC TA ACI 12523 FE.pdf', 'Amendment 1 to RFP WAGE005.pdf', 'RFP WAGE 005_Engendering Industries website[8836] (annotated).pdf', 'Presentation to TetraTech 8.26.22 v1.pdf', 'Presentation to TetraTech 8.26.22 v1.pptx', 'Tetra Tech Cover Letter Rough Draft v1.docx', 'Tetra Tech Cover Letter Rough Draft v2.docx', 'Tetra Tech Financial Proposal Rough Draft v1.docx', 'Tetra Tech Financial Proposal Rough Draft v2.docx', 'Tetra Tech Financial Proposal Rough Draft v3.docx', 'Tetra Tech Technical Proposal Resumes.docx', 'Tetra Tech Technical Proposal Rough Draft v1.docx', 'Tetra Tech Technical Proposal Rough Draft v2.docx', 'Tetra Tech Technical Proposal Rough Draft v3.docx', 'Charts.png', 'etra Tech Solutioning Session #4 (2022-07-06 07-31 GMT-7) - Google Drive.url', 'Tetra Tech Pricing Template.xlsx', 'Tetra Tech Solutioning Session #1 (2022-06-28 07-31 GMT-7) - Google Drive.url', 'Tetra Tech Solutioning Session #2 (2022-06-29 07-32 GMT-7) - Google Drive.url', 'Tetra Tech Solutioning Session #3 (2022-07-05 07-31 GMT-7) - Google Drive.url', 'Mobomo LLC_2nd Round Questions for RFP No.WAGE005 entitled_Engendering Industries Website Development and Best Practices Framework.xlsx', 'Mobomo LLC_Questions for RFP No.WAGE005 entitled_Engendering Industries Website Development and Best Practices Framework.xlsx', 'Mobomo_LLC_RFP WAGE 005_Attachment D - signed.pdf', 'Mobomo_LLC_WAGE 005 Cover Letter - signed.pdf', 'Mobomo_LLC_WAGE005 Financial Proposal rev1.pdf', 'Mobomo_LLC_WAGE005 Financial Proposal rev2.pdf', 'Mobomo_LLC_WAGE005 Financial Proposal rev3.pdf', 'Mobomo_LLC_WAGE005 Financial Proposal.pdf', 'Mobomo_LLC_WAGE005 Supporting Documents (resumes).pdf', 'Mobomo_LLC_WAGE005 Technical Proposal rev1.pdf', 'Mobomo_LLC_WAGE005 Technical Proposal rev3.pdf', 'Mobomo_LLC_WAGE005 Technical Proposal.pdf', 'Tetra Tech Internal Proposal Checklist.xlsx', 'Home - Mission Daybreak.url', 'Mission Daybreak Submission Page.pdf', 'Appendix.docx', 'Mission Daybreak Challenge - Sentinel Solution and Appendix - Mobomo.Clearspeed.WarriorBonfire.docx', 'Mission Daybreak Submission Form Questions Rough Draft v1.docx', 'Mission Daybreak Written Response Appendix.docx', 'Mission Daybreak Written Response Rough Draft - Clearspeed changes integrated into 7.7.22 draft.docx', 'Mission Daybreak Written Response Rough Draft v1.docx', 'Mission Daybreak Written Response Rough Draft v2.docx', 'Mission Daybreak Written Response Rough Draft .docx', 'Mission Daybreak Written Response Rough Draft .pdf', 'Mission Daybreak Challenge - Sentinel Appendix - Mobomo.Clearspeed.WarriorBonfire V2.docx', 'Mission Daybreak Challenge - Sentinel Solution - Mobomo.Clearspeed.WarriorBonfire V2.docx', 'Mission Daybreak Challenge - Sentinel Solution and Appendix - Mobomo.Clearspeed.WarriorBonfire FINAL.docx', 'A combat Veteran and suicide loss survivor shares her story - Mission Daybreak.url', 'App Mockup Graphics.url', 'Gaming Peer-Reviewed on Clearspeed.pdf', 'Peer Reviewed Paper_NATO Journal_2022 (Contemporary Macedonian Defence).pdf', 'Carnegie Mellon Science Review_121919.pdf', 'AI helping AIBA to root out corrupt officials at World Boxing Championships _ Sport _ The Times.pdf', 'AFWERX SBIR Final Report.pdf', 'NSW_SOCCENT Report.pdf', 'SOFWERX and SOCOM Report.pdf', 'Highlights from the June 7 virtual information session - Mission Daybreak.url', 'Mockup Patients Dashboard.png', 'Mockup Vetrans Check In.png', 'Compliation of Proposed Graphics.docx', 'VA app home page.jpeg', 'VA app logged in.jpeg', 'VA Suicide prevention.pptx', 'VA Suicide Solution Notes.edited.docx', 'VA- Companion.url', 'Mission Daybreak Challenge - Sentinel Solution and Appendix - Mobomo.Clearspeed.WarriorBonfire.pdf', 'Mission Daybreak Submission Form Questions and Answers.docx', 'Mission Daybreak Challenge - Sentinel - Mobomo.Clearspeed.WarriorBonfire.pdf', 'Mission Daybreak Challenge - Sentinel Appendix - Mobomo.Clearspeed.WarriorBonfire.pdf', '36C10A23Q0146.docx', '36C10A23Q0146_1.docx', 'Gate Review 0 - WEBSITE CONTENT MANAGEMENT SUPPORT FOR NATIONAL CEMETERY ADMINISTRATION DIGITAL SERVICES GovWin ID# 234117.pptx', 'GovWin IQ - 234117 - WEBSITE CONTENT MANAGEMENT SUPPORT FOR NATIONAL CEMETERY ADMINISTRATION DIGITAL SERVICES.pdf', 'P02+MR+RFI+Attachment+A+Draft+PWS.pdf', 'S02+RFQ+36C10B24Q0013.pdf', 'VA National Cemetery RFI.docx', '36C10B23Q0097.docx.docx', '36C10B23Q0097_0001.docx.docx', 'Gate Review 0 - VA INTEROPERABILITY STANDARDS DEVELOPMENT AND COORDINATION - GovWin ID# 227168.pptx', 'P02_PWS_RFI_12.19.22.docx (1).docx', 'P02_RFI_12.22.22.pdf.pdf', 'ATTACHMENT_B_Business_Requirements_.xlsx', 'ATTACHMENT_C_WMATA_Website_-_Sample_Design_Screens_(1) (1).pdf', 'ATTACHMENT_D_Metro_Brand_and_Style_Guidelines (1).pdf', 'ATTACHMENT_E_RACI.pdf', 'ATTACHMENT_F_SYSTEM_Architecture_Diagram.png', 'Modernization_of_wmata.com.pdf', 'Modernization_of_wmata.com.xml', 'SID9279_wmata (1).pdf', 'SID9279_wmata (2).pdf', 'SID9279_wmata (3).pdf', 'SID9279_wmata (4).pdf', 'SID_9279_wmata.com_modernization_RFP_Pre-Proposal_PPT_final.pdf', 'SID_9279__RFP_Pre-Proposal_attendance_report.pdf', 'ATTACHMENT_B_Business_Requirements.pdf', 'ATTACHMENT_C_WMATA_Website_-_Sample_Design_Screens_(1).pdf', 'ATTACHMENT_D_Metro_Brand_and_Style_Guidelines.pdf', 'SID9279_wmata.pdf', 'Notes from Conference Call 4.12.23.docx', '95332A22R00011 FINAL.1655242177687[7702] (annotated).pdf', '95332A22R00011 Questions and Answers FINAL 7-1-22.1656689351815.pdf', '95332A22R00011 ORE_ Learning Campus Worksheet.1655242189932 Rough Draft v1.xlsx', '75D301-22-Q-74986 (1).doc', 'CDC Digital Evaluation Platform RFQ Rough Draft v1.docx', '(9.16) cdc.gov - ENT - NB - Q-39965-20220916.pdf', 'CDC Exception List.docx', 'Mobomo CDC UserTesting.com RFQ Cover.pdf', 'Mobomo_LLC Response to CDC Digital Evaluation Platform RFQ 75D301-22-Q-74986.pdf', 'Description of Capabilities Statement.pdf', 'RFQ ONC Web ReDesign.pdf', 'Sources Sought HHS HealthIT.gov.docx', 'Sources Sought HHS HealthIT.gov.docx', 'Sources Sought HHS HealthIT.gov.pdf', 'HHS___Development_of_the_NanCI_App___Market_Research.doc .docx', 'NCI_SOW_75N91023R00039 (1).pdf', 'HHS NIH NanCI Shred Capabilities Statement.docx', 'D018960 SOW -Sources Sought.pdf', 'HHS AlzPED IADRP SS-90390-SB .docx', 'HHS AlzPED IADRP SS-90390-SB Draft 1 .docx', '2022 Web Contract SOW 7.6.2022 (004).docx', 'Answers SS-90560-SB 8.2.22(1).rtf', 'Capablities Statement Instructions NINR.doc', 'Data call for Revolve.docx', 'NINR Cover Letter Rough Draft v1.docx', 'NINR Sources Sought Response Rough Draft v2.docx', 'National Institute of Nursing Research (NINR) Sources Sought Response - Mobomo, LLC.docx', 'Writing Shell Template for Hope.docx', 'Data call Writing Shell for Revolve .docx', 'NIMHD RFI--Website Redesign_Migration_Assessment_RFI.1660747833393 (1).pdf', 'NIMHD RFI Response draft v1.docx', '10-2021-checklist-for-federal-websites-and-digital-services.xlsx', 'Mobomo PWIN Engine Base - NIMHD Website Redesign RFI.xlsx', 'Mobomo Response to RFI – NIMHD Website Redesign and Migration Assessment.docx', 'NIMHD Website Redesign and Migration Assessment RFI Review.docx', 'Mobomo Response to NIMHD Website Redesign and Migration Assessment RFI.pdf', 'health.gov Technology Profile.html', 'HHS OAMS Notes.docx', 'HHS_Communications_and_Web_Support.doc.docx', 'HHS_OAMS_PWS_CWS conv.docx', 'HHS_OAMS_PWS_CWS.pdf', 'RFQ1604529 GSA eBuy! HHS Web RFI.html', 'Capabilities Statement.docx', 'Mobomo Capabilities Statement - OAMS Communications & Web Support - ODPHP Market Research.docx', 'Mobomo Capabilities Statement - OAMS Communications & Web Support - ODPHP Market Research.docx', 'Mobomo Capabilities Statement - OAMS Communications & Web Support - ODPHP Market Research.pdf', 'ResponseSummary HHS OAMS.pdf', 'HHS_OAMS_SS_ITMBRDAS.pdf', 'HHS___IT_and_Acquisition_Support___Market_Research.doc.docx', 'M_RAS_Market_Research_Notice (5).pdf', 'QPP HCD Market Research Email Thread.pdf', 'QPP_HCD_FY23_Requirements__RFI_Version_.docx', 'HHS - CMS (OAGM) IT - Human Centered Design - Market Research.html.docx', 'Mobomo Capabilities Statement -- Draft Version.docx', 'HHS - CMS (OAGM) IT - Human Centered Design - Market Research.html.pdf', 'Mobomo Capabilities Statement.pdf', 'Attachment_A_RDS_Architecture_Diagram.pdf', 'Attachment_B___RDS_Software_and_Services_List.xlsx', 'Attachment_C__RDS_Architecture_Diagram.pdf', 'Attachment_D_RDS_Potential_Incident_Work_flow.pdf', 'RDS_PWS_Recompete_2024_Final.docx', 'RFI Description.pdf', 'Administration for Children and Families (ACF) Tasks and Requirements.xlsx', 'Administration for Children and Families PWS Review - Adarsh.docx', 'GSA eBuy!.url', 'Perforamance Work Statement  .1653680527819.docx', 'Request For Information_ Web Presence_.1653680222087.docx', 'HHS Web Presence RFI Response Rought Draft v1.docx', 'Mobomo_LLC_HHS Web Presence RFI Response.pdf', 'TANF Data Portal Survey Info.pdf', 'TANF_Data_Portal_PWS_draft_10.10.2023.docx', 'TANF Data Portal RFI Capabilities Statement and Relevant Experience Response - Mobomo.docx', 'Proposal Cover TANF Data Portal.docx', 'ResponseSummary (3).pdf', 'TANF Data Portal RFI Capabilities Statement and Relevant Experience Response - Mobomo.docx', 'TANF Data Portal RFI Capabilities Statement and Relevant Experience Response - Mobomo.pdf', 'CSPD Development OM Support SOW final draft.1697834315481.pdf', 'RFI 1664348 Dev and OM Recompete.1697834277977.pdf', 'CBP Cargo Systems Program Request for Information Response - Mobomo.docx', 'Qualtrics_Survey_Software.pdf', 'Requirements_Summary___CWMD_AWS_Technical_Services.docx', 'DHS CWMD AWS Technical Services Market Research Response.docx', 'DHS AWS Technical Services RFI Response draft v1.docx', 'DHS CX-UX RFI Customer Service Director Contact Information.pdf', 'DHS_CXD___CX_UX_Professional_Services___Market_Research.pdf', 'DHS_CX_UX_Task_Order_Summary.pdf', 'DHS - Customer Experience Directorate - CX and UX Professional Services Market Research - Mobomo Capabilities .docx', 'Form to be filled out online.docx', 'Proposal Cover - DHS UX-UE Market Research.docx', 'DHS - Customer Experience Directorate - CX and UX Professional Services Market Research - Mobomo Capabilities .docx', 'DHS - Customer Experience Directorate - CX and UX Professional Services Market Research - Mobomo Capabilities .pdf', 'DHS CX-UX RFI Submission Confirmation.pdf', 'Draft+SOO+HSIN+Project+Phoenix+%288Apr22%29.pdf', 'Mobomo-DHS-HSIN-Market-Research (1).pdf', '.DS_Store', 'DHS HSIN RFI 4222022.docx', 'DHS HSIN RFI 4232022 248PM.docx', 'DHS HSIN RFI 4242022 230PM TMD.docx', 'DHS HSIN RFI FINAL 4252022.pdf', 'DHS HSIN RFI FINAL with Ed update 4252022.docx', 'DHS HSIN RFI FINALK 4252022.docx', 'HSIN SAM.gov.pdf', 'RFI+HSIN+Phoenix+%288Apr22%29.pdf', 'SAM HSIN Project Phoenix.pdf', 'Open_Ended_Questions_for_DHS_GTD_GMM_System_Integration_Market_Research.xlsx', 'RFQ1597980 FEMA GSA eBuy!.pdf', 'System_Integration_PWS_11.22.22___v1.2_RFI.pdf', 'DHS___GTD_GMM_System_Integration___Market_Research.docx', 'FEMA SS Response 12062022 working TMD.docx', 'FEMA SS Response 12062022 working TMD.pdf', 'MBM-Capabilities_compressed.pdf', 'FEMA SS Response.docx', 'FEMA SS Response.pdf', 'ResponseSummary (3).pdf', 'FEMA POC Information_ DHS - GTD GMM System Integration - Market Research - tom.downs@mobomo.com - Mobomo, LLC Mail.mhtml', 'ContractData-20230601-052417.pdf', 'RAPID+RFI_20230209.pdf', 'GPS Modernization RFI.docx', 'GPS.gov+Modernization+Requirements.docx', 'SAM.Gov Announcement.pdf', 'NOAA - GPS.gov Modernization Request for Information - Mobomo Response v2.docx', 'NOAA - GPS.gov Modernization Request for Information - Mobomo Response.docx', 'Proposal Cover Template.docx', 'NOAA - GPS.gov Modernization Request for Information - Mobomo Response.pdf', 'Emails regarding NESDIS RFI from IBSS.pdf', 'PWS+Digital+CX+Modernization+and+User+Engagement+Support+Draft.pdf', 'SSN+NESDIS+Web+Modernization+Effort+11_28_2023.pdf', 'NOAA - NESDIS Sources Sought - Mobomo Capabilities Statement .docx', 'CX Info from Pinkus.docx', 'Mobomo - NOAA Web Modernization Proposal - 2020 with NESDIS .docx', 'NOAA - NESDIS Sources Sought - Mobomo Capabilities Statement v2.docx', 'NOOA - NESDIS Sources Sought - Mobomo Capabilities Statement.docx', 'NOAA - NESDIS Sources Sought - Mobomo Capabilities Statement .docx', 'NOAA - NESDIS Sources Sought - Mobomo Capabilities Statement .pdf', 'Draft PWS Word Version converted from pdf.docx', 'Draft+PWS+NW-WV9906-23-00067.pdf', 'GovWin IQ - 232362 - TSUNAMIGOV REQUIREMENTS VALIDATION WEBSITE REDESIGN AND SOFTWARE DEVELOPMENT TO SUPPORT THE NATIONAL WEATHER SERVICE.pdf', 'Sources Sought_ National Weather Service - Requirements Validation, Website Redesign and Software Development for tsunami.gov (2).pdf', 'NTWS Sources Sought Capabilities and Relevant Experience - Mobomo LLC.docx', 'NTWS Sources Sought Capabilities and Relevant Experience - Mobomo LLC.pdf', 'NTWC Cover.docx', 'NTWS Sources Sought Capabilities and Relevant Experience - Mobomo LLC.docx', 'NTWS Sources Sought Capabilities and Relevant Experience - Mobomo LLC.pdf', 'Draft PWS_OPOG FOIA Case Management System.docx', 'Sources Sought Cover Letter for DOC FOIAonline Case Management System.docx', '12.20.2023+Amended+RFI-23-EUSO-01.pdf', '12.20.2023+Consolidated+Vendor+Questions+and+Government+Responses_RFI-23-EUSO-01.xlsx', '12.20.2023+RFI-23-EUSO-01+Sample+Chart_Exhibit+format.xlsx', 'ITA.docx', '12.20.2023+RFI-23-EUSO-01+Sample+Chart_Exhibit+format - Mobomo.xlsx', 'EUSOS Market Research Survey Response Mobomo.docx', '12.20.2023+RFI-23-EUSO-01+Sample+Chart_Exhibit+format - Mobomo.xlsx', 'EUSOS Market Research Survey Response Mobomo.docx', 'EUSOS Market Research Survey Response Mobomo.pdf', '09.07.2023_RFI-23-EUSO.pdf (2).pdf', '10.03.2023_RFI-23-EUSO_Consolidated_Vendor_Submission_QA.pdf (1).pdf', '12.01.2023_RFI-23-EUSO-01_12.01.2023.pdf (1) (1).pdf', 'GovWin IQ - 191094 - END USER SUPPORT OPERATIONS SUPPORT\xa0(EUSOS).pdf', '221222_RFI+template+V3 (1).docx', '230111_IRSS_Help+Desk_CDRLs.20230106+FINAL+(1).pdf', 'GovWin IQ - 227667 - INFORMATION RESOURCE SUPPORT SYSTEM HELP DESK SERVICES\xa0(IRSS).pdf', 'GovWin IQ - 3476909 - Request for Information for Help Desk Services.pdf', 'IRSS+Help+Desk+PWS.pdf', 'RFI SSN week of jan_16_2023 SP3.docx', 'Air Force IRSS Help Desk - RFI Response.docx', 'Air Force IRSS Help Desk Capabilities Matrix Template.xlsx', 'Copy+of+ODASAP+CMS+Analysis+Requirements+Matrix_V1.xlsx', 'SAM.gov.webloc', 'Adarsh Draft.docx', 'Army RFI Rough Draft v1.docx', 'ODASAP CMS Analysis Requirements Matrix V1 Rough Draft v1.xlsx', 'SAM.gov.url', 'Mobomo_LLC_Informational Response CMS-ACC-APG Content Management Solutions.pdf', 'Mobomo_LLC_ODASAP CMS Analysis Requirements Matrix.xlsx', 'MRAS My Army Post App_Amendment 0003 18JAN_Final.pdf', 'MRAS My Army Post App_Amendment 0003 18JAN_Final (2).pdf', 'Army___My_Army_Post_App___Market_Research.doc.docx', 'Email Regarding Army RFI Submission.pdf', 'My_Army_Post_App_PWS (1).pdf', 'Notes from Call with Army Post RFI Submission 12.20.23.docx', 'Army RFI RFQ1668070 - AMENDMENT 1 Response - Mobomo  .docx', 'Army RFI RFQ1668070 - Mobomo.docx', 'Proposal Cover Template.docx', 'Army RFI RFQ1668070 - AMENDMENT 3 Response - Mobomo.docx', 'Army RFI RFQ1668070 - AMENDMENT 3 Response - Mobomo.pdf', 'Army RFI RFQ1668070 - Mobomo.docx', 'Army RFI RFQ1668070 - Mobomo.pdf', 'Initial RFI Submission ResponseSummary .pdf', 'Army RFI RFQ1668070 - AMENDMENT 3 Response - Mobomo.docx', 'Army RFI RFQ1668070 - AMENDMENT 3 Response - Mobomo.pdf', 'GSA eBuy!.pdf', 'NSEP-IT PWS_draft.1693316058295.docx', 'DLNSEO Sources Sought Mobomo Response draft v1.docx', 'DLNSEO Sources Sought Mobomo Response.docx', 'Proposal Cover DOD conv 1.png', 'Proposal Cover DOD.docx', 'Proposal Cover DOD.pdf', 'DLNSEO Sources Sought Mobomo Response.docx', 'DLNSEO Sources Sought Mobomo Response.pdf', 'PWS Draft - IT Eng Sources Sought (1).pdf', 'Sources Sought (1).pdf', 'NAVSUP RFI Draft v1.docx', 'Proposal Cover Template.docx', 'NAVSUP IT Engineering SSN.pdf', 'NAVSUP RFI Draft v1 (1).docx', 'DRAFT_WEB_PWS_RFI.pdf', 'OSD - DECA Website Refresh Development & Sustainment Solution - MRAS.pdf', 'DeCA Website Refresh - Mobomo Capabilities.docx', 'Proposal Cover.docx', 'DeCA Questionnaire part 1.pdf', 'DeCA Questionnaire part 2.pdf', 'DeCA Website Refresh - Mobomo Capabilities.docx', 'DeCA Website Refresh - Mobomo Capabilities.pdf', 'ResponseSummary (8).pdf', 'DOE_HPS_RFI_ER_RS.pdf', 'GSA eBuy! - RFQ1588111.pdf', 'Link for Submission.docx', 'Dept. of Energy RFI Response draft v1.docx', 'Dept. of Energy RFI Response draft v2.docx', 'Dept. of Energy RFI Response draft v2.pdf', 'Dept. of Energy RFI Response Final.pdf', 'RFI052422 - MarkUp.pdf', 'RFI052422+website+refresh.pdf', 'Fermilab RFI Response Rought Draft v1.docx', 'Mobomo_Fermilab Website Refresh RFI Response.pdf', 'RFI-WIOA-State-Plan-Portal-2022.1668115290096 (1).pdf', 'RFQ1594346 RFI Drupal Based Portal Support Services Questions and Answers.1669384661986.docx', 'WIOA-FY23-PWS-DRAFT -11102022.1668115305584.pdf', 'DoED_Compliance Matrix.xlsx', 'DoED_Draft.Template_KN.V1.docx', 'Volume III - PWS Redline - Dept. of Education WOIA Portal RFI Response - upload fail.docx', 'Volume I - Capabilities Statement - Dept. of Education WOIA Portal RFI Response.docx', 'Volume II - Vendor Questions Response - Dept. of Education WOIA Portal RFI Response.docx', 'Volume III - PWS Redline - Dept. of Education WOIA Portal RFI Response.docx', 'epmr-framework-final.pdf', 'Volume I - Capabilities Statement - Dept. of Education WOIA Portal RFI Response.docx', 'Volume II - Vendor Questions Response - Dept. of Education WOIA Portal RFI Response.docx', 'Volume III - PWS Redline - Dept. of Education WOIA Portal RFI Response.docx', '2022-security-and-privacy-requirements-for-information-technology-procurements.1681419767145 (1).pdf', 'DoED PIVOT H GovWin IQ - 223258 - PORTFOLIO OF INTEGRATED VALUE ORIENTED TECHNOLOGIES HOSTING PIVOT H\xa0(PIVOT-H).pdf', 'DoED PIVOT H SAM.gov.pdf', 'PIVOT-H_PWS_Recompete_20230412.1681419771704 (1).docx', 'RFI-ED-OCIO-ETS-FY23-0_PIVOT HOSTING 20230412.1681419756184 (1).xlsx', 'Dept. of Education PIVOT H Recompete Capabilities Statement.docx', 'Dept. of Education PIVOT H Shred v2.docx', 'Dept. of Education PIVOT H Shred.docx', 'Dept. of Education PIVOT H Recompete Capabilities Statement - Mobomo, LLC.docx', 'Dept. of Education PIVOT H Recompete Capabilities Statement - Mobomo, LLC.pdf', 'Sources_Sought_Announcement_140L0124Q0002_1_1 (1).docx', 'DOI BLM SS Marketing and Digital Media Market Research.docx', 'DOL BLM SS DRAFT2.docx', 'DOL_BLM _Sources_Sought_DRAFT.docx', 'AutoRecovery save of BLM Cover.docx', 'BLM Cover.docx', 'DOI_DOI_IBC_PaaS_CMS_Migration.docx', 'DOI_IBC_PaaS_Drugal_CMS_PWS (2).pdf', 'DOI_IBC_PaaS_Drugal_CMS_PWS Markup.pdf', 'Department of Interior IBC PaaS CMS v2.docx', 'Department of Interior IBC PaaS CMS.docx', 'Department of Interior IBC PaaS CMS RFQ1595685 Response - Mobomo LLC.docx', 'Department of Interior IBC PaaS CMS RFQ1595685 Response - Mobomo LLC.pdf', 'ResponseSummary (2).pdf', 'DOI___DOI_IBC_Drupal_PaaS_Support___Market_Research.doc.docx', 'FY23_DOI_IBC_Drupal_SOW__1_ (2).pdf', 'Department of Interior IBC PaaS CMS .docx', 'DOI IBC PaaS CMS Cover conv 1.png', 'DOI IBC PaaS CMS Cover.docx', 'DOI IBC PaaS CMS Cover.pdf', 'Mobomo NDA - Standard DOI IBC PaaS NOVA Dine.docx', 'Mobomo NDA - Standard DOI IBC PaaS NOVA Dine_FE.pdf', 'Mobomo NDA - Standard DOI IBC PaaS NOVA Dine_PE.pdf', 'Department of Interior IBC PaaS CMS - Mobomo.docx', 'Department of Interior IBC PaaS CMS - Mobomo.pdf', 'ResponseSummary (5).pdf', 'DOI___IBC_PaaS_Cloud_Services___MRAS.pdf', 'FY23_DOI_IBC_Drupal_SOW.pdf', 'POC Information_ DOI - IBC PaaS Cloud Services - MRAS.pdf', 'Department of Interior IBC PaaS CMS - Team Mobomo Capabilities .pdf', 'Department of Interior IBC PaaS CMS .docx', 'Mobomo NDA - Standard DOI IBC PaaS NOVA Dine.docx', 'Mobomo NDA - Standard DOI IBC PaaS NOVA Dine_FE.pdf', 'Mobomo NDA - Standard DOI IBC PaaS NOVA Dine_PE.pdf', 'Department of Interior IBC PaaS CMS - Team Mobomo Capabilities.pdf', 'Department of Interior IBC PaaS CMS .docx', 'IBC PaaS CMS - Submission Confirmation.pdf', 'ResponseSummary (1).pdf', 'My DOI Career Application Development and Maintenance.1681827564093 (2).docx', 'RFI Instructions.1681827555392 - markup.pdf', 'RFI Instructions.1681827555392.pdf', 'OHC SHRED.docx', 'A01 SOW-Drupal Website Developer.1667236243155 Copy.pdf', 'Instructions for submission.docx', 'DOJ DEA O&M RFI.docx', 'DOJ DEA O&M RFI.pdf', 'DEA Pricing Worksheet.xlsx', 'DOJ DEA O&M RFI Final 1142022.docx', '1605TA-24-N-00001-EBuy.1702504000225.pdf', 'GSA eBuy! DOL Website.pdf', 'DOL.gov Web Services - accessibility testing version.docx', 'DOL.gov Web Services.docx', 'Proposal Cover Page DOL RFI.docx', 'DOL.gov Web Services 12192023.pdf', 'DOL.gov Web Services GSA 12202023.docx', 'DOL.gov Web Services GSA 12202023.pdf', 'ResponseSummary (6).pdf', 'IT_Services_SOW .docx', 'ITA PP DOL RFI 10252022.docx', 'DOL RFI 10282022.pdf', 'ResponseSummary.pdf', 'Draft+Procurement+Forecasting+Tool+SOO.pdf', 'RFI+Response+Template+Forecasting+Tool.docx', 'SAM.gov.url', 'RFI+Response+Template+Forecasting+Tool.docx', 'DOS RFI Pricing.xlsx', 'Mobomo_LLC Response - RFI+Response+Template+Forecasting+Tool.pdf', 'ETDD at EPA Requirements Gathering - Capabilities and Relevant Experience - Mobomo LLC.docx', 'ETDD at EPA Requirements Gathering - Capabilities and Relevant Experience - Mobomo LLC.pdf', 'ResponseSummary (2).pdf', 'FDIC - market-research - solicitation.docx', 'Federal Deposit Insurance Corporation - Market Research - Mobomo Response.docx', 'Federal Deposit Insurance Corporation - Market Research - Mobomo Response.pdf', 'FDIC LoE Base and option O&M.xlsx', 'Proposal Cover FDIC conv 1.png', 'Proposal Cover FDIC.docx', 'Federal Deposit Insurance Corporation - Market Research - Mobomo Response.docx', 'Federal Deposit Insurance Corporation - Market Research - Mobomo Response.pdf', 'FLRA___Agency_Website_FLRAgov_Update___Market_Research.pdf', 'SOW_for_FLRA.gov_REV.docx', 'Federal Labor Relations Authority Agency - RFI Capabilities Statement and Relevant Experience.docx', 'Federal Labor Relations Authority Agency - RFI Capabilities Statement and Relevant Experience.docx', 'FLRA Shred.docx', 'Federal Labor Relations Authority Agency - RFI Capabilities Statement and Relevant Experience.docx', 'FLRA Cover conv 1.png', 'FLRA Cover.docx', 'FLRA Cover2 conv 1.png', 'FLRA Cover2.pdf', 'Federal Labor Relations Authority Agency - RFI Capabilities Statement and Relevant Experience.docx', 'Federal Labor Relations Authority Agency - RFI Capabilities Statement and Relevant Experience.pdf', 'Response Received_ FLRA - Agency Website (FLRA.gov) Update - MRAS - tom.downs@mobomo.com - Mobomo, LLC Mail.pdf', 'ResponseSummary (4).pdf', 'FTC Sources Sought Email.pdf', 'Pricing work up for FTC ROM.xlsx', 'FTC Website Design Sources Sought.docx', 'FTC Market Research 4182023.docx', 'FTC Market Research.pdf', 'GSA - TTS RFI.pdf', 'GSA POC for TTS RFI.pdf', 'RFI__1_Questions__posted_2_14_24.pdf', 'GSA - Technology Transformation Services - Market Research - Mobomo Capabilities.docx', 'Proposal Cover Template.docx', 'GSA - Technology Transformation Services - Market Research - Mobomo Capabilities.docx', 'GSA - Technology Transformation Services - Market Research - Mobomo Capabilities.pdf', 'ResponseSummary (7).pdf', 'HUD Modernization SAM Publication with Submission Instructions.pdf', 'PWS+-+Digital+Transformation+Software+Development+and+Operation+and+Maintenance_+(002).docx', '56-9021-23_1301109531+QASP+DRAFT.docx', '56-9021-23_DRAFT+PWS+IT+Services (1).docx', 'N00173-23-RFI-CT03 (1).docx', 'NRL RFI N00173-23-RFI-CT03.docx', 'NRL RFI N00173-23-RFI-CT03 - Mobomo.docx', 'NRL RFI N00173-23-RFI-CT03 - Mobomo.pdf', 'SHRM RFI.pdf', 'SHRM RFI .docx', 'SHRM RFI 11.9.22.docx', 'SHRM RFI 11.9.22.pdf', 'SHRM Pricing.xlsx', 'Society for Human Resources Management Request for Information Response - Mobomo LLC.docx', 'Society for Human Resources Management Request for Information Response - Mobomo LLC.pdf', 'Draft+PWS+for+TXO+CX+Support.docx', 'GovWin IQ - 236073 - TAXPAYER EXPERIENCE OFFICE SERVICES SUPPORT\xa0(TXO).pdf', 'TXO+CX+Support+(RFI).docx', 'IRS - Taxpayer Experience Office - Market Research - Mobomo Response and Capabilities.docx', 'Census+Consumer+Expenditure+OCR+RFI.docx', 'ContractData-20220707-103740.pdf', 'SAM.gov.url', 'Census OCR RFI Response Rough Draft v1.docx', 'Graph-01.png', 'Maximus OCR - Google Drive.url', 'Mobomo Deep Learning and Image processing Approach Review - Google Docs.url', 'Mobomo OCR_ICR Capture and QC.mp4', 'OCR POC - NY Documents.mov', 'OCR Pow-wow (2022-07-22 07-14 GMT-7) - Google Drive.url', 'Vol 5_2. Past Performance Summary.docx - Google Docs.url', 'Mobomo_LLC_Census OCR RFI Informational Response.pdf', 'AMS_LPGMN_LivestockEvalApp_RFI.pdf', 'SAM Notification for USDA Livestock LiDAR RFI.pdf', 'AMS LPGMN RFI -- Response Livestock Evaluation App - Mobomo.docx', 'RFI - Farmers.gov.pdf', 'Road Map Farmers.gov.pdf', 'Farmers.gov RFI Response v.1.docx', 'NIFA_Content_Mgmt_SOW__DRAFT_ (1).pdf', 'USDA___Content_Management_Services___Market_Research.pdf', 'USDA CMS NIFA Shred.docx', 'USDA NIFA CMS Market Research No. 1620744 - Mobomo Response.docx', 'Mobomo NDA - Standard NIFA NOVA-Dine_PE.pdf', 'ResponseSummary.pdf', 'USDA NIFA CMS Market Research No. 1620744 - Mobomo Capabilities Statement.pdf', 'Capability Matrix.xlsx', 'OCX GovWin IQ - 224543 - USDA OFFICE OF CUSTOMER EXPERIENCE CX DESIGN SUPPORT SERVICES\xa0(OCX).pdf', 'RFI+USDA_OCX_Design+Support+Services.pdf', 'RFI+USDA_OCX_Design+Support+Services-2.pdf', 'SOW+-+CX+Design+Support+Services.pdf', 'USDA OCX _QnA Template.xlsx', 'USDA+OCX++QnA+Response+10.21.22.xlsx', 'RFI Response USDA OCX - Mobomo - IB Edits - 103022.docx', 'RFI Response USDA OCX - Mobomo, LLC.docx', 'USDA RFI draft v2.docx', 'Document_Cover_Doc_Cover.png', 'IntelliBridge_LOGO.jpg', 'Mobomo Data Call - IntelliBridge - USDA OCX - CX Design Support Services .docx', 'RFI Response USDA OCX - Mobomo LLC.docx', 'RFI Response USDA OCX - Mobomo LLC.pdf', 'IntelliBridge_USDA_TA__Mobomo_12-8-22_[26]_encrypted_.pdf', 'USDA - OCX Internal Proposal Checklist.xlsx', 'SOO_FS_MRAS_Data_Collection_Dashboard.docx', 'Technical Volume Cover Template.pdf', 'Draft Response for Short Answer Questions.docx', 'Draft Response for Short Answer Questions.pdf', 'RFI Response USDA Secure Rural Schools Database - Mobomo.docx', 'Text Boxes.docx', 'Draft Response for Short Answer Questions.pdf', 'RFI Response USDA Secure Rural Schools Database - Mobomo.docx', 'RFI Response USDA Secure Rural Schools Database - Mobomo.pdf', 'USDA Secure Rural Schools Database confirmation .pdf', 'Attachment 1- WIC RFI Instructions to Contractors.1673299692077.pdf', 'Attachment 2- WIC Digital Services RFI_PWS.1673299694888 (2).pdf', 'Attachment 4- Question and Answers_FINAL.1674244317407.xlsx', 'RFI Response USDA WIC - Mobomo.docx', '36C24E23Q0134.docx', 'P02 MR RFI Attachment A Draft PWS.1690566935597.pdf', 'P02 MR RFI GSA Description.1690566931004.pdf', 'VA CMS Summary 07312023.docx', 'VA NCA Digital Shred_mp.docx', 'VA NCA RFI - Capabilities Statement Mobomo.docx', 'VA NCA RFI v2.docx', 'VA NCA RFI.docx', 'VA NCA RFI v2.docx', 'OS3I-RFI-Embargoed-Until-08102023-0500EST.pdf', 'Attachment 1 - Performance Work Statement[43].docx', 'Attachment 2 - Pricing Schedule Template[32].xlsx', 'Attachment 3 - Past Performance Questionnaire.docx', 'Attachment 4 - Terms and Conditions[71].pdf', 'GSA eBuy! RFQ1671080 (STARS3)[28].pdf', 'NVFEL - Instructions and Evaluation[6].pdf', 'EPA Writeup Task 10 282024 TMD.docx', 'Battlecard for Mobomo.pptx', '89233123QNA000280 Attachment 1 NIMS BPA.SOO 11.16.2022.pdf', '89233123QNA000280 Sol_89233123QNA000280.pdf', 'Attachment 08 Facility Clearance Info Sheet.xlsx', 'Data Call #1_Points of Contact.docx', 'Data Call #2_ Lessons Learned Tech Vol 2&3 .docx', 'Data Call #3_ Stats .docx', 'NIMS_OCI_Team Member.docx', 'SECTION 10 NNS-K-1003.docx', 'ActioNet_-_Mobomo_TA_Mod1_NNSA_NIMS_FE.pdf', 'SECTION 10 NNS-K-1003.docx', '030ADV22R0079 (4).pdf', 'J1 - Agile Software Development IDIQ Labor Categories.xlsx', 'J2 - Quality Assurance Surveillance Plan.docx', 'J3 - Agile Methodology.pdf', 'J4 - Questions 030ADV23R0079.xlsx', 'J5 - Past Performance Questionnaire.docx', 'J6 - Vendor+Questions+and+Answers+Amendment+2.xlsx', '030ADV22R0079+0001.pdf', 'J1+-+Agile+Software+Development+IDIQ+Labor+Categories+-+Amendment+1.xlsx', 'J6+-+Vendor+Questions+and+Answers.xlsx', 'J7+-+Selected+Library+of+Congress+Regulations.pdf', 'US Courts Mod 12-19-2022 SAM.gov.pdf', 'Capabillites Overview for Agile Trailblazers.docx', 'NOAA Fisheries Data Call.docx', 'NOAA Fisheries Web Modernization PP 1.6.23.docx', 'NOAA Fisheries Web Modernization PP.docx', 'Teaming Agreement ATB - Mobomo FE.pdf', 'AgileTrailblazers_J1 - Agile Software Development IDIQ Labor Categories Crosswalk LCATS.xlsx', 'AgileTrailblazers_J1 - Agile Software Development IDIQ Labor Categories Mobomo1102023.xlsx', 'AgileTrailblazers NDA (2022-12-15_17-17 AST).pdf', 'Red_Team_Deltek_GSA_Alliant_3_Webinar_QA_011624.pdf', 'Amend 02-Attachment 1- Instructions to Offerors.pdf', 'Attachment 2- PWS Sustainment Operations BPA.1653585016823.pdf', 'Mobomo - NOAA Fisheries PP - Armedia Response USDA FNS OIT Sustainment BPA Phase 1 (1).docx', 'B02- Attachment 1- FNS OIT Sustainment Operations for Applications RFQ.pdf', 'B02- Attachment 2- FNS OIT Sustainment for Applications PWS.pdf', 'B02- Attachment 3- FNS OIT Sustainment for Applications QASP.pdf', 'B02- Attachment 4 - Clauses and Provisions.pdf', 'B02- Attachment 5 - Vendor Submitted Questions Matrix.xlsx', 'Mobomo Data Call.docx', 'Transition Past Performance FERC for USDA Sustainment.docx', '1305M323QNFFK0059 SF1449.pdf', 'Amendment 0001- 1305M323QNFFK0059 SF30.pdf', 'Attachment A - Performance Work Statement.pdf', 'Attachment B - Pricing Schedule.xlsx', 'Attachment C - Past Performance Questionnaire.pdf', 'Attachment D - Alternative Pricing Schedule.xlsx', 'PWS NMFS Software Develop and Information Management Services (2).pdf', 'Mobomo_Executive Summary_Phase I Volume 1 Sol. 1305M323QNFFK0059_Data Call 6.26.23.docx', 'Mobomo_Phase I Volume 1 Sol. 1305M323QNFFK0059_Data Call - Revised 6.26.23.docx', 'Mobomo_Phase I Volume 1 Sol. 1305M323QNFFK0059_Data Call.docx', 'Mobomo_Staffing Requirements Data Call_Phase I Volume 1 Sol. 1305M323QNFFK0059.docx', 'NMFS S&T Information Management Capability Matrix_COMPANY_NAME_mmddyyyy.xlsx', 'Phase I Volume 1 Sol. 1305M323QNFFK0059_Data Call.docx', 'Attachment C - Past Performance Questionnaire (1).pdf', 'Mobomo_Phase II Volume 2_Past Performance Sol. 1305M323QNFFK0059_Data Call.docx', 'NOAA_NMFS_Application_Dev_AttainX_-_Mobomo_TA_FE.pdf', 'BIS SOW Data Call for Potomac Haven .docx', 'final draft converted to word.docx', 'Potomac_Haven_Response_RFQ_1331L522RFP00082_BIS_Digital_Services_Website_Design (2).pdf', 'Potomac_Haven_Response_RFQ_1331L522RFP00082_BIS_Digital_Services_Website_Design_08_25_2022 (1).pdf', 'Timothy A. Hill Resume.docx', '36C10X24R0026+DRAFT+RFP_IHT2+(2-23).docx', 'Attachment+A+-+VHA+IHT+2.0+Labor+Categories+(2-23).docx', 'Attachment+S2+-+STO2+-+Performance+Work+Statement+(Draft+2-23).docx', '4B_Mobomo_Solutions Engineering & Issue Resolution.docx', '4G_Mobomo_Human Centered Design & Human Sys Svcs.docx', '4P_Mobomo_Application Support.docx', '4W_Mobomo_Agile Development Methodology.docx', 'VHA_IHT 2.0_Data Call 05 PP-Company Name.xlsx', 'VHA_IHT 2.0_Data Call 6_Mobomo.xlsx', 'VHA_IHT 2.0_Data Calls 3&4 SDVOSB_Mobomo (1).xlsx', 'CATTS IDIQ PWS (1).pdf', 'Data Call 2a_CATTS_Experience Matrix_Mobomo.xlsx', 'Data Call 2b_CATTS_Experience Worksheet.docx', 'NOVA-CATTS Data Call 1 - Mobomo POCs & Overview .docx', 'CATTS - ENTERPRISE IT SERVICE DESK SUPPORT_ QAs Worksheet.xlsx', 'DRAFT Attachment 0002 - QASP.pdf', 'DRAFT Attachment A - FY22 Historical Ticketing Information.pdf', 'DRAFT Attachment B - FY23 Historical Ticketing Information.pdf', 'DRAFT PWS Addendum Attachment 1 - Supported Software.pdf', 'DRAFT_Attachment 0001 - PWS - IT Service Desk.pdf', '1._Attachment_1_PWS.pdf', '1._Revised_Attachment_1_PWS.pdf', '2._Attachment_2_Rate_Card.xlsx', '2._Revised__Attachment_2_Rate_Card.xlsx', '3._Revised_Solicitation.pdf', '3._Solicitation_Final.pdf', '1._Revised_Attachment_1_PWS (1).pdf', '2._Revised__Attachment_2_Rate_Card.xlsx', '3._Revised_Solicitation (1).pdf', 'Questions_&_Answers (1).pdf', '1._Attachment_1_PWS.pdf', '2._Attachment_2_Rate_Card.xlsx', '3._Solicitation_Final.pdf', 'GovWin IQ - 183298 - IT CUSTOMER SUPPORT SERVICES.pdf', 'ITA_Call_Center_Services_RFI.docx.docx', 'Questions_&_Answers.pdf', 'DDC_CapabilityMatrix_EnterpriseITServiceDesk-CATTS_Mobomo.xlsx', 'DDC_CapabilityMatrix_EnterpriseITServiceDesk-CATTS_Mobomo.xlsx', '1331L524Q13OS0002.pdf', 'CATTS TO2 CUI CCB Pricing Schedule .xlsx', 'CUI-CCB CATTS TO2 PWS 2023.pdf', 'v2.0_7 NOV 2023_DRAFT DD254_CATTS-OS OCIO_1331L523D13OS00XX.pdf', 'CATTS Forecast Report.xlsx', '001+--+T4NG2+Price+Attachment+Final.xlsx', '002+--+Labor+Category+Descriptions+Final.xlsx', '003+--+Contractors+Progress+Status+and+Management+Report.docx', '004+--+T4NG2+Contract+Performance+Report+for+TM.xlsx', '005+--+T4NG2+Contract+Performance+Report+for+CR.xlsx', '006+--+T4NG2+GFE+Report.xlsx', '008+--+T4NG2+Manpower+Report+-+Task+Order.xlsx', '009+--+Contractor+Staff+Roster+Template.xlsx', '010+--+T4NG2+SB+Report+Final.xlsx', '011+--+T4NG2+Veterans+Employment+Certification+Report+Final.xlsx', '012+--+PrimeOfferor_VE.xlsx', '013+--+Veterans+Employment+Certification.docx', '014+--+PrimeOfferor_SBPC.xlsx', '015+--+T4NG2+Self+Scoring+Worksheet.xlsx', '017+--+Relevant+Experience+Project+(REP)+Template.docx', '018+--+Performance+Risk+Assessment+Questionnaire.docx', '36C10B23R0011_7.docx', 'Compare Docs - 000 - DRAFT RFP_36C10B23R0011_5.docx vs RFP_36C10B23R0011_Final.xlsx', 'RFP_36C10B23R0011_Final.docx', '20230317 T4NG2_REP_Scoring_vMobomo.xlsx', 'Corrections for Lisa 4-22-2023.docx', 'Creek-DDC-JV-Mobomo-REP6.docx', 'Creek-DDC-JV-Mobomo-SD-SSW-REP6-SOW.DELTA2.pdf', '017+--+Relevant+Experience+Project+(REP)+Template (3) (1).docx', '140D0418F0081 Award.pdf', 'Attachment A - SOW 140D0418Q0068 (1).pdf', 'F01 MSF30 140D0418F0081 Mod 11.pdf', 'FPDS-NG _ ICDUSER [ Award ].pdf', 'ITA ENG - Puppet OIP Process.docx', '017+--+Relevant+Experience+Project+(REP)+Template (3) (1) TMD edits 041523.docx', 'CREEK-DDC-JV-DVU-SD-SSW-REP9-JV TG Signed.pdf', 'CT-DVUnited_T4NG2_NDA_Apr23.docx', 'CT-DVUnited_T4NG2_NDA_FE_Apr23.pdf', 'CTDDC-DVUNITED_TA_T4NG2_draft.docx', 'CTDDC-DVUNITED_TA_T4NG2_FE_Apr23.pdf', '017+--+Relevant+Experience+Project+(REP)+Template (3) (1) TMD edits 041523.docx', '017+--+Relevant+Experience+Project+(REP)+Template (3) (1).docx', '140D0418F0081 Award.pdf', '140D0418F0081 Mod 05, Executed.pdf', 'Attachment A - SOW 140D0418Q0068.pdf', 'CREEK-DDC-JV-DVU-SD-SSW-REP9 Rev TMD.docx', 'CREEK-DDC-JV-DVU-SD-SSW-REP9-JV.docx', 'F01 MSF30 140D0418F0081 Mod 11.pdf', 'FPDS-NG _ ICDUSER [ Award ].pdf', 'ITA ENG - Puppet OIP Process.docx', '017+--+Relevant+Experience+Project+(REP)+Template Mobomo NOAA.docx', '1305M220QNFFK0252.1595542476401.docx', '20FNFFK0331 P21002 FE.pdf', 'Attachment A - Statement of Work.WebMod.pdf.docx', 'Creek-DDC-JV-MO-SD-SSW-REP6-CPAR.pdf', 'FPDS-NG _ ICDUSER  MAC[ Award ].pdf', 'FPDS-NG _ ICDUSER [ Award ].pdf', 'NOAA FIsheries 2018-2019.pdf', 'T4NG2 Clarification Letter.pdf', 'Attachment 1_Statement of Objectives_SOO_Amendment 0001.1673537751488.pdf', 'Attachment 2_RFQ Question Submission Form.1670874550415 (1).xlsx', 'EPIC Data Call_Mobomo.docx', 'Final RFP 12.12.2022_Attachment 1_Statement of Objectives_SOO.1670874438824.docx', 'Final RFP 12.12.2022_Attachment 1_Statement of Objectives_SOO.1670874442020.pdf', 'Final RFP 12.12.2022_Attachment 2_RFQ Question Submission Form.1670874550415 (1).xlsx', 'Final RFP 12.12.2022_Attachment 3_Security Requirements.1670874578613.pdf', 'Final RFP 12.12.2022_Attachment 4_EPIC Pool 1 Pricing Spreadsheet.1670874586380.xlsx', 'Final RFP 12.12.2022_Attachment 5_EPIC Pool 2 Pricing Spreadsheet.1670874596333.xlsx', 'Final RFP 12.12.2022_Attachment 6_Draft RFQ.1670874614495 (2).pdf', 'Final RFP 12.12.2022_Attachment 7_Draft RFQ Industry Questions and Answers.1670874627663.pdf', 'Final RFP 12.12.2022_Attachment 8_EPIC Pool 1 - Phase 1 Questions.1670874644360.docx', 'Final RFP 12.12.2022_Attachment 9_EPIC Pool 2 - Phase 1 Questions.1670874648097.docx', 'Final RFP 12.12.2022_EPIC RFQ No. 70SBUR23Q00000009.1670875307856 (1).pdf', 'Proposal Kick-Off Slides EPIC.pptx', 'Pinkus.docx', 'Proposal Kick-Off Slides EPIC.pptx', 'TA_Dev_Technology-USCIS EPIC 12.12.2022.pdf', 'Tom.docx', 'USCIS EPIC_Mobomo Price Template 3282023.xlsx', 'USCIS EPIC_Mobomo Price Template OUR PRICING PRIOR TO DISCOUNT.xlsx', 'USCIS HCD.docx', 'Attachment+J-1_SWIFT+Pricing+Template.xlsx', 'Attachment+J-2_SWIFT+Performance+Work+Statement.pdf', 'Attachment+J-5_SWIFT+Quality+Assurance+Surveillance+Plan.pdf', 'Attachment+J-7_SWIFT+LCAT+Descriptions.pdf', 'Attachment+J-8_SWIFT+Task+Order+1.pdf', 'Attachment+J-9_SWIFT+Ordering+Guide.pdf', 'Dev SWIFT Kickoff notes 10122022.docx', 'Dev SWIFT Kickoff Slides 01102022.docx', 'Dev Technology SubK SWIFT Collaborative Services.docx', 'Dev Technology SWIFT SubK - Attachment A - SOW.pdf', 'Dev Technology SWIFT SubK - Attachment B - Prime Flow Dows.pdf', 'Dev Technology SWIFT SubK - Attachment C - Labor Categories.pdf', 'Dev Technology SWIFT SubK - Attachment D - Quality Assurance Surveillance Plan (QASP).pdf', 'GovWin IQ - 206965 - SCALABLE WAYS TO INITIATE FLEXIBLE TASKS\xa0(SWIFT).pdf', 'ICE SWIFT GovWin IQ - 112 - OFFICE OF PR.pdf', 'ICE SWIFT GovWin IQ.pdf', 'SWIFT April 27 2022 update.pdf', 'SWIFT Forecast Record _ Acquisition Planning Forecast System.pdf', 'SWIFT SAM.gov.pdf', 'SWIFT+ICE+Industry+Day+Nov10+2021.pdf', 'SWIFT+Industry+Day+List+of+Attendees.pdf', 'SWIFT+LCAT+Descriptions+_Attachment+J-8_011922v1.pdf', 'SWIFT+PWS+DRAFT.pdf', 'SWIFT+PWS_Attachment+J-2_011922.pdf', 'SWIFT+QASP_Attachment+J-5_011922v1.pdf', 'SWIFT_Attachment J-6 Questions 01242022.xlsx', 'SWIFT_Attachment+J-6.xlsx', 'SWIFT_Data Call Mobomo 01312022.docx', 'SWIFT_SBPP_Attachment+J-4.docx', 'TA_Mobomo_12.13.21_FE (1).pdf', '2.2.1-TORP Attachment 1_Letter to Offerors_06.02.23.pdf', '2.2.1-TORP Attachment 2_Terms and Conditions_06.01.23.pdf', '2.2.1-TORP Attachment 3_PWS_06.02.23.pdf', 'ICE SWIFT (Collab) - Non-Citizen Portal - Pricing Data Call #1 - Mobomo (1).xlsx', 'NDTC Orals Slides.pptx', 'SWIFT DRAFT PWS Template - NDTC (1).docx', 'A01_SMART_Performance_Work_Statement_Ver_1._01.09.24_RFI_Draft_USDA.pdf', 'USDA DISC SMART_DVUnited CapMatrix.xlsx', 'GDIT - Mobomo modernization examples.docx', 'GDIT RFI MARKET SURVEY_BEAGLE II.docx', 'MOBOMO_NDA_10543_CBP-BEAGLE_FE.pdf', 'Draft+Agile+BPA+PWS+v2.docx', 'IRS DSS Data Call 001_v1.docx', 'IRS DSS Data Call 002_v1.docx', 'Attachment 6 Pricing Template.1629382621598.xlsx', 'Draft+Agile+BPA+PWS+v2.docx', 'IRS Digital Support Services  2.19.22.docx', 'IRS DSS Data Call 001.docx', 'IRS DSS Data Call 002.docx', 'Mobomo Inc._NDA_USDT IRS DSS_FE.pdf', 'Mobomo LLC_TA_USDT IRS DSS_FE.pdf', 'Attachment J-1 ECOS SOO Draft Nov 2023 (1).pdf', 'Attachment J-1 ECOS SOO Draft Nov 2023.pdf', 'Attachment J-10 WETG HCD Handbook.pdf', 'Attachment J-11 WETG Data Architecture Handbook.pdf', 'Attachment J-5 - 508 Evaluation Template.docx', 'Attachment J-8 - WETG Agile Handbook.pdf', 'Attachment J-9 WETG DevOps Handbook.pdf', 'ECOS Solicitation Draft.pdf', 'RFQ-CMS-2024-240334 ECOS Final[1].pdf', 'ECOS_Data Call#1.xlsx', 'Mobomo Corporate Information.docx', 'Past Experience Response Mobomo - MBN.docx', 'Past Experience Response Mobomo - NOAA Fisheries.docx', 'Past Experience Response Template.docx', 'ECOS_GSA_CTA_Mobomo_Final.pdf', 'GPS Modernization RFI.docx', 'GPS.gov+Modernization+Requirements.docx', 'SAM.Gov Announcement.pdf', 'NOAA - GPS.gov Modernization Request for Information - Mobomo Response.docx', 'Proposal Cover Template.docx', 'Amendment 1 - RFQ NW-WV9906-23-00067.pdf', 'Appendix A - Tsunami Website Functional Requirements Doc 2.1 - redline Changes 8_15_2023.docx.pdf', 'Appendix A - Tsunami Website Functional Requirements Doc 2.0.pdf', 'Attachment 2  - Price Evaluation Spreadsheet NW-WV9906-23-00067 (1).xlsx', 'Questions NW-WV9906-23-00067.pdf', 'RFQ NW-WV9906-23-00067.pdf', 'NOAA NWS Tsunami Website Redesign and Software Development Capability Matrix_Mobomo.xlsx', 'Question 1 and 3 for Tsunami Website.docx', 'Question 2 generic content we can contribute - Tsunami.gov.docx', 'Questions for NOAA-NIMITS-NTWC RFP 8.11.23.xlsx', 'NTWS Sources Sought Capabilities and Relevant Experience - Mobomo LLC.pdf', 'Question 3 for Tsunami Website.docx', 'IBSS - Phase One - Factor 1 - NW-WV9906-23-00067 .docx', 'PPT - Orals - Phase II draft.pptx', '1305M323QNFFK0059 SF1449.pdf', 'Attachment A - Performance Work Statement.pdf', 'Attachment B - Pricing Schedule.xlsx', 'Attachment C - Past Performance Questionnaire.pdf', 'Attachment D - Alternative Pricing Schedule.xlsx', 'PWS NMFS Software Develop and Information Management Services (2).pdf', 'Mobomo_Phase I Volume 1 Sol. 1305M323QNFFK0059_Data Call.docx', 'NMFS S&T Information Management Capability Matrix_COMPANY_NAME_mmddyyyy.xlsx', 'Phase I Volume 1 Sol. 1305M323QNFFK0059_Data Call.docx', 'Data Call L-11-2-3 Mission Commitment.docx', 'Modified - DRAFT RFP - Att. J-4 - Mobomo.xlsm', 'Partner Data Call #1 - Mobomo .docx', 'PWS NMFS Software Develop and Information Management Services.pdf', 'Request for Sources Sought Announcement (1).pdf', 'IBSS Data Call.docx', '36C10B24R0005 SPRUCE - FINAL to post.pdf', '36C10B24R0005_1.docx', 'Attachment 001 - Price Evaluation Spreadsheet.xlsx', 'Attachment 002 - TM Labor Hour Status Report.xlsx', '36C10B23Q0225 A0001 v1.pdf', '36C10B23Q0225_1.docx', '36C10B23Q0225_3.docx', '36C10B23Q0225_4.docx', 'Draft SPRUCE PWS Capability Assessment Matrix-Mobomo.xlsx', 'Request+For+Information_SPRUCE+extension.docx', 'SPRUCE GovWin IQ - 230782 - VA SECURE PERFORMANT RELIABLE AND USER CENTERED EXPERIENCES IDIQ\xa0(SPRUCE).pdf', 'SPRUCE PWS v1.pdf', 'SPRUCE+PWS+-+DRAFT.pdf', 'Draft SPRUCE PWS Capability Assessment Matrix Combined.xlsx', 'NOTES from Kickoff.docx', 'TA TekFive_Mobomo VA SPRUCE 17June2023) FE.pdf', 'NDA_Mobomo_VA_SPRUCE_20231212_FE.pdf', 'SPRUCE Technical Challenge Quote.pdf', 'TA PRIME_Mobomo_VA SPRUCE_20231212_FE.pdf', '36C10G23R0007 - DA01--Office of Connected Care (OCC) Connected Care Integrated Network (CCIN)[55].eml', '36C10G23R0007.docx', 'Attachment A - Past Performance References.pdf', 'Attachment B - Past Performance Questionnaire.pdf', 'Attachment D B Table for Offerors_CCIN.xlsx', 'Attachment E CCIN Questions and Answers.xlsx', 'Attachment F QASP_13JAN23.docx', 'Attachment G Sample Task Order PWS.docx', 'Attachment H Contract Deliverables_OCCHD Sample TO.docx', 'Attachment+C+PWS_CCIN_FINAL+25JAN22.docx', 'Cisco BNJ Final_redact_Redacted.pdf', 'GlobalMed BNJ Final_redact_Redacted.pdf', 'PureWeb BNJ Final_redact_Redacted.pdf', 'PWS Attach 1 Background_CCIN_14SEP22.docx', 'PWS Attach 10 Current COTS Software_CCIN 13OCT22.docx', 'PWS Attach 2 VHA Technical Stack_CCIN_23JAN22.docx', 'PWS Attach 3 Product List CCIN_4JAN23.xlsx', 'PWS Attach 4 Base Contract Deliverables_CCIN_5Jan23.docx', 'PWS Attach 5 Current OCC Warehouse Inventory_CCIN_8DEC22.xlsx', 'PWS Attach 6 Products Available on Current Contract CCIN.xlsx', 'PWS Attach 7 Software Licenses and Maintenances Agreements_CCIN 23JAN22.xlsx', 'PWS Attach 8 Current Atlas SItes Requiring Support_CCIN 17NOV22.xlsx', 'PWS Attach 9 Current OCCHD Supported Technologies and SLAs_CCIN 25JAN22.docx', '02-Partner Spotlight Data Call.docx', 'Questions and Answers_CCIN RFP - Mobomo.xlsx', 'Root PP file content to be distilled down for 02-Partner Spotlight Data Call.docx', 'Draft Performance Work Statement.1666877122517.doc', 'HUD RFI instructions.docx', 'ITDC HUD RFI Response Template.docx', 'HUD ITDC pricing.xlsx', 'ITDC HUD RFI Response - Web Design and CX.docx', 'ITDC SBA NWBC.gov Modernization Capabilities Statement.pdf', 'SBA_NWBC_SOO_for_RFI_Final.docx', 'Attachment J-1 SOO Medicaid.gov Website Development Support-Clean (1).pdf', 'Attachment J-2 - Proposal Instructions (1).pdf', 'Attachment J-3 TORP Letter 2 (1).pdf', 'Attachment J-7 Question and Answer 02.13.2020 (1).xlsx', 'CMCS Medicaid_gov - storyboard and past performance outline (1).docx', 'Macannie- Mobomo Mutual NDA 10-2022 (2).docx', 'Macannie- Mobomo Mutual NDA 10-2022 FE.docx', 'Macannie-Mobomo Teaming Agreement for CMCS Web 11-2022.docx', 'Mobomo_Mcannie_UX_Discovery_11_10_22.pdf', 'Mobomo_Mcannie_UX_Discovery_11_10_22.pptx', 'Team Mcannie_Mobomo UX_Discovery for CMCS.pdf', 'CMS - Technical Proposal - draft based on prior SOO.docx', "Joe's Notes for CMCS Medicaid_gov - storyboard notes and past performance outline.docx", 'OCI Questionnaire ACTS v1 FE.pdf', 'ACTS_SubK_Rate_Request_Mobomo.xlsx', 'Attach_2_ ACTS DRFP LCATs_20220324.pdf', 'Data Call 2 - ACTS Staffing_COMPANY NAME.docx', 'Data Call 2 - ACTS Staffing_Mobomo.docx', 'Peraton ACTS Rates justification crosswalk.xlsx', 'Peraton ACTS SubK Rate Request_COMPANY NAME.xlsx', 'Peraton ACTS SubK Rate Request_Mobomo.xlsx', 'Peraton ACTS Rates justification crosswalk 12262022.xlsx', 'OCI Questionnaire ACTS.pdf', 'Summit-Mobomo_NDA_POLARIS FE 09302022.pdf', 'Summit_-_Mobomo_POLARIS_HUBZone_PE_09302022.pdf', 'COMET II BPA Synopsis.1694114079432 (1).pdf', 'COMET II Industry Day Presentation Slides.1695934277007 (2).pdf', 'COMET II QA 2023-12-20.1703086197871.pdf', 'Draft - COMET BPA QASP.1702655922178.pdf', 'Draft - COMET II BPA PWS.1702655921467 (1).pdf', 'COMET 2 - Capability Gap Analysis - Mobomo.xlsx', 'COMET II Past Performance Dec2023_RFI(first)_criteria - Teammates.xlsx', 'COMET2 RFI Response - Sub Team - Mobomo.docx', 'COMET2 RFI Response - Sub Team.docx', 'Goonies Blackhat - Partner Discussion.pptx', 'COMET2 RFI Response - Sub Team - Mobomo.docx', 'COMET 2 Teaming TA Framework.xlsx', 'TA - COMET2 - Mobomo FE 01.02.23.pdf', 'Goonies Blackhat - Partner Discussion - Downs.pptx', 'Mobomo Cover Letter Template.docx', 'SMD Web Support - 2025.docx', 'NCAPS Question Template .xlsx', 'NCAPS+Draft+PWS.docx', 'AAO+Program+Increment.pdf', 'Agency+Background+and+Historical.pdf', 'ATT+B+-+DRDs (1).pdf', 'ATT+C+-+Wage+Determinations (1).pdf', 'ATT+D+-+Applicable+Documents+List.pdf', 'ATT+E+-+SHE+Plan.pdf', 'ATT+F+-++Organizational+Conflict+of+Interest+(OCI)+Plan.pdf', 'ATT+G+-+Acronyms+Terms+and+Definitions.pdf', 'ATT+H+-+Phase-in+Plan.pdf', 'ATT+I+-+Service+Catalog+Pricing+Matrix.pdf', 'ATT+J+-+Fixed+Price+Story+Point+Process.pdf', 'ATT+K+-+Application+Support+Levels.pdf', 'ATT+L+-+Service+Catalog+Descriptions.pdf', 'ATT+M+-+Service+Delivery+Standards+and+Metrics.pdf', 'ATT+N+-+IT+Security+Management+Plan.pdf', 'ATT+O+-+Contract+Management+Plan.pdf', 'ATT+P+-+Deliverable+Products+and+Services+(DPS).pdf', 'ATT+Q+-+Attachment+1+to+DD+Form+254.pdf', 'ATT+Q+-+DD+Form+254+Cover.pdf', 'ATT+Q+-+DD+Form+254.pdf', 'ATT+R+-+CATS+-+iSite+Contractor+On-boarding+Guide.pdf', 'ATT+S+-+Application+Inventory.pdf', 'ATT+U+-+Labor+Category+Position+Descriptions.pdf', 'ATT+V+-+SB+Subcontracting+Plan.pdf', 'ATT+W+-+Financial+Management+Reporting.pdf', 'ATT+Y+-+NCAPS+Contract+Demarks.pdf', 'Center+Background+and+Historical.pdf', 'cover letter.pdf', 'Enclosure+1+-+Quality+Assurance+Surveillance+Plan.pdf', 'Enclosure+2+-+KnowledgeArticleTemplate.pdf', 'Enclosure+3+-+IT+Security+Management+Plan+Template.pdf', 'Exhibit+1-NCAPS+Pricing+Matrix.xlsx', 'Exhibit+2+Small+Business+Subcontracting+Plan+Goals.xlsx', 'Exhibit+3+-+Past+Performance+Questionnaire.pdf', 'Historical+IT+WYEs.pdf', 'Internal+NASA+Documents.pdf', 'PWS.pdf', 'RFP.pdf', 'ATT+A+-+Performance+Work+Statement.pdf', 'ATT+C+-+Wage+Determinations.pdf', 'ATT+U+-+Labor+Category+Position+Descriptions.pdf', 'FAR Clauses - Non-Commercial (Rev 2022-10-03).docx', 'NCAPS_Sub Rate Request_MOBOMO.xlsx', 'NFS Clauses - Non-Commercial (Rev 2020-11-09).docx', 'Property Questionnaire (Rev 2021-04-27).docx', 'Representation Regarding Covered Telecommunications Equipment and Services - Solicitation (2020-12-07).docx', 'Reps  Certs - Part C CAS (Rev 2021-09-15).docx', 'Reps  Certs - Part D OCI_NCAPS.docx', 'Reps  Certs - Part G Accounting System Adequacy (Rev 2019-08-03).docx', 'Reps  Certs - Part H Executive Compensation Reporting (Rev 2022-05-18).docx', 'Reps  Certs - Part J Min Labor Quals (Rev 2019-08-03).docx', 'Reps  Certs - Part K Commercial Products and Commercial Services (Rev 2022-04-18).docx', 'Reps  Certs - Part L Combating Trafficking in Persons (Rev 2020-11-09).docx', 'Reps  Certs - Part M Business Size (Rev 2023-01-20).docx', 'Reps  Certs - Part M Business Size (Rev 2023-01-20).pdf', 'Reps  Certs - Part N Compliance with Cybersecurity Requirements (Rev 2021-05-31).docx', 'SAIC Supplier Code of Conduct.pdf', 'Subcontract Agreement - FAR (Rev 2022-06-16).docx', 'Subcontractor Request for Proposal_NCAPS.pdf', 'TCP Salary Ranges.xlsx', 'NCAPS_Sub Rate Request_MOBOMO (1).xlsx', 'Property Questionnaire (Rev 2021-04-27).docx', 'Representation Regarding Covered Telecommunications Equipment and Services - Solicitation (2020-12-07).docx', 'Reps  Certs - Part D OCI_NCAPS - REVISED  AND SENT 4.3.23.pdf', 'Reps__Certs_-_Part_C_CAS__Rev_2021-09-15_.pdf', 'Reps__Certs_-_Part_D_OCI_NCAPS.pdf', 'Reps__Certs_-_Part_G_Accounting_System_Adequacy__Rev_2019-08-03_.pdf', 'Reps__Certs_-_Part_H_Executive_Compensation_Reporting__Rev_2022-05-18_.pdf', 'Reps__Certs_-_Part_J_Min_Labor_Quals__Rev_2019-08-03_.pdf', 'Reps__Certs_-_Part_K_Commercial_Products_and_Commercial_Services__Rev_2022-04-18_.pdf', 'Reps__Certs_-_Part_L_Combating_Trafficking_in_Persons__Rev_2020-11-09_.pdf', 'Reps__Certs_-_Part_M_Business_Size__Rev_2023-01-20_.pdf', 'Reps__Certs_-_Part_N_Compliance_with_Cybersecurity_Requirements__Rev_2021-05-31_.pdf', 'SAIC RFP 80TECH23R0002 Cover Letter - Mobomo, LLC.docx', 'SAIC RFP 80TECH23R0002 Cover Letter - Mobomo, LLC.pdf', 'NCAPS_Sub Rate Request_MOBOMO revised 4182023.xlsx', 'Vol II_Att C_Sub TCP_MOBOMO Revision 4182023.docx', 'NCAPS_Sub Rate Request_MOBOMO revised 4182023 (1).xlsx', 'NCAPS_Sub Rate Request_MOBOMO revised 4182023.xlsx', 'NCAPS_Sub Rate Request_MOBOMO.xlsx', 'Reps  Certs - Part D OCI_NCAPS_Rev MOBOMO - REVISED AND RESENT 4.4.23.docx', 'Reps  Certs - Part D OCI_NCAPS_Rev MOBOMO - REVISED AND RESENT 4.4.23.pdf', 'Reps  Certs - Part M Business Size (Rev 2023-01-20) Mobomo.pdf', 'SAIC-Mobomo-80TECH23R0002-MS Volume-Att C TCP -----TABLE FIXED.docx', 'SAIC-Mobomo-80TECH23R0002-MS Volume-Att C TCP -----TABLE FIXED.pdf', 'SAIC-Mobomo-80TECH23R0002-MS Volume-Att C TCP .docx', 'SAIC-Mobomo-80TECH23R0002-MS Volume-Att C TCP .pdf', 'SAIC NCAPS RATES FINAL.xlsx', 'SAIC NCAPS Request AI ML OCR.docx', 'SAIC RFP 80TECH23R0002 Cover Letter - Mobomo, LLC.docx', 'SAIC RFP 80TECH23R0002 Subcontractor Proposal - Mobomo, LLC.docx', 'SAIC RFP Cover Template.docx', 'SAIC-Mobomo-80TECH23R0002-MS Volume-Att C TCP - GR Edits & Comments.docx', 'Vol II_Att C_Sub TCP_MOBOMO Revision 4182023.docx', 'Vol II_Att C_Sub TCP_MOBOMO.docx', 'Capabilities_NCAPS - 1.4.22.xlsx', 'NCAPS Capabilities Mapping.xlsx', 'NCAPS+Industry+Day+Registration.xlsx', 'Notes from Meeting 03-24-23.docx', 'Notes from NCAPS Industry Day 1.24.23.docx', 'NCAPS_Sub Rate Request_MOBOMO v.1.xlsx', 'SAIC NCAPS RATES v2.xlsx', 'Subcontractor T&M Rate Submission_Mobomo.docx', 'TCP Salary Ranges_Rev 2.xlsx', 'SAIC-Mobomo-80TECH23R0002-MS Volume-Att C TCP  (1).docx', 'Subcontractor T&M Rate Submission_Mobomo.pdf', 'NASA SEWP VI - Recent Updates and What to Know.pdf', 'NASA SEWP Compliant Proposal Article.pdf', '36C10B23Q0549.docx', 'LEAF+PWS_Draft.docx', 'LEAF Win Theme Development 9.8.docx', 'LEAF- Additional Info and Metrics for WTs and Callout Boxes.docx', 'IHT 125_EXP Volume_VA Light Electronic Action Framework (LEAF)_Sierra7_v1.0.docx', 'LEAF PWS T4NG-0560 11.17.2020 Amended.docx', 'LEAF recompete_Opportunity Review Slide - Gate 1.pptx', 'LEAF Roadmap.png', 'LEAF Solutioning Session --20231003_135953-Meeting Recording.mp4', 'PastPerf_LEAF.docx', 'Sierra7_Vol I _Summary_LEAF_T4NG-0560.docx', 'Sierra7_Vol II_Technical_CMOP_T4NG-0640 V3 07272022.docx', 'Sierra7_Vol II_Technical_LEAF_T4NG-0560.docx', 'LEAF_Sierra7_RFI_Response_September_13_2023.docx', 'Sierra7 LEAF Pink Team Draft.docx', 'Attachment A - BAA.docx', 'Attachment B - LEAF Backlog Examples.docx', 'Attachment C - LEAF Bug Fixes Examples.docx', 'mpc-hc64_0obJvgVLSU.png', 'mpc-hc64_0zK7Qz14uZ.png', 'mpc-hc64_1ZTHiuwZmv.png', 'mpc-hc64_2NGHHndulY.png', 'mpc-hc64_3BgheLHxn4.png', 'mpc-hc64_5DQsCApxv9.png', 'mpc-hc64_5rB7pdnt0r.png', 'mpc-hc64_6FEqlkI44R.png', 'mpc-hc64_7JmqQt8UKe.png', 'mpc-hc64_82MnUH3hmn.png', 'mpc-hc64_8oXYbWytlL.png', 'mpc-hc64_8wrkMFDW8D.png', 'mpc-hc64_9xrOB6Rmek.png', 'mpc-hc64_AFf1gG9lk0.png', 'mpc-hc64_bPp5o9dz19.png', 'mpc-hc64_bSOMRAWeH5.png', 'mpc-hc64_CaaMh6vZJg.png', 'mpc-hc64_ceb72DHH6C.png', 'mpc-hc64_co7w4RHcbD.png', 'mpc-hc64_D5bSOsPCtj.png', 'mpc-hc64_dKlxTnKkWx.png', 'mpc-hc64_DLpEq53GEa.png', 'mpc-hc64_DPAka7xPjE.png', 'mpc-hc64_DqwkliZG3V.png', 'mpc-hc64_EJFKwmnKaV.png', 'mpc-hc64_fdYhkocbLt.png', 'mpc-hc64_frHy1b2LUu.png', 'mpc-hc64_g7R7pcuRxq.png', 'mpc-hc64_geXptJaRcd.png', 'mpc-hc64_jAsFiiNo6u.png', 'mpc-hc64_jaZRtXDKLs.png', 'mpc-hc64_kGPeEr7wD4.png', 'mpc-hc64_mCoPiguDt9.png', 'mpc-hc64_MzbKce8hhp.png', 'mpc-hc64_nz8utTtpMt.png', 'mpc-hc64_oCCQoNKCuY.png', 'mpc-hc64_OfNqEFYBLb.png', 'mpc-hc64_otC02H5IsJ.png', 'mpc-hc64_Plpc6nzUdp.png', 'mpc-hc64_qEs7aAjDPh.png', 'mpc-hc64_SHQdyw7tfi.png', 'mpc-hc64_tlO2khmYOl.png', 'mpc-hc64_u8jBeSjT4R.png', 'mpc-hc64_UDvJTOxbiL.png', 'mpc-hc64_UXu11BGi22.png', 'mpc-hc64_UZng1GSzcI.png', 'mpc-hc64_V7NlgnDqhE.png', 'mpc-hc64_vQaYO1MRMc.png', 'mpc-hc64_WaS1FpnsPZ.png', 'mpc-hc64_xGhqfTr2tw.png', 'mpc-hc64_xog3DTrBBd.png', 'mpc-hc64_YkDsi2lVIV.png', 'mpc-hc64_ZRxBw1JF7Z.png', 'LEAF Demo.pptx', 'LEAF PWS-Rev.docx', 'LEAF Solutioning Session --20231003_135953-Meeting Recording.mp4', 'Price Schedule_Rev.docx', "QA's T4NG-0713 LEAF (1).docx", 'RTEP T4NG-0713_Rev1.docx', 'VA LEAF UCD Section.docx', 'Pricing Data Call #1 Rate Request- LEAF (Mobomo).xlsx', 'TA-T4NG_Mobomo_LEAF_Recompete_FE.pdf', 'LEAF Response - Gold Team Review draft.pdf', '36C10B23R0029 VEMSIS DRAFT.docx', '36C10B23R0029 0001.docx', '36C10B23R0029 0002.docx', '36C10B23R0029 0003.docx', '36C10B23R0029 0004.docx', 'D.5 - Attachment 005 - VEMSIS Price Schedule Excel Version.xlsx', 'VEMSIS RFP QA 9-12-23 Consolidated.xlsx', 'Attachment 001 - VA SaaS Definition.docx', 'Attachment 002 - Existing VECMS Solutions and Support.docx', 'Attachment 003 - DTC Process - How to Submit a Request to Move a Module to Sustainment.docx', 'Attachment 004 - DTC System Integrator SLAs_KPIs - 08.22.2023.docx', '36C10B23R0029 VEMSIS RFP.docx', 'VEMSIS Questions and Answers from Draft RFP.xlsx', 'VA Enterprise Module and System Integration Services PWS - Draft for RFI.1687793306654 (1).docx', 'VA Enterprise Module _ System Integration Services (VEMSIS) PWS - Draft for RFI.docx', 'VEMSIS GovWin IQ - 231679 - VA ENTERPRISE MODULE SYSTEM INTEGRATION SERVICES VEMSIS PLANNING.pdf', 'VEMSIS SAM.gov.pdf', 'Capabillites Overview for Sierra7.docx', 'Mobomo Corporate Information.docx', 'Mobomo Data Call - VEMSIS - PWS 5.7 UCD.docx', 'Mobomo Past Performance - NOAA Web Modernization and Maintenance Project.docx', 'Mobomo Past Performance - VA Mental Health Check Up App Project.docx', 'Request for Information - VA Enterprise Module and System Integration Services.1687793292013 (2).docx', 'VEMSIS BLANK Data Call #1 - Sierra7.xlsx', 'VEMSIS Rates acceptance _- _9_11_23 - Copy.xlsx', 'Do Not Edit - Sierra7_VEMSIS_VOL I - Technical (Post-Gold).docx', 'TA-Mobomo_Sierra7_VEMSIS_07.25.23_FE.pdf', 'Att 1-Self Scoring  and Document Verification Worksheet ETDTDM11072022.1668112840637.xlsx', 'Att 1-Self Scoring  and Document Verification Worksheet Prof Serv 11072022.1668112794354.xlsx', 'Att 2-CPR ETDTDM 11072022.1668112880786.docx', 'Att 2-CPR ETDTDM 12212022.1671643512468.docx', 'Att 2-CPR Prof Serv 11072022.1668112801160.docx', 'Att 3-Combined CPARS CPRS Worksheet ETDTDM 11072022.1668112889063.xlsx', 'Att 3-Combined CPARS CPRS Worksheet Prof Serv 11072022.1668112815957.xlsx', 'Att 4-Contractor Labor Rates Prof Serv 11072022.1668112821625.xlsx', 'Att 4-Contractor Labor Rates Worksheet ETDTDM 11072022.1668112895004.xlsx', 'Att 5- PWS ESB ETDTDM v2 11072022.1668112930468 (1).pdf', 'Att 5-PWS ESB Prof Serv  20221107 v2.1668112827597 (2).pdf', 'Data Call #2 - CPARS CPRS Worksheet ETDTDM - company name DHS CBP ESB.xlsx', 'ESB Draft RFQ 11102022.1668112771826.pdf', 'Reservation message for ESB 2nd Industry Day CO signed 11102022.1668113170389.pdf', 'Att 1-Self Scoring  and Document Verification Worksheet ETDTDM 12212022.1671643504312.xlsx', 'Att 1-Self Scoring  and Document Verification Worksheet Prof Serv 12212022.1671643431123.xlsx', 'Att 2-CPR Prof Serv 12212022.1671643444434.docx', 'Att 3-Combined CPARS CPRS Worksheet ETDTDM 12212022.1671643526642.xlsx', 'Att 3-Combined CPARS CPRS Worksheet Prof Serv 12212022.1671643452642.xlsx', 'Att 4-Contractor Labor Rates Prof Serv 12212022.1671643460487.xlsx', 'Att 4-Contractor Labor Rates Worksheet ETDTDM 12212022.1671643535662.xlsx', 'Att 5- PWS ESB ETDTDM Final v3 12122022.1671643543078.pdf', 'Att 5-PWS ESB Prof Serv  Final v3 12122022.1671643469081.pdf', 'Att 6 Question Form - Emerging Technology- Questions and Answers.pdf', 'ESB RFQ - A008.pdf', 'ESB RFQ Mod 7 to 8 Changes.docx', 'Att 1-Self Scoring  and Document Verification Worksheet ETDTDM A0002.1676060396961.xlsx', 'Att 1-Self Scoring  and Document Verification Worksheet PROF SERV -A0002.1676060397002.xlsx', 'Att 2-CPR ETDTDM -A0002.1676060397118.docx', 'Att 2-CPR PROF SERV -A0002.1676060397173.docx', 'Att 4-Contractor Labor Rates Prof Serv -A0002.1676060397234.xlsx', 'Att 4-Contractor Labor Rates Worksheet ETDTDM -A0002.1676060397340.xlsx', 'Att 5-SCOPE OF WORK - EMERGING TECH - FINAL.1674243037529.pdf', 'Att 5-SCOPE OF WORK - PROFESSIONAL SERVICES - FINAL.1674242968349.pdf', 'ESB RFQ - A0002.1676060381892.pdf', 'ESB RFQ A001.1674242816828.pdf', 'Requirements Mapping.1674242827876.pdf', 'Confirming PP Details.docx', 'Data Call #1 Relevant Experience - company name DHS CBP ESB.xlsx', 'Data Call #2 - CPARS CPRS Worksheet ETDTDM - company name DHS CBP ESB.xlsx', 'Data Call #5 .docx', 'FERC Task 1 RREP - Mobomo - $3.7M.docx', 'FERC Task 5 RREP - Mobomo - $3.7M.docx', 'FERC Task 1 RREP - Mobomo.docx', 'FERC Task 2 RREP - Mobomo.docx', 'FERC Task 5 RREP - Mobomo.docx', 'NOAA Fisheries Task 1 RREP - Mobomo.docx', 'NOAA Fisheries Task 2 RREP - Mobomo.docx', 'NOAA Fisheries Task 5 RREP - Mobomo.docx', 'FERC Task 2 RREPv2 - Mobomo - $3.7M updated.docx', 'USGS Task 1 RREP - Mobomo - revision.docx', 'USGS Task 2 RREPv2 - Mobomo - $958K updated.docx', 'USGS Task 5 RREP - Mobomo - revision.docx', '062519 final closeout -SF30 for Mod 005 GSA Order GSH1415AA0056 Mobomo - signed.pdf', 'MOBOMO AWARD SF1449.pdf', 'Mobomo Mod 3 - Exercise OY2.pdf', 'Mobomo_Signed SF1449wordpresssigned.pdf', 'MOD 1 - Opt to Exercise OY1 MOBOMO.pdf', 'Mod 2 ID14160235.pdf', 'SF 30 OY1signed.pdf', 'SF 30 OY2.pdf', 'SF 30 OY3signedcosigned12317.pdf', 'USA.gov OY3 PO_47HAA019F0221.pdf', 'USA.gov OY4 - Contract Mod_47HAA019F0221, Mod PS0002 - Mobomo Signed.pdf', 'USAGOV_AWARD  47HAA021F0164__Form.pdf', 'USA.gov rewrite draft G.docx', 'USA.gov Task 1 RREP - Mobomo.docx', 'USA.gov Task 2 RREP - Mobomo.docx', 'USA.gov Task 5 RREP - Mobomo.docx', 'USGS Task 1 RREP - Mobomo.docx', 'USGS Task 2 RREP - Mobomo.docx', 'USGS Task 5 RREP - Mobomo.docx', 'Mobomo Capability Statement.docx', 'ESB RFQ Data Call 3.docx', 'ESB RFQ Data Call 4 Worksheet.xlsx', 'NDA_SimonComputing_CBP_ESB_ Mobomo_FE.pdf', 'NDA_SimonComputing_CBP_ESB_ Mobomo_FE.pdf', '140G0122R0010 FINAL RFQ.pdf', 'Attachment A - Experience Project Data Sheet.docx', 'Attachment B - Past Performance Questionnaire.docx', 'Attachment C -Small Business Participation Commitment Document.docx', 'Attachment D - Non-Disclosure Agreement.docx', 'Attachment D - Sample Task Order Transition - FINAL Copy.pdf', 'Attachment E - Sample Task Order NWIS_WQP - FINAL.pdf', 'Attachment F - Sample Task Order Data Lake - FINAL.pdf', 'Attachment G - Non-Disclosure Agreement (1).docx', 'Attachment H - Subcontracting Plan Model.pdf', 'Attachment I - Questions Spreadsheet.xlsx', 'Attachment J - Quality Assurance Surveillance Plan - FINAL.pdf', 'Attachment K - Supplier Risk Questionnaire.pdf', 'Attachment_G_-_Non-Disclosure_Agreement__1_ - Mobomo LLC - SIGNED.pdf', 'DOI CHS3 Subcontractor RFP 20221115CHS3.docx', 'Attachment A IDIQ Subcontract Template TMD 11232022.docx', 'Attachment A IDIQ Subcontract Template.docx', 'Attachment B Prime Flow Downs.docx', 'Attachment C Subcontractor Price Proposal Template - Hourly Rates .xlsx', 'Exhibit A.1 4-11-01-05 - Reps and Certs.docx', 'Exhibit A.2 4-11-01-17 - Reps and Certs Addendum.docx', 'Exhibit A.3 Supplier Risk Questionnaire.pdf', 'Exhibit A.4 4-03-04-04 - OCI Disclosure.docx', 'Exhibit A.5 Supplier Partner Proposal Compliance Checklist.docx', 'Attachment C Contractor Site - Pricing Template Hourly Rates rev.1.xlsx', 'Attachment E Government Site (Client) - Pricing Template Hourly Rates.xlsx', 'DOI CHS3 Subcontractor RFP 20221115CHS3 Amendment 1.pdf', 'Exhibit A.3 Supplier Risk Questionnaire.pdf', 'Mobomo TA USGS Cloud Hosting Services III.pdf', 'Sol_140G0122R0010_Amd_0005.pdf', 'Partner Data Call #6 - Mobomo.xlsx', 'CHS III - Key Personnel Matrix Data Call (Mobomo).xlsx', 'Data Call #8.xlsx', 'SMX_Red Team Overall Comment Slides_Mobomo.pptx', 'Vol I-Sub Factor A-3 Application, Data Hosting, And Portability_Red Team_Moboo.docx', 'Vol I-Sub Factor A-4 Task Order 2 NWIS_Red Team_Mobomo.docx', 'Vol I-Factor A-3 Application^J Data Hosting^J And Portability_Red 2 Review.docx', 'Vol I-Factor A-4 Task Order 2 NWIS_Red 2 Review (1).docx', 'Attachment B Prime Flow Downs.docx', 'Attachment C Subcontractor Price Proposal Template - Hourly Rates .xlsx', 'Attachment_A_IDIQ_Subcontract_Template_TMD_11232022.pdf', 'Attachment_D_-_Non-Disclosure_Agreement.pdf', 'Exhibit A.3 Supplier Risk Questionnaire .docx', 'Exhibit_A.1_4-11-01-05_-_Reps_and_Certs.pdf', 'Exhibit_A.2_4-11-01-17_-_Reps_and_Certs_Addendum-1.pdf', 'Exhibit_A.4_4-03-04-04_-_OCI_Disclosure.pdf', 'Exhibit_A.5_Supplier_Partner_Proposal_Compliance_Checklist.pdf', 'SMX RFP 20221115CHS3 Response - Mobomo, LLC.pdf', 'SMX RFP 20221115CHS3 Response - Mobomo, LLC.docx', 'SMX RFP 20221115CHS3 Response - Mobomo, LLC.pdf', 'SMX RFP 20221115CHS3 AMENDMENT 1 - Response Cover Letter - Mobomo, LLC.docx', 'Subcontractor RFP AMENDMENT 1 - Attachment C Contractor Site - Pricing Template Hourly Rates - Mobomo LLC.xlsx', 'Subcontractor RFP AMENDMENT 1 - Attachment E Government Site (Client) - Pricing Template Hourly Rates - Mobomo LLC.xlsx', 'Attachment B Prime Flow Downs Rev. 1.docx', 'DOI CHS3 Subcontractor RFP 20221115CHS3 Amendment 2 (1).pdf', 'Exhibit A.5 Supplier Partner Proposal Compliance Checklist (1).docx', 'SMX RFP 20221115CHS3 AMENDMENT 2 - Response Cover Letter - Mobomo, LLC.docx', 'DOI CHS3 Subcontractor RFP 20221115CHS3 Exhibit A.6 - Mobomo LLC.docx', '508 Sections pulled from RFP.pdf', 'Vol I-Factor A-5 Section 508 Standards_NEW TEMPLATE - Edits from Mobomo.docx', '508 Sections Puled from RFP.docx', 'Vol I-Factor A-5 Section 508 Standards_GR In Progress Edits.docx', 'Vol I-Factor A-5 Section 508 Standards_GR.docx', 'Vol I-Factor A-5 Section 508 Standards_NEW TEMPLATE - Edits from Mobomo.docx', 'Vol I-Factor A-5 Section 508 Standards_NEW TEMPLATE.docx', 'VPAT2.4Rev508(March2022).doc', 'VPAT - SMX.doc', 'VPAT2.4RevEU(March2022).doc', 'CHS3 RFP Questions and Answers 20221118.pdf', 'Notes from SMX Meetings.docx', 'Smartronix USGS TA (Final 12-20-21).pdf', 'AR ACH Info.pdf', 'Mobomo_W9_01.2023 (2).pdf', 'Soft TechTerms and Conditions of Purchase (Mobomo 11-13-23).docx', '20231130_MOBOMO_ST_USCIS_RAPID_OPP_NDA FE.pdf', '70RTAC23Q00000023- WCM DRAFT.pdf', 'Attachment 2 - Statement of Work.docx', 'Complete_with_DocuSign_Mobomo_DHS_WCMaaS_TA_.pdf', 'Consolidated_WCM RFQ 70RTAC23Q00000023 (2).pdf', '70RTAC23Q00000023- WCM DRAFT.pdf', 'Attachment 2 - Statement of Work.docx', 'BPA LCAT Qualifications.docx', 'Q&A_70RTAC23Q00000023.xlsx', 'Resumes Template.docx', 'Screenshot 2023-01-09 at 3.30.43 PM.png', 'Screenshot 2023-01-09 at 3.31.07 PM.png', 'WCMaaS - Consolidated RFQ 70RTAC20Q00000005 Amendment 0001 (2) (1).pdf', 'WCMaaS Storyboard 1.5 Drupal.docx', 'WCMaaS Technical Debrief (old).docx', 'WCMaaS Volume I Non-Price Technical Approach Recompete Outline.docx', 'WCMaaS Forecast Record _ Acquisition Planning Forecast System.pdf', 'Acronym Glossary.xlsx', 'DHS ADaPTS TO #70RTAC23Q00000023 - Volume 1 - Technical - TechFlow v3.docx', 'Mobomo Past Performance - DHS WCMaaS Submitted 2.16.23.docx', 'Mobomo Overview Paragraph.docx', 'OLD FILE - DHS ADaPTS .docx', 'WCMaaS Volume I Technical - PREVIOUS CONTENT.docx', 'MBN Content Management Platform Proposal - Final with Intranet v3.pdf', 'Mobomo - NOAA Web Modernization Proposal - 1305M220QNFFK0252.1595542476401.docx', 'NASA Att 1 - Statement of Work - DAN - LOOK FOR YELLOW HIGHLIGHTS.docx', 'NOAA SOW - DAN - LOOK IN THIS DOC - YELLOW HIGHLIGHTS.pdf', 'NOAA Statement of Work - DAN - LOOK FOR YELLOW HIGHLIGHTS.docx', 'ONR Doc Tom provided that gives SLAs on Support.pdf', 'DHS ADaPTS TO #70RTAC23Q00000023 - Volume 1 - Technical - Mobomo Draft Document - File We Will Send Back to TF.docx', 'DHS ADaPTS TO #70RTAC23Q00000023 - Volume 3 - Past Performance - GRETCHEN TO WORK THIS FILE.docx', 'DHS ADaPTS TO #70RTAC23Q00000023 - Volume 1 - Technical - TechFlow - Mobomo Revisions 2.20.23.docx', 'DHS ADaPTS TO #70RTAC23Q00000023 - Volume 3 - Past Performance - Mobomo Revisions 2.20.23.docx', 'DHS ADaPTS TO #70RTAC23Q00000023 - Volume 3 - Past Performance - Mobomo Revisions 2.21.23 .docx', 'Staffing.xlsx', 'Wells-Deron-20230219.docx', "TechFlow's Management Content - for Reference Only.docx", 'Volume 1 - Technical - This has ALL Prior Content and Comments.docx', 'outline for pp.docx', 'Erik Wenkel.docx', 'Gary Barber.docx', 'Matt Harmon.docx', 'Patrick K. Johnson Jr.docx', 'Tekle A.docx', 'Tom Eldering.docx', 'Mark Susol WCMaaS Resume.docx', 'Resume of Carthleen Tracy - WCMaaS.docx', 'Resume of German Martinez.docx', 'DHS ADaPTS TO #70RTAC23Q00000023 - Volume 1 - Technical - TechFlow.docx', 'Jay Griggs - Full Stack Developer Resume 2023.docx', 'Jeff Beagley - Technical Architect Resume 2023.docx', 'Mike Redman - DevOps Engineer Resume 2023.docx', 'WCMaaS Volume I Non-Price Technical Approach Recompete Outline  TMD HD v.docx', 'WCMaaS Volume I Non-Price Technical Approach Recompete Outline (1).docx', 'Complete_with_DocuSign_Mobomo_NDA_ADaPTS_202.pdf', 'Mobomo Capabilities Briefing.pdf', 'Deron Wells - Senior Software Engineer Resume 2023.docx', 'Jeff Beagley - Technical Architect Resume 2023 (3).docx', 'Mike Redman - DevOps Engineer Resume 2023.docx', 'Resumes Template Mobomo.docx', 'RFA Website Development - Global Mandarin - Final.docx', 'Screenshot 2023-01-09 at 3.30.43 PM.png', 'Tech Flow Mobomo_DHS WCMaaS TA (Mobomo 1-12-23).docx', 'TechFlow Meeting Feb 16.docx', 'Mobomo Past Performance - DHS WCMaaS Submitted 2.16.23.docx', '78050.140661334451968.48773.RFI+DoD+Public+Websites+and+Content+Distribution.pdf', 'DMA RFI_Whitepaper_Template.docx', 'DMA RFI_Whitepaper_Template.docx', '36C10B23Q0225 A0001 v1.pdf', '36C10B23Q0225_4.docx', '36C10B23Q0225_1.docx', '36C10B23Q0225_3.docx', 'Draft SPRUCE PWS Capability Assessment Matrix-Mobomo.xlsx', 'Request+For+Information_SPRUCE+extension.docx', 'SPRUCE GovWin IQ - 230782 - VA SECURE PERFORMANT RELIABLE AND USER CENTERED EXPERIENCES IDIQ\xa0(SPRUCE).pdf', 'SPRUCE+PWS+-+DRAFT.pdf', 'SPRUCE PWS v1.pdf', 'Draft SPRUCE PWS Capability Assessment Matrix Combined.xlsx', 'NOTES from Kickoff.docx', 'TA TekFive_Mobomo VA SPRUCE 17June2023) FE.pdf', 'Attachment 1 - Statement of Work C3 (Final).docx.pdf', 'Attachment 2 - Proposal Intructions and Evaluation Criteria.pdf', 'Attachment 3 - Draft Task Order Terms and Conditions.pdf', 'Attachment 4 - Past Performance Questionnaire.docx', 'Attachment 5 - Product Accessibility Template (PAT).docx', 'Attachment 6 - Contractor Offeror Conflict of Interest Template.docx', 'Attachment 7 - Pricing Template.xlsx', 'Attachment 8 - Payment Decrement Schedule.docx', 'Attachment 9 - Wage Determination 2015-4265 (Rev 22).pdf', 'FW_ RFP 231149 Contact Center_ Connect (C3) Help Desk.eml', 'RFP 231149 Contact Center_ Connect (C3) Help Desk.eml', 'RFP Letter - 231149.pdf', 'Attachment 1 - Statement of Work C3 (Final).docx.pdf', 'Attachment 2 - Proposal Intructions and Evaluation Criteria.pdf', 'Attachment 3 - Draft Task Order Terms and Conditions.pdf', 'Attachment 4 - Past Performance Questionnaire.docx', 'Attachment 5 - Product Accessibility Template (PAT).docx', 'Attachment 6 - Contractor Offeror Conflict of Interest Template.docx', 'Attachment 8 - Payment Decrement Schedule.docx', 'Attachment 9 - Wage Determination 2015-4265 (Rev 22).pdf', 'Copy of Attachment 7 - Pricing Template.xlsx', '1305M323RNFFS0010 RFP.pdf', 'NOAA 2023 - ready to go for Data Calls.docx', 'NOAA_NMFS_Application_Dev_AttainX_-_Mobomo_TA_FE.pdf']
[2024-03-15 20:36:16.130] [INFO] Ingesting files=['Executive Summary with Differentiators.docx', 'Executive Summary with Differentiators_v2.docx', 'IMPACT prewriting draft 1.docx', 'Program Management Draft.docx', 'resume_update_compliance_section_draft_1.docx', 'UCD process 10.2.23_draft.docx', '00 - Management Approach Catalog.xlsx', 'About Mobomo.docx', 'Agile and Condensed IMPACT.docx', 'Awards.docx', 'AWS vs. Acquia.docx', 'Back Office - Reach Back Capability.docx', 'Communication.docx', 'Corporate Codes for Mobomo.docx', 'Customer Support, User Support, and Training.docx', 'DHS Suitability Processing.docx', 'Digital Services Coalition - DSC.docx', 'Diversity and Inclusion.docx', 'Executive Summary.docx', 'Flexible - Scalable Teams.docx', 'Integrating with Cross Functional Teams.docx', 'Intro Paragraph.docx', 'Investment in Innovation - Mobomo Labs.docx', 'Metrics and Reporting.docx', 'Mobomo Codes.docx', 'Mobomo Employee Benefits and Resources.docx', 'Mobomo Office Locations.docx', 'Operational Conflict of Interest OCI.docx', 'Performance Work Statement.docx', 'PMP Template.docx', 'Pricing Narrative.docx', 'Quality+Control+Plan for NOAA - share by Fred + other QC Plan Content.mht', 'Resiliency and Disaster Recovery Planning.docx', 'Staffing Capabilities.docx', 'Template PMP for Proposals.docx', 'Text Boxes.docx', 'Transition In.out generic draft.docx', 'Proposals Cover Template.docx', '00 - Technical Approach Catalog.xlsx', '508 Compliance .docx', 'Agile Software Development.docx', 'All elements of UX.docx', 'Back-End Web Development.docx', 'Cloud System - Application Hosting.docx', 'CMS Migration Process.docx', 'Code Scanning Vulnerability Testing.docx', 'Containerization.docx', 'Content Templates - COPE, USWDS.docx', 'Contribution to Drupal Community.docx', 'CRS.docx', 'Custom Module Creation.docx', 'Customer Experience - pulled from IB.docx', 'Deployment Activities.docx', 'Design Approval Package.docx', 'Development Approach.docx', 'DevOps and Continuous Integration-Continuous Delivery.docx', 'Digital Transformation - Modernization .docx', 'Documentation Approach.docx', 'Drupal 7 to Drupal 9.docx', 'Drupal Development Expertise.docx', 'Drupal Experience, Drupal 7 to 9, and Migration Blueprint.docx', 'Drupal Leap and Migration Process.docx', 'DRUPAL MIGRATION BLUEPRINT - Marketing Material.docx', 'Drupal vs WordPress.docx', 'FEDRamp CSP Development.docx', 'FedRAMP, FISMA, NIST Documentation.docx', 'Human Centered Design User Experience.docx', 'ICR - Experiments and Analysis.docx', 'IDEA Gov Checklist for Accessibility 10-2021-checklist-for-federal-websites-and-digital-services .xlsx', 'IMPACT 2.0.docx', 'IMPACT.docx', 'Incident Management.docx', 'Information Architecture.docx', 'Integration with Third Parties - Embed Module.docx', 'Mapping.docx', 'Mobile First Design Process.docx', 'Mobomo Deep Learning and Image processing Approach Review.docx', 'Multi-language programming.docx', 'Operations & Maintenance.docx', 'Operations Support.docx', 'Overall system design.docx', 'Plain Language Content.docx', 'Project Management Approach.docx', 'QASP Draft.docx', 'Risk Management.docx', 'Security Support, Security Compliance, Vulnerability Identification and Assessment.docx', 'Testing and Quality Assurance.docx', 'User Centered Design.docx', 'User Testing.docx', 'USWDS Contributions.docx', 'UX_UI Design Process.docx', 'Document Library Index.xlsx', 'Agile Release Train.jpg', 'awards.png', 'AWS GovCloud Prod VPC an Region Architecture with Direct Connect.jpg', 'Capabilities - wrapped around text file.png', 'Capabilities.png', 'MBM-FERCCase (2).pdf', 'MBM-NASACase (1).pdf', 'MBM-NOAACase (3).pdf', '1.png', '2.png', '3.png', '4.png', '5.png', '7.png', '8.png', '9.png', 'certs.png', 'Code Scanning, Analysis, and Correction.jpg', 'Continuous Integration Continuous Delivery.jpg', 'Customer Logos.png', 'Digital Transformation GENERIC.png', 'Drupal Leap Graphic with Content for Features and Capabilities.docx', 'Everything as Code.jpg', '01 – 1.png', '01 – 2.png', '01 – 3.png', '01 – 4.png', '01 – 5.png', '01 – 6.png', '01 – 7.png', '01 – 8.png', '01.png', '02.png', '03.png', '04.png', '05.png', '06.png', '07.png', '08.png', 'Graphics Glossary.docx', 'HCD.png', 'High Level Infrastructure AWS GovCloud Architecture.jpg', 'IMPACT Success PMO ART Process - NEW 10.22.png', 'Discovery - Goal and Objectives.jpg', 'Discovery - Goals and topics.jpg', 'Discovery - Personas Example .jpg', 'Discovery - Personas.jpg', 'Discovery - Timeline of next steps.jpg', 'Mobomo-Logo-CMYK.png', 'Mobomo-Logo-CMYK.tif', 'Mobomo-Logo.gif', 'Mobomo Org Chart.png', 'org chart 2023.png', 'Org Chart.png', 'acquia-com-partner-logo.png', 'APN-public-sector-logo.png', 'drupal_blue_logo.png', 'dsc-logo.png', 'logo_microsoft_cert_new.png', 'PMO - Project Manager.png', 'PMO.png', 'PP Graphics.png', 'PRAC.png', 'MBM_Cover Template_2022-01.png', 'MBM_Cover Template_2022-01_1.png', 'MBM_Cover Template_2022-02.png', 'MBM_Cover Template_2022-02_1.png', 'MBM_Cover Template_2022-03.png', 'MBM_Cover Template_2022-03_1.png', 'MBM_Cover Template_2022-04.png', 'ROI Graphics .png', 'Scrum Team Cadence.jpg', 'SDLC Graphic Simple.png', 'SDLC Graphic with vulnerability scanning.png', 'SDLC.png', 'Small Mobomo Logo.jpg', 'Staffing.png', 'User Centered Design Generic w USWDS 3.0.png', 'User Centered Design Process Graphic 2023.png', 'USGS Store traffic model.png', 'David Ochoa- Drupal Developer Resume 2023.docx', 'Mobomo Resume - Jeff Beagley.pdf', 'Steven Linn - Mobomo Resume (1).docx', 'Jacob Yeager - Mobomo Resume.docx', 'Jason Murray - Mobomo Resume.docx', 'Brian Coffelt - Mobomo Resume.docx', 'Chris Watchtman - Mobomo Resume.pdf', 'Mobomo Resume - Brittany Dilts.pdf', 'Mobomo Resume - Eles Curry.docx', 'Mobomo Resume - Ruslan Fomiuk.pdf', 'Brittany Dilts - Front End Developer Resume 2022.docx', 'Carey Erickson - Content Strategist Resume 2022.docx', 'Chris Wachtman - 508 Specialist Digital Web Developer Resume 2022.docx', 'Dan Narkiewicz - DevOps Engineer Resumes 2022.docx', 'Daniel Schurman - Project Manager Resume 2022.docx', 'Fred Bigden - Project Manager Resume 2022.docx', 'James Boardman- Business Systems Analyst – Consultant III Resume 2022.docx', 'Jason Murray - Mobomo Resume.docx', 'Jeff Beagley - Technical Architect Resume 2022.docx', 'Jonah Andriani - Visual Designer Resume 2022.docx', 'Joshua Lilly - UX-UI Designer Resume 2022.docx', 'Keith Kelly - Cloud Engineer Resume 2022.docx', 'Kevin Huff - Developer and Security Specialist Resume 2022.docx', 'LAUREN - HERE IS AN EXAMPLE RESUME.docx', 'Leah Lloyd - Content Management and Quality Control Resume 2022.docx', 'Mark Cooperstock - Program Manager Resume 2022.docx', 'Rachelle Pineda - Project Manager Resume 2022.docx', 'Robin Knight - Project Manager Resume 2022.docx', 'Ruslan Formiuk.docx', 'Stephen Mustgrave - Developer and Migration Engineer Resume 2022.docx', 'Template Resume 2022.docx', '2022-057 ED.gov Project Manager.docx', '2022-057 ED.gov Resume Content Strategist.docx', '2022-057 ED.gov Resume Data Analyst.docx', '2022-057 ED.gov Resume Front End Developer.docx', '2022-057 ED.gov Resume Mid Level Drupal Developer.docx', '2022-057 ED.gov Resume Sr. Drupal Developer.docx', '2022-057 ED.gov Resume Visual Designer.docx', 'Leah Lloyd - Business Analyst 2022.docx', 'Template Resume 2022 - DVU.docx', 'Brittany Dilts - Front-End Developer Resume 2022.docx', 'Carey Erickson - Content Strategist Resume 2022.docx', 'Chris Wachtman, 508 Specialist – Digital Web Developer Government Resume 2022.docx', 'Dan Narkiewicz - DevOps Engineer Government Resumes 2022.docx', 'Fred Bigden - Project Manager Resume 2022.docx', 'James Boardman- Business Systems Analyst – Consultant III Resume 2022.docx', 'Jeff Beagley - DevOps Engineer and Technical Architect Resume 2022.docx', 'Joe Jacobs - Project Manager Resume 2022.docx', 'Jonah Andriani - Visual Designer Resume 2022.docx', 'Joshua Lilly - Designer Resume 2022.docx', 'Kevin Huff - Developer and Security Specialist Resume 2022.docx', 'Leah Lloyd - Content Management and Quality Control Resume 2022.docx', 'Rachelle Pineda - Project Manager Resume 2022.docx', 'Robin Knight - Project Manager Resume 2022.docx', 'Ruslan Formiuk - QA Engineer and Tester Resume 2022.docx', 'Stephen Mustgrave - Developer Resume 2022.docx', 'Adam Frazin - Technical Architect Resume 2023.docx', 'Benjamin R. Schulman.docx', 'Bishal KC - Enterprise Architect Resume 2023.docx', 'Brian Coffelt - Software Engineer Resume 2023.docx', 'Brittany Dilts - Front End Developer Resume 2023.docx', 'Carey Erickson - Content Strategist Resume 2023.docx', 'Chris Wachtman - 508 Specialist Digital Web Developer Resume 2023.docx', 'Dan Narkiewicz - DevOps Engineer Resumes 2023.docx', 'Dan Narkiewicz - Technical Director Resumes 2023.docx', 'Daniel Schurman - Project Manager Resume 2023.docx', 'David Ochoa- Drupal Developer Resume 2023.docx', 'Deron Wells - Senior Software Engineer Resume 2023.docx', 'Derrick Davis– UX UI Designer 2023 Resume.docx', 'Document2.docx', 'Eles Curry - QA Engineer Resume 2023.docx', 'Fred Bigden - Project Manager Resume 2023.docx', 'Isaac Battaglia- Technical Project Lead 2023 Resume.docx', 'Jacob Yeager - Software Engineer Resume 2023.docx', 'James Boardman- Business Systems Analyst – Consultant III Resume 2023.docx', 'Jason Murray - Mobomo Resume 2023.docx', 'Jay Griggs - Full Stack Developer Resume 2023.docx', 'Jeff Beagley - Technical Architect Resume 2023.docx', 'Jonah Andriani - Visual Designer Resume 2023.docx', 'Josh Lilly - project updates 2023 - to be incorporated into existing resume.docx', 'Joshua Lilly - UX-UI Designer Resume 2023.docx', 'Keith Kelly - Cloud Engineer Resume 2023.docx', 'Kelley Donovan - Project Manager Resume 2023.docx', 'Kevin Huff - Developer and Security Specialist Resume 2023.docx', 'Leah Lloyd - Content Management and Quality Control Resume 2023.docx', 'Mariana Paz - Software Engineer Resume 2023.docx', 'Mark Cooperstock - Program Manager Resume 2023.docx', 'Mark Vitek - Software Engineer Resume 2023.docx', 'Mike Brizzi, Program Manager Resume 2023.docx', 'Mike Redman - DevOps Engineer Resume 2023.docx', 'Pam Sutphin - Senior Drupal Developer Resume 2023.docx', 'Rachelle Pineda - Project Manager Resume 2023.docx', 'Resumes compliance.docx', 'Robert Ashley - Software Engineer 2023.docx', 'Robin Knight - Project Manager Resume 2023.docx', 'Ruslan Formiuk - Software Quality Assurance Resume 2023.docx', 'Stephen Mustgrave - Developer and Migration Engineer Resume 2023.docx', 'Steven Linn - Engineering Manager Resume 2023.docx', 'Template Resume - Project Manager.docx', 'Template Resume.docx', 'Wesley, Warren - 08.23.22.docx', 'Abramson, Andra - 12.12.22.docx', 'Amreen Baig Resume.docx', 'Ashley, Robert- Resume 020420.docx', 'Austin Gibbs Resume (3).pdf', 'Battaglia, Isaac - 04.05.22.docx', 'Bishal KC resume april.pdf', 'Brizzi, Mike - 01.05.22.docx', 'CHUKWUEMEKAMADUKAIFE_IFEANYI_20220112051301 (1).docx', 'Coffelt, Brian - 07.12.21.docx', 'Colten_Gillam_Resume_Current2023.pdf', 'Curry, Eles - 09.03.21.docx', 'Daniel Schurman Mobomo Resume.docx', 'david_hess_-_resume (1).docx', 'David_ShatzerPMP_631612564_3.pdf', 'Davis, Derrick - 03.09.22.docx', 'Dice_Profile_Alec_Timerman (2).pdf', 'Drupal_Developer_-_Thanh_Pham.pdf', 'Frazin, Adam - 07.16.21.docx', 'Frey, Dale 02-04-2020.docx', 'Griggs, Jay - 10.12.22.docx', 'Hartman, Peter - 12-07-2020.docx', 'JamesMay_Resume (2).pdf', 'Javier Destefanis - Resume MBM - 2021-03.pdf', 'Jay Griggs Resume 2023 DHS.docx', 'Joe Jacobs - PM Resume 2023.docx', 'John_Goldring_.pdf', 'Josh Lilly 2022 Resume.docx', 'Kelly Donovan Resume conv.docx', 'Kristen Resume 03-28-2019.docx', 'Kwynci_Fields_932143954 (1).pdf', 'latrelle_freeman-resume2023.docx (1).pdf', 'lilly, joshua - resume 12-22-2021.docx', 'lloyd, leah - 08-28-2020.docx', 'Lucas Resume (1).docx', 'Lucas Resume.docx', 'McMullen, Fred - Resume.docx', 'Michael_Farnbach_951594938 (1).pdf', 'Mobomo Resume - Kevin Huff .docx', 'Mobomo Resume Robin Knight-UPD (1).docx', 'mustgrave, stephen 2020.docx', 'MYKHAYLO_Resume_1.pdf', 'Napoli, Gabriel - 03-22-2021.docx', 'Nicholas_Stanley_-_Senior_Software_Developer_Resume_2023_1.docx', 'Ochoa, David - 10.18.22.docx', 'PaulCSmithIVResume.docx', 'Paz, Mariana - 03.29.21.pdf', 'PerryBrown_Resume-2021.09 (1).pdf', 'Rachelle Pineda - Project Manager Resume 2023.docx', 'Raef_Nadda_932143954 (2).doc', 'Resume-Andrew-Benbow_-_2023.pdf', 'resume-ethan-watson (1).pdf', 'Resume-Gerardo-pinkus-uxui.docx', 'Resume_BDilts.pdf', 'Resume_McCloskey (2).pdf', 'Roldan,Silvina Mobomo Resume.docx', 'Silvina Sanguinetti - 2016-08.docx', 'Slagle_Liam_20230302180053 (3).pdf', 'Tawney, James - 02-04-2020.docx', 'Uwechue, Oke - 09.03.21.docx', 'Vijaya_Prasad (1).pdf', 'Vitek, Mark - 04.11.22.docx', 'Wheelock, Matthew - 07.12.22.docx', 'Mobomo-McGraw PPT - G and L edits.pptx', 'Mobomo-McGraw2.key', 'Mobomo-PEW-Fiscal50-Draft-Reviewing.pptx', 'PEW Creative brief for vendors - Fiscal 50 redesign (1).docx', 'Reorg of slide details.docx', 'Customer Quotes.docx', 'GSA Professional Services Schedule - 47QRAA18D002U.pdf', 'GSA Schedule 70 - GS-35F-143BA.PDF', 'HHSN316201200193W - Award.pdf', 'Mobomo - NOAA Web Modernization - Project Management Plan.docx', 'Insurance Requirements - General Information across Opportunities.docx', '01.2023 Backlog Report.xlsx', 'Mobomo GSA Rates Current 20220315.PDF', '0110786_ENG_Mobomo, LLC (1).pdf', 'CMMI Appraisal.pdf', 'Reps & Certs Copies.zip', 'Ruslan Fomiuk Trusted tester.pdf', 'Content Drawing Board.docx', 'CX Evaluation and Buying Guide.pdf', 'Debrief LCATS and Rates.xlsx', 'Document.docx', '00 - Full Proposals Reference Catalog.xlsx', '01 DV UNITED PROPOSAL SHELL TEMPLATE.docx', '2017 Total Solar Eclipse - DrupalCon-new.pptx', 'Acquia Sample Resumes.docx', 'Attachment B - Pricing Spreadsheet - FINAL v3.xlsx', 'Baltimore Public Schools - Red Team with Notes - Website Design & Development.pdf', 'CMS - Voltron Platform _RFQ_FINAL.DOCX', 'DV United - ITA Price Proposal - FINAL.docx', 'GSA_47HAA021Q0128_MobomoLLC_Resumes.docx', 'Mobomo - GSA Schedule 70 01.PDF', 'Mobomo - Price Volume.pdf', 'Mobomo - Required Price Quote.xlsx', 'Mobomo - Resume of Garcia.pdf', 'Mobomo - Technical Volume.pdf', 'GSA_47HAA021Q0128_MobomoLLC_PricingProposal.docx', 'GSA_47HAA021Q0128_MobomoLLC_Resumes.docx', 'GSA_47HAA021Q0128_MobomoLLC_TechnicalProposal.docx', 'MBM-Capabilities_compressed.pdf', 'MBM-FERCCase_compressed.pdf', 'MBM-NASACase_compressed.pdf', 'MBM-NOAACase_compressed.pdf', 'MBM-UX-experiencematters_compressed.pdf', 'MBN Content Management Platform Proposal - Final with Intranet v3.docx', 'Mobomo - GSA Schedule 70 01.PDF', 'Mobomo - NOAA Web Modernization Proposal - 1305M220QNFFK0252.1595542476401.docx', 'Mobomo - Price Volume.pdf', 'Mobomo - Required Price Quote.xlsx', 'Mobomo - Technical Volume.pdf', 'Mobomo - Volume 4 - ACME Corporate Capabilities - 2022-XX-XX - Phase 3 - Gold Team.docx', 'Mobomo 89603018Q0013_Amendment 0003 - FERCgov - Volume 1.docx', 'Mobomo 89603018Q0013_Amendment 0003 - FERCgov - Volume 2.docx', 'Mobomo 89603019Q0015_Amendment 0003 - FERCgov - Volume 1.docx', 'Mobomo 89603019Q0015_Amendment 0003 - FERCgov - Volume 2.docx', 'Mobomo Administrative Volume I - FINAL.docx', 'Mobomo GSA- Technical Volume.pdf', 'Mobomo Management Approach Volume III -FINAL.docx', 'Mobomo Pricing Attachment 3 - Volume IV - FINAL (Working).xlsx', 'Mobomo Pricing Volume IV - FINAL-2.docx', 'Mobomo Pricing Volume IV - FINAL.docx', 'Mobomo RFP Technical Response - CDC STI Application .docx', 'Mobomo RFP Technical Response - CDC STI Application-wch cc 8.8.21.docx', 'Mobomo Technical Quotation - CDC STI Application - KG - Updated Adarsh 06 Sep.docx', 'Mobomo Technical Volume II - FINAL.docx', 'Mobomo-InnovationDeck.ppt', 'nasa westprime-ii rfi - mobomo 102216 ksf.docx', 'RFQ 140D0418Q0068 Technical Proposal - FINAL.docx', 'Shipley Proposal Guide 5.2.23.pdf', 'USGS Proposal.docx', 'VOA - Draft Presentation 2.pdf', 'VOA - Final Orals Presentation.pdf', 'How the Government Evaluates Proposals March 2023.pdf', 'How the Government Evaluates Proposals March 2023.pptx', 'Lauren Onboarding Activity Calendar.docx', 'Lauren Onboarding Week Activity Calendar.docx', 'Mobomo Training Packet 2024.docx', 'Mobomo Training Packet.docx', 'Proposal Evaluation Notes from Dan to be Incorporated in PPT.docx', 'Proposal Pipeline.docx', 'Proposal Process Checklist.xlsx', 'Shipley Proposal Guide.pdf', 'Writing Assignment - Matt Plush.docx', '00 - Past Performance Reference Catalog.xlsx', '2023 PROJECT COMPLETION SUMMARY TEMPLATE FOR PMS.docx', 'Apogee Past Performance.docx', 'Compilation of PP - Short Versions.docx', 'CSBA_Past_Performance.docx', 'FERC Web Modernization Past Performance.docx', 'goDCGo Past Performance Detailed.docx', 'GSA - Past Performance for Proposal 9.30.21.docx', 'GSA Code.gov Past Performance Detailed.docx', 'Healthy Louisiana Mobile Application Data Call.docx', 'International Trade Administration 2.docx', 'International Trade Administration.docx', 'M3 Past Performance for Proposal 11.15.21.docx', 'Mars Chocolate NA - Past Performance for Proposal 9.30.21.docx', 'Maximus Healthcare OCR.docx', 'MAXIMUS.docx', 'MBN Election Map Past Performance.docx', 'MBN Past Performance for Proposal 10.4.21.docx', 'Metrics - Past Performance Overview.docx', 'NASA Science Scope of Work from Dropbox.pdf', 'NASA WEB AND NASA TV.docx', 'NASA WestPrime.docx', 'Navy Past Performance Evaluation Questionnaire.docx', 'Navy Past Performance.docx', 'NOAA .docx', 'NOAA Fisheries - Generic Summary.docx', 'NOAA Fisheries.docx', 'Office of Naval Research .docx', 'Office of Naval Research – Website Modernization.docx', 'Past Performance Template - DVU.docx', 'Past Performance Template.docx', 'PP Consolidated Summaries from Clutch Website.docx', 'PRAC Past Performance.docx', 'PULSE Platform Past Performance - Short.docx', 'USGS - Past Performance for Proposal 9.30.21.docx', 'USGS Store 2022 Write Up.docx', 'USGS Store Past Performance.docx', 'USO Past Performance - Detailed.docx', 'Veterans Affairs - Mobomo - ACME DevSecOps Case Study - 2022-03-16.docx', 'Voice of America (VOA).docx', 'Voice of America PP 2019 Extended.docx', 'White House Past Performance for Proposal 9.30.21.docx', 'World Bank Past Performance for Proposal 9.30.21.docx', 'Maximus Past Performance 2023.docx', 'MBN 2023.docx', 'Mobomo_Business+Gateway+RFI+FINAL.docx', 'Paragraphs for Data Call.docx', 'USGS Store 2023.docx', 'VA Mental Health CheckUp App 2023.docx', 'CDC 2023.docx', 'CDC CPARS - 12_14_22.pdf', 'CPARS - CDC - 2-16-24.pdf', 'CPARS Report - Overview.xlsx', 'Past Performance Questionnaire - FERC 2023.pdf', 'Performance Questionnaire_FERC_NH0_07.2020.pdf', 'USA.gov Draft CPARS 2018.pdf', 'USAgov 2016-2017.pdf', 'USAGov 2018-2019.pdf', 'USAGov 2019-2020.pdf', 'USAGov 2020-2021.pdf', 'USAGov 2022 CPARS.pdf', '1. ITA CPARS 2-18 - 1-19.pdf', '2. ITA CPARS 2.19 - 1.20.pdf', '3. ITA CPARS 6-2019 - 4-2020.pdf', '4. ITA Review - 8-2020.docx', '5. ITA CPARS - 4-15-2022.pdf', '6. ITA CPARS 4-16-22 - 4-15-23.pdf', '7. ITA CPARS Final 1-2024.pdf', '2_BBGRFQ-2018-VOA-CMS - Voltron_Att-2 PPQ_FINAL - Mobomo NASA.pdf', 'Attachment B - PP Questionnaire - Digital Support Services_Ian Sturken.docx', 'NASA PAST PERFORMANCE QUESTIONNAIRE.1556205705236 kf_ih 050119 kf.doc', 'CPARS-NOAA-7_13_21.pdf', 'NOAA FIsheries 2018-2019.pdf', 'USGS CPARS 2017-2018.pdf', 'USGS ING16PA00012 ING17PB00033 1.pdf', 'USGS ING16PA00012 ING17PB00033.pdf', 'USGS ING16PA00012 ING17PB00056.pdf', 'USGS ING16PA00012 ING17PB00059.pdf', 'USGS ING16PA00012-ING16PB00250.pdf', 'FERC 2023.docx', 'General Service Administration - M3 Project.docx', 'ITA (International Trade Administration) 2023.docx', '017+--+Relevant+Experience+Project+(REP)+Template (3) (1) TMD edits 041523.docx', 'CREEK-DDC-JV-DVU-SD-SSW-REP9-JV TG Signed.pdf', 'ITA Attachment A - SOW 140D0418Q0068 (2).docx', 'Lecet 2023.docx', 'LouisvilleKY.org 2023.docx', 'M3 Past Preformance.docx', 'MBN 2023.docx', 'MBN Radio Sawa 2023.docx', 'NASA 2023.docx', 'NOAA 2023.docx', 'NSIDC 2023.docx', 'ONR 2023.docx', 'Past Performance Template.docx', 'PEW 2023.docx', 'PRAC 2023.docx', 'Mobomo Revised Technical Quotation - CDC STI Application - 9_7_21.docx', 'Request for Quotation - 75D301-21-Q-73824_7-26-21.1627321176442 (3).pdf', 'Louisville D7D8 Consulting_Final.pdf', 'Louisville O&M SOW 007 OY2 - signed.pdf', 'Louisville SOW 5 - D 8 - 9 Migration - signed.pdf', 'SOW003_Mobomo - D7-8 Migration FE.pdf', 'NSIDC Information Request DQ  (1).docx', 'NSIDC.org - Contract UCB-Mobomo LLC-DQ PSC-U-1101 Website Redesign for NSIDC.org-Boulder Campus-114683392 (1).pdf', 'Univ of CO - SOW Website O&M.docx', 'usa.gov.docx', 'TetraTech Past Performance 2023.docx', 'USA.gov 2023.docx', 'USGS Store 2023.docx', 'VA Mental Health Check Up Past Performance .docx', 'Conti, Matthew - Full Resume (1).docx', 'Elizabeth Durnan - Project Manager.docx', 'Ifeanyi Madukaife  Resume Original.docx', 'Iryna_Tretynyk_Resume_2021_1.pdf', 'Lucas Riutzel - Technical Architect Resume 2023.docx', 'Oliva_Padilla_Blas_CV (1).pdf', 'preview_document_164999448_1674136135.pdf', 'resume_6245c738a085c.docx', 'Tim Hill - Developer Resume 2023.docx', 'TIM_HILL_RESUM_12-22_2.pdf', 'Your_Resume.pdf', 'Alec Timerman - Experience Designer Resume 2023.docx', 'Amreen Baig - Project Manager Resume 2023.docx', 'Austin Gibbs - QA Engineer Resume 2023.docx', 'Blas Oliva Padilla - Developer Resume 2023.docx', 'Colten Gillam - Junior Systems Engineer Resume 2023.docx', 'Dale Frey - Software Engineer Resume 2023.docx', 'David Hess - Developer Resume 2023.docx', 'David Shatzer - Project Manager Resume 2023.docx', 'Ethan Watson - Junior UX Designer Resume 2023.docx', 'Gerardo Pinkus - Director of UXUI Resume 2023.docx', 'Ifeanyi Chukwuemeka Madukaife - Junior Network Engineer Resume 2023.docx', 'Iryna Tretynyk - Developer Resume 2023.docx', 'James May - Senior Web Engineer Resume 2023.docx', 'Javier Destefanis - Project Manager Resume 2023.docx', 'Joe Jacobs - Project Manager Resume 2023.docx', 'John Goldring - Project Manager Resume 2023.docx', 'Kristen McLean - Content Specialist Resume 2023.docx', 'Kwynci Fields - Web Producer Resume 2023.docx', 'Kyle Jester Drupal Developer Resume 2023.docx', 'LaTrelle Freeman - Senior Software Engineer Resume 2023.docx', 'Lekan Reju - Full Stack Developer Resume 2023.docx', 'Liam Slage - Developer Resume 2023.docx', 'Lucas Riutzel - Technical Architect Resume 20231.docx', 'Michael Farnbach - Enterprise Architect Resume 2023.docx', 'Mykhaylo Tretynyk - QA Engineer Resume 2023.docx', 'Nathan McCloskey - Developer Resume 2023.docx', 'Nicholas Dougherty - Business Analyst Resume 2023.docx', 'Nicholas_Stanley - Senior Software Developer Resume 2023.docx', 'Oke Uwechue - Senior Android Developer Resume 2023.docx', 'Paul Smith - Cloud Engineer Resume 2023.docx', 'Peter Hartman - QA Engineer 2023 Resume.docx', 'Peter Hartman - QA Engineer Resume 2023.docx', 'Raef Nadda - Senior Web Producer Resume 2023.docx', 'Seif Kobrosly - Developer Resume 2023.docx', 'Silvinia Sanguinetti - Senior UXUI Designer Resume 2023.docx', 'Thanh Pham - Drupal Developer Resume 2023.docx', 'Vijaya Prasad - Project Manager Resume 2024.docx', 'Vijaya Prasad - Web Producer Resume 2023.docx', 'Adam Frazin - Technical Architect Resume 2024.docx', 'Andra Abramson - Senior Content Strategist Resume 2024.docx', 'Andrew Benbow - Web Developer Resume 2024.docx', 'Bishal KC - Enterprise Architect Resume 2024.docx', 'Brian Coffelt - Software Engineer Resume 2024.docx', 'Brittany Dilts - Front End Developer Resume 2024_updated.docx', 'Carey Erickson - Content Strategist Resume 2024.docx', 'Dan Narkiewicz - DevOps Engineer Resumes 2024.docx', 'Dan Narkiewicz - Technical Director Resumes 2024.docx', 'Daniel Schurman - Project Manager Resume 2024 DAS.docx', 'Eles Curry - QA Engineer Resume 2024.docx', 'Ethan Watson - UX Designer Resume 2024.docx', 'Fred Bigden - Project Manager Resume 2024.docx', 'Fred McMullen - Software Developer Resume 2024.docx', 'Ifeanyi Chukwuemeka Madukaife - Junior Network Engineer Resume 2024.docx', 'Kolleen Jennings - Product Manager Resume 2024.docx', 'LaTrelle Freeman - Project Manager Resume 2024.docx', 'Matthew Schuh Resume - Lead Drupal Developer 2024.docx', 'Checklist .xlsx', 'Acquia D8 - Certified Developer Mustgrave.pdf', 'B. Dilts ED. Letter of Commitment 2022 - Mobomo PDF.pdf', 'Employee Certifications & Clearance - Master.xlsx', 'J. Andriani ED. Letter of Commitment 2022 - Mobomo.pdf', 'K. Huff ED. Letter of Commitment 2022 - Mobomo.pdf', 'Kevin Huff-ScrumAlliance_CSM_Certificate.pdf', 'L Lloyd ED. Letter of Commitment 2022 - Mobomo PDF.pdf', 'LLloyd-ScrumAlliance_CSM_Certificate_5.6.21.pdf', 'M. Wheelock ED. Letter of Commitment 2022 - Mobomo.pdf', 'R Knight SAFe.pdf', 'R. Knight ED. Letter of Commitment 2022 - Mobomo.pdf', 'RKnight-ScrumAlliance_CSM_Certificate_12.21.22.pdf', 'S Mustgrave FE Spec Drupal 9.pdf', 'S Mustgrave- CSM Certificates.pdf', 'S. Mustgrave Acquia D9 - Certified Developer.pdf', 'S. Mustgrave Acquia D9 - Certified Siteuilder  Developer.pdf', 'S. Mustgrave ED. Letter of Commitment 2022 - Mobomo PDF.pdf', 'SMustgrave_Acquia D9 Site Builder_7.12.2021.pdf', 'Resume Completion Checklist.xlsx', 'scope for resume updates 9.29.23.xlsx', 'Quality Assurancce Template Resume 2023.docx', 'Resumes compliance.docx', 'Template Resume - Project Manager.docx', 'Template Resume - Technical.docx', 'Template Resume - Web Producer.docx', 'UX-UI Designer Template Resume.docx', 'Capabilities Matrix Template.xlsx', 'CHS3 RFP - Great Language on Management, PM, Org Structure, Staffing.pdf', '01 DV UNITED PROPOSAL SHELL TEMPLATE.docx', 'Letter of Commitment 2022 - DVU.docx', 'NEW DV United Proposal Shell.docx', 'Past Performance Template - DVU.docx', 'Template Resume 2022 - DVU.docx', 'Go Live Checklist-for-federal-websites-and-digital-services .xlsx', 'hhs-508-webapps-checklist.xlsx', 'Kickoff Meeting Template.pptx', 'Letter of Commitment 2022 - Mobomo.docx', 'Mobomo Cover Letter Template.docx', 'Mobomo Data Call.docx', 'Past Performance Template.docx', 'Pink Draft Content Development Template - requirement, feature, benefit, proof point.docx', 'Proposal Cover Template.docx', 'Proposal Shell Updated 2022.docx', 'Proposal Writing Shell Template.docx', 'Proposals Cover Template - ALTERNATE.docx', 'Proposals Cover Template - ORIGINAL.docx', 'Questions Template for RFP-RFQ.xlsx', 'Red Team Review Score Card.docx', 'DevOps Template Resume.docx', 'Front End Developer Template Resume.docx', 'Jeff Beagley - Technical Architect Resume 2023.docx', 'Mobomo Resume Process 1192023.docx', 'Template Resume 2022.docx', 'BPTW Open-ended & Scaled Custom Survey Items - Customizable Questions to add to Survey.xlsx', 'BPTW Participation Guide INC - Step by Step Guide for Us To Follow .pdf', 'BPTW Promotion Guide - How to Promote Survey to Employees.pdf', 'Invite Upload_2023 Revised - QWP Employee Email addresses.xlsx', 'REG_INC_2024 Survey Setup Questionnaire.docx', 'Standard Survey_INC_2024.pdf', 'DrupalGovCon-handout-Ryan_compressed.pdf', 'DrupalGovCon-handout-Tom_compressed.pdf', 'Digital Services Coalition Member Spotlight.docx', 'Draft Drupal4Gov Days Partnership Agreement.docx', 'GovCon_Intro_Draft_mp.docx', 'Keynote Speech Framework.docx', 'MOBOMO.Marketing-blurb-2023.docx', 'Questions to ask Drupal GovCon Planning Committee.docx', 'Social Media Posts.docx', "We're Hiring.pdf", 'Case Study Form for Drupal v1.docx', 'Online Case Study Form Template.docx', 'Daylight Savings Day.png', 'Happy Holidays.png', 'Holiday Post Scope 10.6.23.xlsx', 'Holiday Posts Drafts 10.18.23.docx', 'Linkedin - Holidays2023-01.png', 'Linkedin - Thanksgiving2023.ai', 'Linkedin - VADay-01.png', 'Martin Luther King Day.png', 'Partner Gift List 2023.docx', "Presidents' Day.png", 'Thanksgiving 2023.png', 'Thanksgiving.jpg', 'US Navy 248th Birthday.docx', 'Mobomo Profile Page Content.docx', '2023 Greater Washington Government Contractor Awards v2.docx', '2023 Greater Washington Government Contractor Awards.docx', 'Intellibridge Nomination for Mobomo for Orange Slices 2024 Elev8 GovCon.docx', 'Orange Slice Nomination Form.docx', 'Orange Slices Media Kit 2023 (2) (1).pdf', 'Orangeslices ad ideas.docx', 'Sierra7 Nomination for Mobomo for Orange Slices 2024 Elev8 GovCon.docx', 'SMX - PRAC Nomination for Mobomo for Orange Slices 2024 Elev8 GovCon.docx', 'Vega Award Write Up for TetraTech.docx', 'Web Excellence 2023 Content for Application MBN.docx', 'Web Excellence 2023 Content for Application.docx', 'MBM-Capabilities-2023_compressed.pdf', 'Clutch Reference Process for Project Managers -- Program Directors.docx', 'Clutch Review Process for Project Managers -- Program Directors.docx', 'Drupal 7,9, to 10 messaging updates.docx', 'Swag.docx', 'Ideas for Enterprise Level Marketing Plan Development.docx', 'Mobomo Website Audit_ July.21.2022.docx', 'pp presentation for marking.docx', 'AI Blog Drafts v1.docx', 'Blurb Ideas for Graphics team.docx', 'Document.docx', '1.911 - 1200x628 – 1.png', '1.911 - 1200x628 – 2.png', '1.911 - 1200x628 – 3.png', '1.911 - 1200x628.png', '11 - 1200x1200 – 1.png', '11 - 1200x1200 – 2.png', '11 - 1200x1200 – 3.png', '11 - 1200x1200.png', 'Drupal End of Life nov2023 (1).aep', 'Drupal Migration AD 2021 - Landscape.mp4', 'Drupal Migration AD 2022 - Landscape.mp4', 'LOGO - landscape fill - 1200x300.png', 'LOGO - landscape out - 1200x300.png', 'LOGO - square fill - 1200x1200.png', 'LOGO - square out - 1200x1200.png', 'LOGO - square out knock - 1200x1200.png', 'tmpAEtoAMEProject-Drupal Migration AD 2021 - Landscape.aep', 'Linkedin_ – 6@2x.png', 'Linkedin_ – 7@2x.png', 'Linkedin_ – 8@2x.png', 'Linkedin_ – 9@2x.png', 'notes.docx', 'What are the impacts of not doing the upgrade from D7.docx', 'LinkedIn Traffic Stats.docx', 'LinkedIn Traffic Stats.pdf', 'Document.docx', 'Mobomo Gadgets_Christmas.mp4', 'We Are Hiring Enterprise Architect (1).mp4', 'We Are Hiring FrontEndWebDev.mp4', 'We Are Hiring REACT dev.mp4', 'We Are Hiring SeniorSofwareDev.mp4', 'We Are Hiring SeniorWebProd-b.mp4', 'We Are Hiring SeniorWebProd.mp4', 'We Are Hiring VoiceAppDev.mp4', 'WeAreHiring-Blue-phone-SeniorWordPressDev.mp4', 'Review_Assertions___System_for_Award_Management.png', 'MBN Blog and LinkedIn Post - Web Excellence Award 2023.docx', 'USGS Store - Sierra7 Approved Blogpost Content.docx', 'USGS Store Blog and LinkedIn Post - Web Excellence Award 2023.docx', 'AI adoption on Design.docx', 'AI Adoption track changes.docx', 'AI Overrun DRAFT for BL review.docx', 'certs explained.docx', "ChatGPT's Boundless Frontier_ A Symphony of Sight, Sound, and Conversation.docx", 'GovCon Blog Draft v1.docx', 'Is your Website AI-Friendly_ (Or_ How To Markup your Site for ChatGPT).docx', 'Acquia_Mobomo SME interview - GR markup.docx', 'CDC - Infographic-01.png', 'CDC Launches STI Treatment (Tx) Guide Mobile App.docx', 'Clutch – CDCSTi.png', 'Content Management Governance_Blog Post.docx', 'Customer Experience .docx', 'Customer Experience v2.docx', 'Customer Experience v3.docx', 'Designing for the Metaverse -G 4.14.22 Clean.docx', 'Blog_content.png', 'Blog_featured.png', 'CKeditor.com-customizable@2x-0f07da6abc.png', 'Drupal 10.docx', 'Drupal End of Life Final Extension.docx', 'Engineering and Artistry – Designing the Modern-Day Mona Lisa.docx', '2022-11-04 - IOS 16 New Features.zip', 'Blog_content-2.png', 'Blog_featured-2.png', 'Document.docx', 'IOS 16 UX Blogpost.pdf', 'Altnerate Heading.docx', 'Altnerate Heading.pdf', 'Case Study 12.1.21.docx', 'M3 Case Study Edits.docx', 'M3 Case Study Edits.pdf', 'M3 Past Performance for Proposal 11.15.docx', 'Template Case Study Layout.png', 'ONR Case Study.docx', 'The Awakening of AI.docx', 'Blog - USGSPass Content.png', 'Blog - USGSPass Featured.png', 'USGS Store Traffic Surge.docx', 'USWDS compliant.docx', 'Zipper Sprints Authored by Adam Frazin.docx', 'AACC Blog Post.docx', 'Potomac Haven Wins Government Contract for Digital Services - Oct 2022.docx', 'Press Release Potomac Haven Wins Government Contract for Digital Services .docx', 'CAAPS ECA Press Release 3.2024.docx', 'CAAPS ECA Press Release v2.docx', 'CAAPS ECA Press Release.docx', 'Clutch Global Winners Template 2023.docx', 'CMMI Press Release Final.docx', 'Drupal Diamond Press Release.docx', 'Drupal Diamond Press Release2.docx', 'Linkedin(1).png', 'Inc 5000 Press Release revision.docx', '0110786_ENG_Mobomo, LLC (3).pdf', 'AuditSummary-ENG_CMPY-136599_ACTY-2020-427151-Final (1).pdf', 'Content (2).png', 'Featured-S.png', 'ISO Audit Results Press Release 3.2024.docx', 'Thumbnail (2).png', 'Blog -  MBN.png', 'Blog - MBN Content – 1.png', 'O&M .docx', 'Blog -  SAWA.png', 'Blog - SAWA.png', 'PRESS RELEASE - MBN Radio Sawa.docx', 'Mobomo - Sierra7 LEAF Announcement.docx', 'Potomac Haven Wins Government Contract for Digital Services - Oct 2022.docx', 'ProTech Fisheries 2.0 Press Release 3.2024.docx', 'Blog - SWIFT Content.png', 'Blog - SWIFT Featured.png', 'Dev SWIFT Mobomo press release 10192022.docx', 'Blog - USDA Content.png', 'Blog - USDA.png', 'USDA Writeup.docx', 'WBJ Small Biz.docx', 'Blog_content  - Sentinel.png', 'Blog_featured - Sentinel.png', 'Case Study Sentinel FINAL.docx', 'Case Study Sentinel.docx', 'Fit Mask - AR Details + Technical Hurdles.docx', 'Letter to CDC.docx', 'Mobomo labs cse study - notes from conference call.docx', 'Mobomo Timeline on Website.docx', 'NASA Case Studies for Website--draft.docx', 'NASA Case Study for Website (2).docx', 'NASA Science Scope of Work from Dropbox.pdf', 'Notes for Table on Drupal Leap page.docx', 'Notes from Capabilities Doc Meeting.docx', 'Paragraph on Web Excellence Awards - revised.docx', 'Paragraph on Web Excellence Awards.docx', 'MBM Capabilities 2023.docx', 'Proposal Pipeline.xlsx', 'Document Control Record.xlsx', 'AO Questions.xlsx', 'Attachment 1-Court Toolbox SME SOW  (1).pdf', 'Attachment 2-Court Toolbox Required Website Content U.S. District Court.pdf', 'Attachment 3-U.S. Courts Public Websites_Screenshots and URLs.pdf', 'Attachment 4- JNet Assessment and Strategic Planning SOW.pdf', 'Attachment 5-JNet IA-Sitemap.pdf', 'Attachment 6-JNet Screenshots .pdf', 'Attachment 7 - Court Toolbox Price Sheet.xlsx', 'Attachment 8 - JNET Price Sheet.xlsx', 'USCA22Q0196-issued Sep 30.pdf', 'Attachment 1 - SLAs_11102022.1669751890210.docx', 'Attachment 2 - Section B_V2 - Supplies or Services and Prices.1670619377548 (1).xlsx', 'Combined Questions and Answers_12092022.1670619357244.pdf', 'Tab 6 - Attachment 2 - Section B.1669751901137.xlsx', 'US Courts Linda William Web Operations and Support Services GSA eBuy!.mht', 'USCA22Q0129 Web Operations and Support Svcs_V2.1669751877906 (3).pdf', 'USCA22Q0129 Web Operations and Support Svcs_V2.1669751877906 - MARK UP.pdf', 'USCA22Q0129-0001 Web Operations and Support Svcs.1669763966471 - MARKUP.pdf', 'USCA22Q0129-0001 Web Operations and Support Svcs.1669763966471.pdf', 'Volume II - Technical Quotation - RFQ USCA22Q0129 - Mobomo LLC - CONTENT ONLY.docx', 'Volume II - Technical Quotation - RFQ USCA22Q0129 - Mobomo LLC - v2.docx', 'Volume II - Technical Quotation - RFQ USCA22Q0129 - Mobomo LLC - v3 content onnly.docx', 'Volume II - Technical Quotation - RFQ USCA22Q0129 - Mobomo LLC.docx', 'Volume I - Business Quotation - RFQ USCA22Q0129 - Mobomo LLC.docx', 'Volume II - Technical Quotation - RFQ USCA22Q0129 - Mobomo LLC .docx', 'ActioNet US Courts - Mobomo NDA_AN edit_Final_AN signed (1).pdf', 'Business Volume Cover Template.docx', 'Data Call 1 US Courts RFQ - Corp. Information  .docx', 'Data Call 3 US Courts RFQ - Past Performance .docx', 'Data Call 4 US Courts RFQ - Key Personnel.docx', 'Data Call 1 US Courts RFQ - Corp. Information .docx', 'Data Call 2 US Courts RFQ - Requirements Content.docx', 'Data Call 3 US Courts RFQ - Past Performance.docx', 'Data Call 4 US Courts RFQ - Key Personnel.docx', 'Technical Volume Cover Template.docx', 'US Courts CLIN Price Updates.xlsx', 'US Courts Pricing 12272022.xlsx', 'US Courts Web Operations Support Services PWIN.xlsx', 'Attachment 2 - Section B_V2 - Supplies or Services and Prices.1670619377548.xlsx', 'Volume I - Business Quotation - RFQ USCA22Q0129 - Mobomo LLC.docx', 'Volume I - Business Quotation - RFQ USCA22Q0129 - Mobomo LLC.pdf', 'Volume II - Technical Quotation - RFQ USCA22Q0129 - Mobomo LLC .docx', 'Volume II - Technical Quotation - RFQ USCA22Q0129 - Mobomo LLC .pdf', 'AO - Web Ops and Support Svcs Internal Proposal Checklist.xlsx', 'Debrief of Courts Proposal Feedback.docx', 'Mobomo debriefing from Linda Williams.pdf', 'US Courts Debriefing.docx', 'BCH 2022 National Fall Media_091422.pptx', "Boston Children's Digital Marketing Agency Scope - National Campaign 8.10.22_updated.docx", 'FinalCreative_091422.pdf', "Outline for Proposal Provided by Boston Children's Hospital.docx", 'Cover.docx', 'Proposal Shell Updated 2022.docx', 'Attachment 1 - BPA Terms and Conditions - Web Support and Development Services.1655123468571.pdf', 'Attachment 2 - Performance Work Statement - BABC1321-22-00081.1655123468269.pdf', 'Attachment 3 - Price Schedule Template - RQ1555238 -6-13-2022.1655123467540.xlsx', 'Attachment 4 - Past Performance Questionnaire.1655123481816.pdf', 'Attachment 5- Question Template - RQ1555238.1655123467442.xlsx', 'Attachment 6 - Labor Category Descriptions - RQ1555238.1655123467949.pdf', 'Mod 3- RFP - Web Support and Development Services - BABC1321-22-00081.1655123468585.pdf', 'Amendment 1 - RFQ - Web Support and Development Services - BABC1321-22-00081.1651501281439.pdf', 'Amendment 1 Comparison.pdf', 'Notice to Potential Vendors .1652816669252.pdf', 'Past Performance Questionnaire.1651251180166.pdf', 'Performance Work Statement - BABC1321-22-00081 - FINAL.1651251171154.pdf', 'Price Table Template - BABC1321-22-00081.1651251266981.doc', 'RFQ - Web Support and Development Services - BABC1321-22-00081 - FINAL.1651251162042 (annotated).pdf', '[Compare Report] Mod 3- RFP - Web Support and Development Services - BABC1321-22-00081.1655123468585.pdf', 'DOC BEA Web Support and Dev Price Rough Draft v1.docx', 'DOC BEA Web Support and Dev Price Schedule Rough Draft v1.xlsx', 'DOC BEA Web Support and Dev Tech and PP Proposal Rough Draft v1.docx', 'DOC BEA Web Support and Dev Tech_PP_Cost Rough Draft v1.docx', 'Mobomo LLC_Questions Regarding RFQ BABC1321-22-00081.xlsx', 'Mobomo_Past Performance Questionnaire.1651251180166 MERP Systems Subcontractor.pdf', 'GSA Rates.PDF', 'MERP Capabilities.docx', 'MERP Logo.html', 'MERP Solutions.docx', 'Resume_Ali Ali (MERP).docx', 'SharePoint intranet.docx', 'Mobomo LLC_Questions Regarding RFQ BABC1321-22-00081.xlsx', 'Mobomo_LLC_Attachment 5- Questions - RQ1555238.1655123467442.xlsx', 'BEA Internal Proposal Checklist.xlsx', 'CDC - D1._200-2021-F-12792_COsigned (1).pdf', 'OY2 - Notice of Intent to Exercise Option -MOBOMO 75D30121F12792_COsigned.pdf', 'Request for Quotation - 75D301-21-Q-73824_7-26-21.1627321176442 (3) (1).pdf', 'Request_for_Additional Info_Mobomo_090221_COsigned (1).pdf', 'CDC STI PWIN.xlsx', 'Mobomo Response _  Revised Business Quotation_ RFQ# 75D301-21-Q-73824 CDC STI Application.xlsx', 'Mobomo Revised Technical Quotation - CDC STI Application - 9_7_21 (1).docx', 'Mobomo Revised Technical Quotation - CDC STI Application - 9_7_21.pdf', 'D2_b._SF-30 - FE.pdf', 'D2_b._SF-30-12792-FE.pdf', 'Questions for CDC - User Testing Tool Platform 75D301-24-Q-77519.xlsx', 'RFQ 75D301-24-Q-77519_User Testing Tool Platform.1710439338173.doc', 'CDC - User Testing Tool Platform RFQ No. 75D301-24-Q-77519 -- Mobomo -- Business Volume.docx', 'CDC - User Testing Tool Platform RFQ No. 75D301-24-Q-77519 -- Mobomo -- Technical Volume.docx', 'RFQ ONC Web ReDesign (1).pdf', 'RFQ ONC Web ReDesign.pdf', 'Sources Sought HHS HealthIT.gov.docx', 'Sources Sought HHS HealthIT.gov.docx', 'Sources Sought HHS HealthIT.gov.pdf', 'Attachment 1 - APPLICATION DEVELOPMENT MILESTONES.pdf', 'Attachment 2 - OFFEROR REPRESENTATIONS AND CERTIFICATIONS.docx', 'Attachment 3 - SECTION 508 PRODUCT ASSESSMENT TEMPLATE.xlsx', 'Links.txt', 'NCI Statement of Work.pdf', 'NOAA_NMFS_Application_Dev_AttainX_-_Mobomo_TA_FE.pdf', 'Attachment 1 - 2023-NIMH-OSPPC-ECB-Web-Coding-Support_v3 (1).pdf', "Mobomo's Questions for NIMH.xlsx", 'RFP w Attachments (1).pdf', 'NIMH - Mobomo Response Volume I.docx', 'NIHMH NIDA PWIN 8042023.xlsx', 'INSTRUCTIONS TO OFFERORS COMMODITY.OD.DTR (002)[29].pdf', 'SOW_361.pdf', 'DV United Proposal EDI-GEM-TMC RFQ.docx', 'NIH EDI PWIN.xlsx', 'DV United Proposal EDI-GEM-TMC RFQ C-91122-DV.pdf', 'DV United Proposal EDI-GEM-TMC RFQ.pdf', 'RFQ 231447 Attachment 1 - Performance Work Statement.1688745921273.pdf', 'RFQ 231447 Attachment 2 - Terms and Conditions.1688745950392.pdf', 'RFQ 231447 Attachment 3 - Ktr COI Submission Template.1688745952457.docx', 'RFQ 231447 Attachment 4 - NDA for Ktr Employees.1688745954970.pdf', 'RFQ 231447 Attachment 5 - Quote Instructions.1688745964837.pdf', 'RFQ 231447 Attachment 6 - Evaluation Criteria.1688745964476.pdf', 'RFQ 231447 Attachment 7 - VPAT.1688745972353.docx', 'RFQ 231447 Attachment 8 - Pricing Template REV.1689861368126.xlsx', 'RFQ 231447 Attachment 8 - Pricing Template REVISION.1689861368126.xlsx', 'RFQ 231447 Attachment 8 - Pricing Template.1688745971036.xlsx', 'RFQ 231447 Cover Letter HCD Illustration Services.1688745920607.pdf', 'RFQ 231447 Questions and Answers.1689796252284.pdf', 'OBRHI HCD RFQ 231447 - Mobomo Response Volume I - Technical.docx', 'OBRHI HCD RFQ 231447 Mobomo Response Volume II - Business.xlsx', 'OBRHI HCD RFQ 231447 Mobomo Response Volume III - COI.docx', 'CMS HCD ILLISTRATION PWIN.xlsx', 'OBRHI HCD RFQ 231447 - Mobomo Response - Volume 1 v1.docx', 'OBRHI HCD RFQ 231447 - Mobomo Response - Volume 1.docx', 'OBRHI HCD RFQ 231447 - Mobomo Response - Volume 1_mp.docx', 'OBRHI HCD RFQ 231447 - Mobomo Response - Volume I - Prepped for 508 Compliance Check.docx', 'OBRHI HCD RFQ 231447 - Mobomo Response - Volume I - Prepped for 508 Compliance Check.pdf', 'OBRHI HCD RFQ 231447 - Mobomo Response Volume I - Technical v2.docx', 'OBRHI HCD RFQ 231447 Mobomo Response Volume III - COI for 508 Compliance.pdf', 'OBRHI Vol. 1 Cover.docx', 'OBRHI Vol. 1 Cover.pdf', 'VPAT Draft.doc', 'EBuy Confirmation of Submission.pdf', 'OBRHI HCD RFQ 231447 - Mobomo Response Volume I - Technical.pdf', 'OBRHI HCD RFQ 231447 Mobomo Response Volume II - Business.xlsx', 'OBRHI HCD RFQ 231447 Mobomo Response Volume III - COI.pdf', 'Attachment 1 - SOO_WECMS 2.0.1683656643103 (1).pdf', 'Attachment 2 - Contractor-Offeror COI.1683656721279.pdf', 'Attachment 3 Pricing Template.1683656797732.xlsx', 'Attachment 4 Consent to Subcontract.1683656815936.pdf', 'RFQ-CMS-2023-231033_WECMS 2.0.1683656618032.pdf', 'SOO Attachment A - WETG Agile Handbook.1683656660286.pdf', 'SOO Attachment B - WETG DevOps Handbook.1683656680506.pdf', 'SOO Attachment C - WETG Data Architecture Handbook.1683656700728.pdf', 'WECMS GovWin IQ - 227016 - WEB EXPERIENCE AND CONTENT MANAGEMENT SERVICES\xa0(WECMS).pdf', 'WECMS Shred.docx', 'Brief Explanation - Mobomo (2).pdf', 'CivicActions WECMS.pdf', 'Market Research Meeting Invitation WECMS 2.0 Mobomo Final.pdf', 'Mobomo-CMS-Feb-3.pdf', 'WECMS GovWin IQ - 227016 - WEB EXPERIENCE AND CONTENT MANAGEMENT SERVICES\xa0(WECMS).pdf', 'ATTACHMENT+1+SASS-+DHS+_CBP+Terms+Conditions+Final.docx', 'ATTACHMENT+2+SASS-+SOW+Final.docx', 'ATTACHMENT+3+SASS-+Pricing+Template+Final.xlsx', 'F2021055322.PDF', 'GovWin IQ - 225041 - SOFTWARE APPLICATIONS SUPPORT SERVICES\xa0(SASS).pdf', 'RFQ-+SASS_BPA+Final.docx', 'DHS CPB SASS Internal Proposal Checklist.xlsx', 'Proposal Process Checklist.xlsx', '2.2.1- 70B06C23R00000121 A0001_ (SF30)_ss28Aug2023.pdf', '2.2.1- FINAL RFP_70B06C23R00000121_18Aug2023.pdf', '2.2.1- RFP 70B06C23R00000121 A0001_QAs - _28Aug2023.xlsx', '2.2.1- RFP 70B06C23R00000121 A0001_TERMS AND CONDITIONS.docx', '2.2.1- RFP ATTACHMENT 1- SOO_70B06C23R00000121 A0001_28Aug2023.docx', '2.2.1- RFP ATTACHMENT 2_70B06C23R00000121 A0001 PRICING WORKSHEET SCHEDULE.xlsx', '2.2.1- RFP ATTACHMENT 3_70B06C23R00000121_PRIOR EXPERIENCE QUESTIONNAIRE.docx', '2.2.1- RFP ATTACHMENT 4_70B06C23R00000121_PAST PERFORMANCE QUESTIONNAIRE.docx', '2.2.1- RFP ATTACHMENT 5_70B06C23R00000121_PWS Example.docx', '2.2.1-_RFP_ATTACHMENT_1-_SOO_70B06C23R00000121_A0001_28Aug2023.docx.docx', 'Deleted Attachments.txt', '2.1.1-+DRAFT+70B06C23R00000121+1449+and+T&Cs+-WCD+Mobile+App_25July2023.pdf', '2.1.1-+DRAFT+70B06C23R00000121+1449+and+T&Cs+-WCD+Mobile+App_27July2023.pdf', 'ATTACHMENT_+DRAFT+70B06C23R00000121+Wellness+App+PAST+PERFORMANCE+QUESTIONNAIRE_.docx', 'ATTACHMENT_DRAFT+70B06C23R00000121+PRICING+WORKSHEET+SCHEDULE.xlsx', 'ATTACHMENT_DRAFT+70B06C23R00000121_Prior+Experience+Questionnaire+(CEQ)+JS_ss24July2023.docx', 'ATTACHMENT_DRAFT+70B06C23R00000121_Prior+Experience+Questionnaire+(PEQ) (1).docx', 'ATTACHMENT_DRAFT+70B06C23R00000121_SOO_WCD+Mobile+App_CBP+Wellness+Program_20140073.docx', 'CBP GovWin IQ - 231272 - WORKFORCE CARE TECHNOLOGY MOBILE APPLICATION\xa0(WFC).pdf', 'CBP SAM.gov.pdf', 'CBP Wellness Mobile App ContractData-20230705-034028.pdf', 'CBP Wellness mobile app Forecast Record _ Acquisition Planning Forecast System.pdf', 'CBP Wellness Mobile App GovWin IQ - 231272 - WORKFORCE CARE TECHNOLOGY MOBILE APPLICATION\xa0(WFC).pdf', 'ContractData-20230726-101948.pdf', 'GovWin IQ - 231272 - CBP WORKFORCE CARE WELLNESS MOBILE DEVICE APPLICATION.pdf', 'RFICBP23WCD00000003_Workforce+Care+App+RFl+28+Apr.docx', 'CBP Wellness App Shred mp.docx', 'henry-ford-health-system-zero-suicide-guidelines-2019.pdf', 'Mission Daybreak Challenge - Sentinel Solution and Appendix - Mobomo.Clearspeed.WarriorBonfire.pdf', 'Mobomo Mission Daybreak Writing Shell Outline.docx', 'VA Suicide prevention Firearm Safety.docx', 'VA Suicide Prevention.pdf', 'VA Suicide prevention.pptx', '1.4_ACTS_RFP_Attach_4_Acq_Risk_Questionnaire (2).pdf', 'ATT+U+-+Labor+Category+Position+Descriptions.pdf', 'KMP Addendum 582023.docx', 'NAICS PSC SIC Codes ACTS 032323.docx', '1.4_ACTS_RFP_Attach_4_Acq_Risk_Questionnaire Final TMD.pdf', 'Mobomo - dd0441.pdf', 'NDA_CISA_ACTS_10122022 (1).pdf', 'Non Disclosure Agreement J Schulte.pdf', 'Peraton ACTS Rates justification crosswalk.xlsx', 'Peraton ACTS SubK Rate Request_Mobomo.xlsx', 'Forecast Record _ Acquisition Planning Forecast System.pdf', 'GovWin IQ - 222342 - CISA DIGITAL TRANSFORMATION SUPPORT\xa0(CDTSS).pdf', 'PCCA-23-00012 CDTSS Sources Sought 28 Nov 22.1669724534500.pdf', 'PCCA-23-00012 CDTSS Sources Sought 30 Nov 22.1669819131874 (1).pdf', 'PCCA-23-00012 Draft Statement of Work_28 Nov 22.1669724472621 (1) conv.docx', 'PCCA-23-00012 Draft Statement of Work_28 Nov 22.1669724472621.pdf', 'Capabilities Matrix CISA DTSS.xlsx', '70RTAC24Q00000011_A0001_SF30.1709671434621.pdf', 'Attachment 1 - Statement of Work_revised 03.05.2024_CLEAN.1709671469742.pdf', 'Attachment 1 - Statement of Work_revised 03.05.2024_Track Changes.1709671469747.docx', 'Attachment 2 - Inst. to Quoters_Eval Criteria_revised 03.05.2024_CLEAN.1709671502696.pdf', 'Attachment 2 - Inst. to Quoters_Eval Criteria_revised 03.05.2024_Track Changes.1709671498030.docx', 'Attachment 4 - Pricing Worksheet_revised 03.05.2024.1709671550207.xlsx', 'Attachment 5 - RFQ Questions  Responses_03.05.2024.1709671549700.xlsx', 'Attachment 6 - Pre-Quotation Conference Instructions and Invitation.1709671550168.docx', 'HSIN Amendment 1.pdf', 'Attachment 1 - Statement of Work_revised 03.07.2024_CLEAN.1709840214232.pdf', 'Attachment 1 - Statement of Work_revised 03.07.2024_Track Changes.1709840213895.docx', 'Attachment 2 - Inst. to Quoters_Eval Criteria_revised 03.07.2024_CLEAN.1709840251827.pdf', 'Attachment 2 - Inst. to Quoters_Eval Criteria_revised 03.07.2024_Track Changes.1709840251259.docx', 'Attachment 5 - RFQ Questions  Responses_03.07.2024.1709840281013.xlsx', 'Attachment 5 - RFQ Questions  Responses_03.13.2024.1710335881508.xlsx', 'Attachment 6 - Pre-Quotation Conference Instructions and Invitation_revised 03.07.2024.1709840299351.docx', 'Attachment 7 - Pre-Quotation Conference Slides - HSIN Modernization_03.11.24.1710335906670.pdf', '70RTAC24Q00000011_SF1449.1708446019729.pdf', 'Attachment 1 - Statement of Work_2.20.2024.1708446019858.docx', 'Attachment 2 - Inst. to Quoters_Eval Criteria_2.20.2024.1708446019469.docx', 'Attachment 3 - Past Performance Rating Form_2.20.2024.1708446019524.pdf', 'Attachment 4 - Pricing Worksheet_2.20.2024.1708446019505.xlsx', 'HSIN Forecast Record _ Acquisition Planning Forecast System (1).pdf', 'HSIN GSA eBuy!.pdf', 'Mobomo Questions for DHS HSIN.xlsx', 'RFQ # 70RTAC24Q00000011 – Questions from Mobomo.xlsx', '.DS_Store', 'DHS HSIN RFI 4222022.docx', 'DHS HSIN RFI 4232022 248PM.docx', 'DHS HSIN RFI 4242022 230PM TMD.docx', 'DHS HSIN RFI FINAL 4252022.pdf', 'DHS HSIN RFI FINAL with Ed update 4252022.docx', 'DHS HSIN RFI FINALK 4252022.docx', 'HSIN SAM.gov.pdf', 'Draft_SOO_HSIN_Project_Phoenix_(8Apr22).pdf.pdf', 'GovWin IQ - 217871 - DHS HSIN PHOENIX PLATFORM REPLACEMENT PROJECT.pdf', 'HSIN Forecast Record _ Acquisition Planning Forecast System.pdf', 'HSIN SAM.gov.pdf', 'RFI_HSIN_Phoenix_(8Apr22).pdf.pdf', '7. ITA CPARS Final 1-2024 (1).pdf', 'Attachment 3 - Past Performance Rating Form_2.20.2024.1708446019524 ITA.pdf', 'Attachment 3 - Past Performance Rating Form_2.20.2024.1708446019524 NOAA.pdf', 'Attachment 3 - Past Performance Rating Form_2.20.2024.1708446019524_ICE NDTC (1) (002).pdf', 'CPARS-NOAA-7_13_21 (2).pdf', 'Dev_ICE NDTC _HSIN PP Reference.docx', 'HSIN Technology Modernization Platform - Mobomo - Volume V - Pricing Worksheet.xlsx', 'HSIN Technology Modernization — Platform - Mobomo - Volume I.docx', 'HSIN Technology Modernization — Platform - Mobomo - Volume II.docx', 'HSIN Technology Modernization — Platform - Mobomo - Volume III.docx', 'HSIN Technology Modernization — Platform - Mobomo - Volume IV.docx', 'HSIN Technology Modernization — Platform - Mobomo - Volume V.docx', '70RTAC24Q00000011_SF1449.1708446019729 SIGNED.pdf', 'Dev_ICE NDTC _HSIN PP Reference.docx', 'DHS HSIN PWIN.xlsx', 'HSIN Gate 2 0212024.pptx', 'Mobomo - Tetra Tech - Past Performance Rating Form.pdf', 'Mobomo Data Call for Dev - Completed.docx', 'Mobomo Data Call for Dev.docx', 'Proposal Cover Template.docx', 'Dev HSIN Technology Modernization - Platform Mobomo NDA 11272023 FE.pdf', 'Dev_Mobomo_Teaming_Agreement_HSIN_rev1_signed.pdf', 'DHS HSIN Playbook.docx', 'DHS Project HSIN Kickoff.pptx', 'FEMA 508 Forecast Record _ Acquisition Planning Forecast System.pdf', 'FEMA 508 Opp 232606_ DIGITAL ACCESSIBILITY 508 PROGRAM SUPPORT SERVICES _ GovWin IQ.pdf', 'PWIN FEMA Digital Accessibility (508) Program Support Services.xlsx', '140D0418F0081 Award (2).pdf', 'Attachment A - SOW 140D0418Q0068.docx', 'Attachment A - SOW 140D0418Q0068.pdf', 'Attachment B - Pricing Spreadsheet.xlsx', 'Attachment V4 A1.pdf', 'Questions.pdf', 'RFQ 140D0418Q0068 Technical Proposal - FINAL (2).docx', 'RFQ 140D0418Q0068.pdf', 'RFQ A1.pdf', 'Comparison of 2017 SOW and 2023 SOW.docx', 'Infrastructure  - SOW 2023_v3.docx', 'ITA SOW Comparisons 9.1.23. azure v aws.docx', 'Agenda for ITA Re-compete discussion 1132023.docx', 'Attachment A - SOW 140D0418Q0068 conv.docx', 'Attachment A - SOW 140D0418Q0068.pdf', 'ITA Recapture Dossier 20SEP22.docx', 'ITA_Compliance Matrix.xlsx', 'Notes from Internal ITA Meeting 1.13.23.docx', 'Notes from Internal ITA Meeting with Keith Kelly 1.13.23.docx', 'RFQ 140D0418Q0068 Technical Proposal - FINAL (1).docx', 'Attachment B - Pricing Spreadsheet - Draft MC v1.xlsx', 'Attachment B - Pricing Spreadsheet - Draft MC v2.xlsx', 'Attachment B - Pricing Spreadsheet - Draft MC.xlsx', 'International Trade Administration Resume Volume.docx', 'International Trade Administration Resume Volume.pdf', 'USDOC - ITA - Cost Proposal - Mobomo 2023 - DRAFT MC.docx', 'USDOC - ITA - Technical Proposal - Mobomo 2023 Original.docx', 'USDOC - ITA - Technical Proposal - Mobomo 2023 TMD edits reduced.docx', 'ITA Re-compete 6282023 PWIN.xlsx', 'DOC - ITA - IT Infrastructure Svcs - Mobomo Response - Cost Volume.docx', 'DOC - ITA - IT Infrastructure Svcs - Mobomo Response - Resume Volume.docx', 'DOC - ITA - IT Infrastructure Svcs - Mobomo Response - Technical Volume.docx', 'DOC - ITA - IT Infrastructure Svcs - DV United Response - Cost Volume.docx', 'DOC - ITA - IT Infrastructure Svcs - DV United Response - Resume Volume.docx', 'DOC - ITA - IT Infrastructure Svcs - DV United Response - Technical Volume.docx', 'ITA Questions.docx', 'GSA eBuy! (1).pdf', 'GSA eBuy! - RFQ1671890 - Answers - no bid reason on answer to no. 6 - simp. acqu. threshold.pdf', 'PWS  145045240001.1703711972896.docx', 'NOAA - Oceanic Exploration RFQ Draft v1.docx', 'NOAA Ocean Explorer Migration to WordPress Estimation .xlsx', 'Proposal Cover Template.docx', 'Amendment 0001.pdf', 'Amendment 0002.pdf', 'Attachment A - Statement of Work.WebMod.pdf (2).docx', 'Attachment B - Appendix.WebMod.Part 1.pdf', 'Attachment B - Appendix.WebMod.Part 2.pdf', 'Attachment B - Appendix.WebMod.Part 3.pdf', 'Attachment C - Vendor Pricing.Web Mod, Revised..xlsx', 'EA-133F-16-RQ-0522 Business Volume.docx', 'EA-133F-16-RQ-0522 Key Personnel - Mobomo.docx', 'EA-133F-16-RQ-0522 Past Performance - Mobomo.docx', 'EA-133F-16-RQ-0522 Revised Hosting Proposal.docx', 'EA-133F-16-RQ-0522 Technical Approach - Mobomo copy.docx', '1305M220QNFFK0252.1595542476401.docx', 'Amendment 0001.1595590680718.pdf', 'NOAA Comparison.docx', 'Sources Sought.1585078525022.docx', 'Mobomo - NOAA Web Modernization Pricing Template.1595542478098.xlsx', 'Mobomo - NOAA Web Modernization Proposal - 1305M220QNFFK0252.1595542476401 (2).docx', 'Mobomo - NOAA Web Modernization Pricing Template.1595542478098.xlsx', 'Mobomo - NOAA Web Modernization Proposal - 1305M220QNFFK0252.1595542476401 (2).docx', '89603024Q0010 Draft for Mobomo.pdf', 'Attachment 1 - SOW.pdf', 'Attachment 2 - FERC NDA Contractor NDA-Mar 2022.docx', 'Attachment 3 - FERC NDA Contractors Employee Mar 2022.docx', '89603024Q0010 Final - changes highlighted.pdf', 'Attachment 1 - SOW - dated 12142023.docx', 'Attachment 2 - FERC NDA Contractor NDA-Mar 2022 (3).docx', 'Attachment 3 - FERC NDA Contractors Employee Mar 2022 (2).docx', 'Comparison of Original and Final Solicitation Doc.docx', 'FERC_Compliance_Matrix.docx', 'FERC_Outlne.docx', 'FERC_Schedule -v2.docx', 'Mobomo_Response_FERC_WebModernization_RFP (1).docx', 'New RFQ_89603019Q0015_ih113018.docx', 'Questions_and_Responses_-_2018-8-21 (1).xlsx', 'Sources Sought - 12.3.18.pdf', 'FERC Modernization Contract Extension 2023-2028 - Mobomo Response - Volume I - Technical Quotation.docx', 'FERC Modernization Contract Extension 2023-2028 - Mobomo Response - Volume II - Pricing Quotation ADDENDUM 1.docx', 'FERC Modernization Contract Extension 2023-2028 - Mobomo Response - Volume II - Pricing Quotation ADDENDUM 1.pdf', 'FERC Modernization Contract Extension 2023-2028 - Mobomo Response - Volume II - Pricing Quotation.docx', 'FERC Pricing Worksheet.xlsx', 'FERC Modernization Contract Extension 2023-2028 - Mobomo Response - Volume I - Technical Quotation - PINK.docx', 'Attachment 1 - SOW - Mobomo Redlines.docx', 'Attachment 2 - FERC NDA Contractor NDA-Mar 2022 Brian Lacey.docx', 'Attachment 3 - FERC NDA Contractors Employee Mar 2022 - John Goldring.docx', 'Attachment 3 - FERC NDA Contractors Employee Mar 2022 - Kevin Huff.docx', 'Attachment 3 - FERC NDA Contractors Employee Mar 2022 - Matt Wheelock.docx', 'FERC 2023 PP.url', 'Kickoff Meeting Presentation.pptx', 'Mobomo Questions for FERC 2023-2028 Contract Extension.xlsx', 'Proposal Cover Page FERC tech final 1.11.24.docx', 'Proposal Cover Page FERC.docx', 'FERC Modernization Contract Extension 2023-2028 - Mobomo Response - Volume I - Technical Quotation.docx', 'FERC Modernization Contract Extension 2023-2028 - Mobomo Response - Volume I - Technical Quotation.pdf', 'FERC Modernization Contract Extension 2023-2028 - Mobomo Response - Volume II - Pricing Quotation.docx', 'FERC Modernization Contract Extension 2023-2028 - Mobomo Response - Volume II - Pricing Quotation.pdf', 'Email Confirming Receipt of Addendum to Pricing.pdf', 'Final Response Submission Confirmation of Receipt from FERC Email.pdf', 'Final Response Submission Email.pdf', 'FERC Modernization Contract Extension 2023-2028 - Mobomo Response - Volume II - Pricing Quotation ADDENDUM 1.docx', 'FERC Modernization Contract Extension 2023-2028 - Mobomo Response - Volume II - Pricing Quotation ADDENDUM 1.pdf', 'FERC Modernization Contract Extension 2024-2029 - Mobomo Response - Volume I - Technical Quotation.docx', 'FERC Modernization Contract Extension 2024-2029 - Mobomo Response - Volume I - Technical Quotation.pdf', 'FERC Modernization Contract Extension 2024-2029 - Mobomo Response - Volume II - Pricing Quotation.docx', 'FERC Modernization Contract Extension 2024-2029 - Mobomo Response - Volume II - Pricing Quotation.pdf', 'GS-35F-143BA 89603024F0012 Draft.pdf', 'Attachment 1 - SOW - dated 12142023 (3).docx', 'Attachment 2 - FERC Modernization Contract Extension 2024-2029 - Mobomo Response - Vol I - Technical.pdf', 'Attachment 3 - FERC Modernization Contract Extension 2024-2029 - Mobomo Response - Volume II - Pricing.pdf', 'Attachment 4 - FERC Modernization Contract Extension 2024-2029 - Mobomo Response - Vol II - Pricing (Addendum).pdf', 'GS-35F-143BA_89603024F0012_signed.pdf', '22R0056 SF1449.pdf', 'Attachment 1 SOW.docx', 'Attachment 2 Past Performance Questionaire.pdf', 'Attachment 3 Submission Instructions and Evaluation Factors.docx', 'Attachment 4 Questions and Answers received 8-18-22.docx', '2022-057 DV United - Business Volume.docx', '2022-057 ED.gov_Technical (Final).docx', '2022-057 ED.gov_Business Volume_BAFO.docx', '2022-057 ED.gov_Technical_BAFO.docx', 'BAFO Summary of Changes .docx', '2022-057 ED.gov Modernization RED Team Review 081422 (1).docx', 'DVU ed.gov Proposal Revision.docx', 'Excerpts from Tech Volume - Task Areas for TeamSite and Wordpress.docx', 'Mobomo+-+Project+Management+Plan+Template.doc.mht', '2022 ed.gov DVU Proposal Response.docx', 'cover.ai', 'Shell Document with PAGE COUNTS for reference.docx', '01 DV UNITED PROPOSAL SHELL TEMPLATE.docx', '2022-057 DoED Drupal Web Mod - Data Call 1 Corporate_JV Information.docx', '2022-057 DoED Drupal Web Mod - Data Call 2 Past Performance - NOAA.docx', '2022-057 DoED Drupal Web Mod - Data Call 4 Mgmt Approach and Plan.docx', '2022-057 ED.gov - Data Call 3 Drupal Approaches_Best Prac_Exper .docx', '2022-057 ED.gov - Data Call 5 Past Performance Other Information.docx', '2022-057 ED.gov - Mobomo Data Call 6 - 080922.docx', 'Excerpts from Tech Volume.docx', '2022-057 Past Perf Template DVU - NASA.docx', '2022-057 Past Perf Template DVU - NOAA Fisheries.docx', '2022-057 Past Perf Template DVU.docx', '2022-057 ED.gov Business Analyst.docx', '2022-057 ED.gov Project Manager.docx', '2022-057 ED.gov Resume Content Strategist.docx', '2022-057 ED.gov Resume Data Analyst.docx', '2022-057 ED.gov Resume Front End Developer.docx', '2022-057 ED.gov Resume Mid Level Drupal Developer.docx', '2022-057 ED.gov Resume Sr. Drupal Developer.docx', '2022-057 ED.gov Resume Template.docx', '2022-057 ED.gov Resume Visual Designer.docx', 'Graphics for Editing.docx', '._Acquia D8 - Certified Developer Mustgrave.pdf', '._Certs Earned - Gretchen.xlsx', '._J. Andriani ED. Letter of Commitment 2022 - Mobomo.pdf', '._K. Huff ED. Letter of Commitment 2022 - Mobomo.pdf', '._Kevin Huff-ScrumAlliance_CSM_Certificate.pdf', '._L Lloyd ED. Letter of Commitment 2022 - Mobomo PDF.pdf', '._LLloyd-ScrumAlliance_CSM_Certificate_5.6.21.pdf', '._M. Wheelock ED. Letter of Commitment 2022 - Mobomo.pdf', '._R Knight SAFe.pdf', '._R. Knight ED. Letter of Commitment 2022 - Mobomo.pdf', '._RKnight-ScrumAlliance_CSM_Certificate_12.21.22.pdf', '._S Mustgrave FE Spec Drupal 9.pdf', '._S Mustgrave- CSM Certificates.pdf', '._S. Mustgrave Acquia D9 - Certified Developer.pdf', '._S. Mustgrave Acquia D9 - Certified Siteuilder  Developer.pdf', '._S. Mustgrave ED. Letter of Commitment 2022 - Mobomo PDF.pdf', '._SMustgrave_Acquia D9 Site Builder_7.12.2021.pdf', 'Acquia D8 - Certified Developer Mustgrave.pdf', 'B. Dilts ED. Letter of Commitment 2022 - Mobomo PDF.pdf', 'Certs Earned - Gretchen.xlsx', 'J. Andriani ED. Letter of Commitment 2022 - Mobomo.pdf', 'K. Huff ED. Letter of Commitment 2022 - Mobomo.pdf', 'Kevin Huff-ScrumAlliance_CSM_Certificate.pdf', 'L Lloyd ED. Letter of Commitment 2022 - Mobomo PDF.pdf', 'LLloyd-ScrumAlliance_CSM_Certificate_5.6.21.pdf', 'M. Wheelock ED. Letter of Commitment 2022 - Mobomo.pdf', 'R Knight SAFe.pdf', 'R. Knight ED. Letter of Commitment 2022 - Mobomo.pdf', 'RKnight-ScrumAlliance_CSM_Certificate_12.21.22.pdf', 'S Mustgrave FE Spec Drupal 9.pdf', 'S Mustgrave- CSM Certificates.pdf', 'S. Mustgrave Acquia D9 - Certified Developer.pdf', 'S. Mustgrave Acquia D9 - Certified Siteuilder  Developer.pdf', 'S. Mustgrave ED. Letter of Commitment 2022 - Mobomo PDF.pdf', 'SMustgrave_Acquia D9 Site Builder_7.12.2021.pdf', 'Mobomo - NOAA Web Modernization - Project Management Plan (New) (1).docx', 'Attachment 2 Past Performance Questionaire - NASA.docx', '2022-057 ED.gov_Business Volume_BAFO .docx', '2022-057 ED.gov_Business Volume_BAFO.pdf', '2022-057 ED.gov_Technical_BAFO .docx', '2022-057 ED.gov_Technical_BAFO.pdf', 'Confirmation of Submission for RFP C-90770-DV.eml', '2022-057 ED.gov_Business Volume_BAFO - Update to Archiving Task - may30 - V2.docx', '2022-057 ED.gov_Business Volume_BAFO - Update to Archiving Task - may30 - V2.pdf', '2022-057 ED.gov_Business Volume_BAFO - Update to Archiving Task.docx', '2022-057 ED.gov_Business Volume_BAFO - Update to Archiving Task.pdf', '2022-057 ED.gov_Technical_BAFO - Updates to Archiving Task - may30 - V2.docx', '2022-057 ED.gov_Technical_BAFO - Updates to Archiving Task - may30 - V2.pdf', '2022-057 ED.gov_Technical_BAFO - Updates to Archiving Task.docx', '2022-057 ED.gov_Technical_BAFO - Updates to Archiving Task.pdf', '2022-security-and-privacy-requirements-for-information-technology-procurements.1681419767145 (1).pdf', 'DoED PIVOT H GovWin IQ - 223258 - PORTFOLIO OF INTEGRATED VALUE ORIENTED TECHNOLOGIES HOSTING PIVOT H\xa0(PIVOT-H).pdf', 'DoED PIVOT H SAM.gov.pdf', 'PIVOT-H_PWS_Recompete_20230412.1681419771704 (1).docx', 'RFI-ED-OCIO-ETS-FY23-0_PIVOT HOSTING 20230412.1681419756184 (1).xlsx', 'Dept. of Education PIVOT H Shred.docx', '91990023Q0007 (2).pdf', 'B08-RFQ 140M0123Q0005 BOEM Drupal Enhancement Copy.pdf', 'Solicitation - MARK UP.pdf', 'DOI BSEE BOEM RFQ Response v.1.docx', 'Questions RFQ.xlsx', 'NPS RFQ 140P2123Q0222.1691693195151.pdf', '140S0223Q0004 Drupal (1) conv.docx', '140S0223Q0004 Drupal - Converted (1).pdf', '140S0223Q0004 Drupal.pdf', 'Fixed 140S0223Q0004 Drupal - Converted conv.docx', 'OCIO-PAM_Memo_DOI IT Baseline Compliance Contract Guidelines_Signed_08152022.pdf', 'Questions for OSMRE RFP - Mobomo.xlsx', 'Kickoff Meeting Template.pptx', 'Shred and Shell- DOI OSMRE Response v1.docx', 'DOI OSMRE Response - Draft 2.docx', 'DOI OSMRE Response - Draft To Cut for Library Distribution.docx', 'Pricing Information.docx', 'Gantt Chart for DOI - OSMRE Proposal.xlsx', 'Proposal Cover OSMRE.pdf', 'Proposal Cover.docx', 'Proposal Cover.pdf', 'SF1449 needs signature.pdf', 'A02 SOW-Drupal Website Developer.1669151358192 (1).pdf', 'Instructions for Submission.docx', 'P00001 Amendment Questions.1669909090713.pdf', 'DOJ DEA RFQ Response MARKUP.docx', 'DOJ DEA RFQ Response v.1 CLEAN.docx', 'DOJ, DEA, O&M Questions from Solicitation - Mobomo, LLC.xlsx', 'Questions Template for RFP-RFQ.xlsx', 'DEA O&M Pricing.xlsx', 'FINAL RFI SUBMISSION - DOJ DEA O&M RFI Final 1142022.docx', 'DOJ DEA RFQ Response - Mobomo, LLC.docx', 'DOJ DEA RFQ Response - Mobomo, LLC.pdf', 'A28+Solicitation (1).pdf', 'DOJ - DEA - Faces of Fentanyl - Webpage and Kiosk - Mobomo Business Quote - Volume II.docx', 'DOJ - DEA - Faces of Fentanyl - Webpage and Kiosk - Mobomo Technical Quote - Volume I.docx', "Fentanyl SF 1449 - Needs Brian's Signature.pdf", 'Faces of Fentanyl Cover Volume I - Technical Quote conv 1.png', 'Faces of Fentanyl Cover Volume I - Technical Quote.docx', 'Faces of Fentanyl Cover Volume I - Technical Quote.pdf', 'Faces of Fentanyl Cover Volume II - Business Quote conv 1.png', 'Faces of Fentanyl Cover Volume II - Business Quote.docx', 'Faces of Fentanyl Cover Volume II - Business Quote.pdf', 'Faces of Fentanyl Cover.docx', 'Fentanyl SF1449.pdf', 'NOAA_NMFS_Application_Dev_AttainX_-_Mobomo_TA_FE.pdf', '15JPSS22Q00000066 - National FOIA Portal.1657858980771 (annotated).pdf', '15JPSS22Q00000066-A0001 - National FOIA Portal.1658867892612.pdf', '22Q0066 - Appendix 1 - PPQ.1657859116955.docx', '22Q0066 - Attachment 1 - SOO FOIA Wizard.1657859111018.docx', '22Q0066 - Attachment 2 - Pricing Spreadsheet V2.1658867881164.xlsx', '22Q0066 - Attachment 2 - Pricing Spreadsheet.1657859114614.xlsx', '22Q0066 - Attachment 3 - QA Responses.1658867872819.pdf', 'GSA eBuy!.url', '22Q0066 Brief Explanation Mobomo.pdf', 'FOIA Wizard Business Volume Rough Draft v1.docx', 'FOIA Wizard Cover Letter Rough Draft v1.docx', 'FOIA Wizard Past Performance Volume Rough Draft v1.docx', 'NOAA FIsheries 2018-2019.pdf', 'PRAC PPQ.pdf', 'Price Volume - 22Q0066 - Attachment 2 - Pricing Spreadsheet V2.1658867881164 Rough Draft v2.xlsx', 'USAGov 2020-2021.pdf', 'Mobomo-FOIA-demo-meeting-6-10-22.pdf', 'ONR QASP for Reference.pdf', 'PRAC PPQ (1).docx', 'QA.docx', 'QC.docx', 'Quality.docx', 'Sources Sought Notice Number PSSJMD220325 - Mobomo LLC.docx', 'USGS Proposal.docx', 'WBS.docx', 'Mobomo LLC_FOIA Wizard Volume III - Price - 22Q0066 - Attachment 2 - Pricing Spreadsheet V2.1658867881164.xlsx', 'Mobomo_LLC Questions for 15JPSS22Q00000066.xlsx', 'Mobomo_LLC_15JPSS22Q00000066 1449 - signed.pdf', 'Mobomo_LLC_15JPSS22Q00000066-A0001 1449 - signed.pdf', 'Mobomo_LLC_FOIA Wizard - CPARS.pdf', 'Mobomo_LLC_FOIA Wizard Proposal Cover Letter - signed.pdf', 'Mobomo_LLC_FOIA Wizard_Volume I - Business.pdf', 'Mobomo_LLC_FOIA Wizard_Volume II - Past Performance.pdf', 'FOIA Wizard Internal Proposal Checklist.xlsx', 'PASC CAAPs Task Order FINAL REVISED 10 12 22.docx', 'Questions for Clarification - Draft PASC Call Order - Responses 10 12 22.docx', 'Mobomo Administrative Volume I.pdf', 'Mobomo Management Approach Volume III Copy.pdf', 'Mobomo Pricing Volume IV - FINAL.pdf', 'Mobomo Technical Volume II Copy.pdf', 'DOS ECA - PASC Digital Support Services Task Order Technical and Pricing Response with Addendum - Mobomo, LLC.docx', 'DOS ECA - PASC Digital Support Services - Technical and Pricing Task Order Response - Mobomo, LLC.pdf', 'DOS ECA - PASC Digital Support Services - Technical and Pricing.docx', 'DOS ECA - PASC Digital Support Services - Technical and Pricing.pdf', 'DOS ECA - PASC Digital Support Services - Technical Approach v2.docx', 'DOS ECA - PASC Digital Support Services - Technical Approach.docx', 'DOS_ECA CAAPs_TO1 PASC_IB Pricing_102122 - Mobomo addition.xlsx', 'Response to PASC Proposal.docx', 'DOS ECA - PASC Digital Support Services Task Order Technical and Pricing Response - Mobomo LLC.pdf', 'DOS ECA - PASC Digital Support Services Task Order Technical and Pricing Response - Mobomo, LLC.docx', 'DOS ECA - PASC Digital Support Services Task Order Technical and Pricing Response - Mobomo LLC - Revision 11.8.22.docx', 'DOS ECA - PASC Digital Support Services Task Order Technical and Pricing Response - Mobomo LLC - Revision 11.8.22.pdf', '19AQMM24R0058.pdf', 'Anticipated LOE (1).xlsx', 'MRPT Procedures.pdf', 'Performance Work Statement (PWS) 2024- converted to Word.docx', 'Performance Work Statement (PWS).pdf', 'United States Department of State - 2022 vs 2024 PWS Comparison.docx', 'DOS ECA - PASC Digital Support Services Task Order - Mobomo LLC - Pricing Volume.docx', 'DOS ECA - PASC Digital Support Services Task Order - Mobomo LLC - Technical Volume.docx', 'DOS ECA - PASC Digital Support Services Task Order Technical and Pricing Response - Mobomo LLC - Revision 11.8.22.docx', 'DOS ECA - PASC Digital Support Services Task Order - Mobomo LLC - Pricing Volume White Glove.docx', 'DOS ECA CAAPS - Task Order 3 - PASC Digital Support Services - Mobomo LLC - Technical Volume - White Glove.docx', 'DOS ECA CAAPS - Task Order 3 - PASC Digital Support Services - Mobomo LLC - Pricing Volume.docx', 'DOS ECA CAAPS - Task Order 3 - PASC Digital Support Services - Mobomo LLC - Pricing Volume.pdf', 'DOS ECA CAAPS - Task Order 3 - PASC Digital Support Services - Mobomo LLC - Technical Volume .docx', 'DOS ECA CAAPS - Task Order 3 - PASC Digital Support Services - Mobomo LLC - Technical Volume .pdf', '19AQMM23R0290 TM-002 Youth Program Outreach Initiative.pdf', 'Anticipated LOE.xlsx', 'Statement of Objectives (SOO) - Youth Programs Outreach Initiative (1).docx', 'DOS ECA - Youth Programs Outreach Initiative - Pricing Volume v1.docx', 'DOS ECA - Youth Programs Outreach Initiative - Technical Volume v1.docx', 'DOS ECA - Youth Programs Outreach Initiative - Team Mobomo - Volume I - Technical.docx', 'DOS ECA - Youth Programs Outreach Initiative - Team Mobomo - Volume I - Technical.pdf', 'DOS ECA - Youth Programs Outreach Initiative - Team Mobomo - Volume II - Pricing.docx', 'DOS ECA - Youth Programs Outreach Initiative - Team Mobomo - Volume II - Pricing.pdf', '19AQMM23R0042+Evolve+RFP.pdf', 'J-10_Meaningful Relationships.docx', 'J-11_TIP Compliance Plan Checklist.pdf', 'J-13_SB Participation Commitment.xlsx', 'J-14_IT Management REP Form_rev1.docx', 'J-15_IT Management PPQ.docx', 'J-16_Network Telecom REP Form_rev1.docx', 'J-17_Network Telecom PPQ.docx', 'J-18_Cloud Data Center REP Form_rev1.docx', 'J-19_Cloud Data Center PPQ.docx', 'J-20_App Development REP Form_rev1.docx', 'J-21_App Development PPQ.docx', 'J-22_Customer End User PPQ.docx', 'J-23_DDForm254_BIDDERS.pdf', 'J-24_Draft Evolve Ordering Guide (1).docx', 'J-26_Customer End User REP Form_rev1.docx', 'J-27_SCRM Worksheet (1).docx', 'J-28_Small Business SubK Plan.docx', 'J-29_List of Submissions.xlsx', 'J-2_Labor Category Descriptions.docx', 'J-30_Evolve Self-Scoring Sheet SAMPLE_rev1 (3).xlsx', 'J-30_Evolve Self-Scoring Sheet SAMPLE_rev2.xlsx', 'J-31_Certificate for Conflict of Interest.docx', 'J-32_IT PfM Sample Task Order 2022 10 13.docx', 'J-33_Cloud Services Sample Task Order 2022 10 13.docx', 'J-34_ App Dev Sample Task Order 2022 10 13.docx', 'J-35_Network Services Sample Task Order 2022 10 13.docx', 'J-36_Customer Support and Mobile 2022 10 14.docx', 'J-3_Labor Category Skill Level Definitions.xlsx', 'J-4_DEIA Strategic Plan.pdf', 'J-5_Performance Thresholds .docx', 'J-6_Standard Quality Assurance Surveillance Plan.docx', 'J-7_Associate Contractor Agreement Sample.docx', 'J-8_Contractor Company NDA.docx', 'J-9A_Pricing Tables-FC1-IT Mgmt-Options.xlsx', 'J-9B_Pricing Tables-FC2-Cloud Data Center-Options.xlsx', 'J-9C_Pricing Tables-FC3-App Dev-Options.xlsx', 'J-9D_Pricing Tables-FC4-Network Telecom-Options.xlsx', 'J-9E_Pricing Tables-FC5-Customer End User-Options.xlsx', 'Evolve+RFP+19AQMM23R0042.pdf', 'J-10_Meaningful Relationships.docx', 'J-11_TIP Compliance Plan Checklist.pdf', 'J-13_SB Participation Commitment.xlsx', 'J-14_IT Management REP Form_rev1.docx', 'J-15_IT Management PPQ.docx', 'J-16_Network Telecom REP Form_rev1.docx', 'J-17_Network Telecom PPQ.docx', 'J-18_Cloud Data Center REP Form_rev1.docx', 'J-19_Cloud Data Center PPQ.docx', 'J-20_App Development REP Form_rev1.docx', 'J-21_App Development PPQ.docx', 'J-22_Customer End User PPQ.docx', 'J-23_DDForm254_BIDDERS.pdf', 'J-24_Draft Evolve Ordering Guide (1).docx', 'J-26_Customer End User REP Form_rev1.docx', 'J-27_SCRM Worksheet (1).docx', 'J-28_Small Business SubK Plan.docx', 'J-29_List of Submissions.xlsx', 'J-2_Labor Category Descriptions.docx', 'J-30_Evolve Self-Scoring Sheet SAMPLE_rev1 (3).xlsx', 'J-30_Evolve Self-Scoring Sheet SAMPLE_rev2.xlsx', 'J-31_Certificate for Conflict of Interest.docx', 'J-32_IT PfM Sample Task Order 2022 10 13.docx', 'J-33_Cloud Services Sample Task Order 2022 10 13.docx', 'J-34_ App Dev Sample Task Order 2022 10 13.docx', 'J-35_Network Services Sample Task Order 2022 10 13.docx', 'J-36_Customer Support and Mobile 2022 10 14.docx', 'J-3_Labor Category Skill Level Definitions.xlsx', 'J-4_DEIA Strategic Plan.pdf', 'J-5_Performance Thresholds .docx', 'J-6_Standard Quality Assurance Surveillance Plan.docx', 'J-7_Associate Contractor Agreement Sample.docx', 'J-8_Contractor Company NDA.docx', 'J-9A_Pricing Tables-FC1-IT Mgmt-Options.xlsx', 'J-9B_Pricing Tables-FC2-Cloud Data Center-Options.xlsx', 'J-9C_Pricing Tables-FC3-App Dev-Options.xlsx', 'J-9D_Pricing Tables-FC4-Network Telecom-Options.xlsx', 'J-9E_Pricing Tables-FC5-Customer End User-Options.xlsx', 'Solicitation.ZIP', '07.08.22 Evolve DRAFT RFP.pdf', '7.26 Evolve Industry Day Presentation.pdf', '7.26 Listening Session Registrants.xlsx', '8.10 Partnering and SB Participation Session.pdf', 'Evolve DRAFT RFP Questions Form.xlsx', 'Evolve RFI_2 Notice.docx', 'Master Evolve RFI 2 QA.xlsx', 'OneDrive_2022-07-08.zip', 'FAST+Modernization+Mkt+Announcement+3.1.23.pdf', 'Fast+Modernization+Questions.pdf', 'FAST_Modernization_Draft_SOW.pdf', 'Gate Review 0 - FAST WEBSITE PLATFORM MODERNIZATION GovWin ID# 229251.pptx', 'Presentation.pptx', 'DoT FAST Modernization_shred.docx', 'FAST_Modernization_Draft_SOW_word.docx', '693JJ323Q000028_WEB AGILITY 3.0 DRAFT RFQ.1706042238837.docx', 'WEB AGILITY 3.0 DRAFT RFQ.1706042562032.docx', 'A04 - Content Managment System-SOW-RED REVIEWER FILE TO READ.pdf', 'B08 - Instructions to Offerors - GSA.1681405083855.pdf', 'B09 - RFQ 1620683 Q and A .1682711770069.docx', 'Questions Template for RFP-RFQ.xlsx', 'US Fish and Wildlife CMS Drupal design and development 4142023.xlsx', 'Writing style US Fish and Wildlife CMS Drupal project.docx', 'FWS CMS - VOLUME I - Technical Approach RED TEAM REVIEW DOCUMENT.docx', 'Red Team Review Score Card FWS CMS.docx', 'US Fish and Wildlife Services CMS - VOLUME I - Technical Factor 1 and Factor 2.docx', 'USFWS ICRCC Website Rebuild - VOLUME II - Pricing Factor 3.docx', 'CARP-Panels.png', 'FWS CMS - VOLUME I - Technical Approach OLD.docx', 'B08 - Instructions to Offerors - GSA.1681405083855.pdf', 'B09 - RFQ 1620683 Q and A .1682711770069.docx', 'Questions Template for RFP-RFQ.xlsx', 'US Fish and Wildlife CMS Drupal design and development 4142023.xlsx', 'Writing style US Fish and Wildlife CMS Drupal project.docx', 'Doc3.docx', 'Submission Confirmation.docx', 'USFWS ICRCC Website Rebuild - VOLUME I - Technical Factor 1 and Factor 2.docx', 'USFWS ICRCC Website Rebuild - VOLUME I - Technical Factor 1 and Factor 2.pdf', 'USFWS ICRCC Website Rebuild - VOLUME II - Pricing Factor 3.docx', 'USFWS ICRCC Website Rebuild - VOLUME II - Pricing Factor 3.pdf', 'DRAFT+OASIS+Plus+SB+RFP+11-15-2022.pdf', 'DRAFT+OASIS+Plus+UR+RFP+11-15-2022.pdf', 'DRAFT+RFP+Cover+Letter_15+Nov.pdf', 'J-1+Labor+Categories+and+Bureau+of+Labor+Statistics+Standard+Occupational+Classifications.pdf', 'J-2+Transactional+Data+Reporting+and+Contract+Access+Fee.pdf', 'J-3+Cybersecurity+Supply+Chain+Risk+Management+%28C-SCRM%29+Deliverables.xlsx', 'J-4++Department+of+Defense+Required+Provisions+and+Clauses+for+Task+Orders.pdf', 'J.P-1+SB+Representations+and+Certifications+from+Section+K.pdf', 'J.P-1+UR+Representations+and+Certifications+from+Section+K.pdf', 'J.P-10+OASIS%2B+Commercial+Model+Subcontracting+Plan.pdf', 'J.P-11+OASIS%2B+Individual+Model+Subcontracting+Plan.pdf', 'J.P-2+FPDS+Sample_Rev+11.9.2022.pdf', 'J.P-3+Project+Verification+Form.docx', 'J.P-4+OASIS%2B+Domain+Auto-Relevant+NAICS+Codes+and+PSCs.xlsx', 'J.P-5+Functional+Areas+and+Sub-Areas.pdf', 'J.P-6+Past+Performance+Rating+Form.docx', 'J.P-7+GSA527+Contractor+Qualifications+and+Financial+Information.pdf', 'J.P-8+Contractor+Teaming+Arrangements+Work+%26+Qualifications+Template+.pdf', 'J.P-9%2C+OASIS%2B+Domain+Qualifications+Matrix.xlsx', 'Attachment 1 SmartPay Q and A.1691697006654.pdf', 'Attachment 2 Amendment _0001 Invoice Processing Platform.1691697206768.pdf', 'Attachment A_Security and Privacy Requirements for IT Acquisition Efforts CIO-IT Security-09-48.pdf', 'Attachment B_Managing Enterprise Cybersecurity Risk CIO-IT Security-06-30.pdf', 'Attachment C_CIO_21001N_GSA_Information_Technology_Security_Policy.pdf', 'Attachment D - CIO-12-2018 Revision 2 Final_ IT Policy Requirements Guide.pdf', 'Attachment E_Potential Organizational Conflict of Interest_ SmartPay Development Services.docx', 'Attachment F – Performance Work Statement.docx', 'GSA SmartPay Program Questions (1).docx', 'RFQ_ GSA SmartPay Agile Development Services.1690829931002.pdf', 'Appendix G - Smartpay Pricing Sheet.xlsx', 'GSA Smart Pay Outlline.docx', 'GSA SmartPay shred.docx', 'GSA SmartPay Program Questions.docx', 'GSASmartPay PWIN 08092023.xlsx', 'Letter to Customer Requesting Use of Code Repository for Proposal Effort with GSA.docx', 'Letter to MBN Requesting Use of Code Repository for Proposal Effort with GSA.docx', 'Letter to VA Requesting Use of Code Repository for Proposal Effort with GSA.docx', '47HAA023Q0003 - Attachment C - Price Quote Template - SCRC Website Development & Hosting Services.xlsx', '47HAA023Q0003 - Attachment D - Past Performance Reference Form.docx', 'Attachment A - Security_and_Privacy_Requirements_for_IT_Acquisition_Efforts_CIO_IT_Security_09-48_Rev_4_01-25-2018 (1) (1) (3).pdf', 'Attachment B - CIO 12-2018_ IT Policy Requirements Guide_0 (1) (1) (4).pdf', 'RFQ 47HAA023Q0003 - SCRC Website Development & Hosting services_11122.pdf', 'IsI Enterprises NDA r1 FE TMD.pdf', 'Infrastructure  - SOW 2023_v3.docx', 'ATTACHMENT A - Standard Provisions - (REV 09-22[v.1]).pdf', 'ATTACHMENT B - Sample Contract for Development of a New Library Website.pdf', 'ATTACHMENT C - Electronic Signature Policy 0320.pdf', 'ATTACHMENT D - Library Information Sheet.pdf', 'ATTACHMENT E - Summary of Website Deliverables & Design Requirements.pdf', 'E. 1_Declaration of Non-Collusion.pdf', 'E. 2a_Contractor Responsibility Ordinance Questionnaire.pdf', 'E. 2b_Contractor Responsibility Ordinance Pledge of Compliance.pdf', 'E. 3_Certification regarding Compliance with the Americans With Disabilities Act Form.pdf', 'E. 4_Certification of Compliance with Child Suppport Obligations Form.pdf', 'E. 5_City of Los Angeles Contract History.pdf', 'E. 6_City of Los Angeles Residence Information.pdf', 'E. 7_CEC Form 50.pdf', 'E. 8_CEC Form 55.pdf', 'E. 9_Iran Contracting Act of 2010.pdf', 'E.10_EBO - FSHO Sample Affidavit for OnLine Submission.pdf', 'E.11_Disclosure Ordinances Sample Affidavit for Online Submission.pdf', 'E.13a_RFP Local Business Preference Program.pdf', 'E.13b_Local Business Preference Program Certification Information.pdf', 'E.14a_Employee Information_Form LW-6.pdf', 'E.14b_Subcontractor Information_Form LW-18.pdf', 'E.14c_Exemption Application_Form LW-10.pdf', 'E.14d_Small Business Exemption Application_Form LW-26 - ENGLISH.pdf', 'E.14d_Small Business Exemption Application_Form LW-26 - SPANISH.pdf', 'E.14e_501c3 Non-Profit Exemption Application_Form OCC-LW-28.pdf', 'E.14f_Non-Coverage Determination Application_Form OCC-LW-29.pdf', 'E.15_Insurance Requirements and Instructions.pdf', 'RFP No. 44-035 Development of a New Library Website.pdf', 'LA SHRED.docx', 'PWIN LA Public Library Website Development.xlsx', 'RFP_CMS Yearly Ops-Maintenance (annotated).pdf', 'MBN O_M Cost_Price Proposal Rough Draft rev2.docx', 'MBN O_M Cost_Price Proposal Rough Draft v1.docx', 'MBN O_M Technical Proposal Rough Draft v1.docx', '2021 Renewal MBN ACSF Subscription_V1.pdf', 'Acquia PO MBN 9.30.21 $413,033.pdf', 'Kaltura MBN Renewal 2019_Executed- Invoice 2.pdf', 'Kaltura MBN Renewal 2019_Executed- Invoice.pdf', 'MBN O&M 2022 - Acquia Quote.pdf', 'MBN O&M 2022 - Kaltura Quote.pdf', 'MBN O&M Renewal Pricing for OY3.xlsx', 'Mobomo 2021_FINAL_FE_OY2_Contract.pdf', 'ORIGINAL MBN PROPOSAL - mbn content management platform proposal .docx', 'MBN O_M Cost_Price Proposal - signed.pdf', 'MBN O_M Cost_Price Proposal rev1 - signed.pdf', 'MBN O_M Cost_Price Proposal rev2 - signed.pdf', 'MBN O_M Technical Proposal.pdf', 'RFP_CMS Yearly Ops-Maintenance (1).pdf', 'MBN O_M Cost_Price Proposal Rough Draft v1.docx', 'MBN O_M Technical Proposal Rough Draft v1.docx', 'MBN O_M Technical Proposal Rough Draft v2.docx', 'Proposal Review Score Card - All Reviewers.docx', 'Proposal Cover Template - MBN OM 2023 Price pdf.png', 'Proposal Cover Template - MBN OM 2023 Price.docx', 'Proposal Cover Template - MBN OM 2023 Technical.docx', 'MBN - CMS Yearly Subscriptions, Operations and Maintenance RFP FY23-38 - Mobomo Response - Cost Volume.docx', 'MBN - CMS Yearly Subscriptions, Operations and Maintenance RFP FY23-38 - Mobomo Response - Cost Volume.pdf', 'MBN - CMS Yearly Subscriptions, Operations and Maintenance RFP FY23-38 - Mobomo Response - Technical Volume.docx', 'MBN - CMS Yearly Subscriptions, Operations and Maintenance RFP FY23-38 - Mobomo Response - Technical Volume.pdf', 'MBN - CMS Yearly Subscriptions, Operations and Maintenance RFP FY23-38 - Mobomo Response - Cost Volume - Revision 1.docx', 'NOAA Fisheries Inv 10175 - 06.2023.pdf', 'PRAC Inv 10180 - 08.2023.pdf', 'VA Inv 10178 - 08.2023.pdf', 'MBN Content Management Platform Proposal - Final.docx', 'MOBOMO BBG50-RFQ-18-060218_VOA Voltron - FINAL.docx', 'RFP Intranet Service & Design with markup.pdf', 'RFP Intranet Service & Design.pdf', 'RFP_Sawa Mobile App (annotated).pdf', 'MBN Mobile App Cost_Price Proposal Rough Draft v1.docx', 'MBN Mobile App Cost_Price Proposal Rough Draft v2.docx', 'MBN Mobile App Cost_Price Proposal Rough Draft v3.docx', 'MBN Mobile App Technical Proposal Rough Draft v1.docx', 'MBN Mobile App Technical Proposal Rough Draft v2.docx', 'MBN Mobile App Technical Proposal Rough Draft v3.docx', 'Copy of file from Versioning Error - GR 8.14.22.docx', 'MBN Mobile App Technical Proposal Rough Draft v1 back up.docx', 'CUSTOMER - MBN Radio Sawa Mobile App_ Effort by Feature, LCAT, Phase_MBN Notes 9.8.22.xlsx', 'Dropbox - MBN - Simplify your life.url', 'Gantt_Chart.ai', 'Gantt_Chart.png', 'Gantt_Chart.xd', 'Past Performance Detail for Maximus.docx', 'Radio Sawa - Effort by LCAT, Feature, Phase.xlsx', 'Radio Sawa - Mobile App Estimate - Google Sheets.url', 'RFP FY21-05 - Mobomo Technical Proposal for Enhancing CMS Functionalities - MBN.docx', 'Mobomo_LLC_MBN Radio Sawa Mobile App Cost_Price Proposal - signed.pdf', 'Mobomo_LLC_MBN Radio Sawa Mobile App Cost_Price Proposal rev1 - signed.pdf', 'Mobomo_LLC_MBN Radio Sawa Mobile App Cost_Price Proposal rev2 - signed.pdf', 'Mobomo_LLC_MBN Radio Sawa Mobile App Cost_Price Proposal rev3 - signed.pdf', 'Mobomo_LLC_MBN Radio Sawa Mobile App Cost_Price Proposal rev5 - signed.pdf', 'Mobomo_LLC_MBN Radio Sawa Mobile App Technical Proposal rev1.pdf', 'Mobomo_LLC_MBN Radio Sawa Mobile App Technical Proposal rev3.pdf', 'Mobomo_LLC_MBN Radio Sawa Mobile App Technical Proposal rev5.pdf', 'Mobomo_LLC_MBN Radio Sawa Mobile App Technical Proposal.pdf', 'MBN Mobile App Internal Proposal Checklist.xlsx', '333011-22-RRP-0020 - HIGHLIGHTED.pdf', '333011-22-RRP-0020.pdf', 'Declaration for Federal Employment.pdf', 'National Gallery of Arts Questions.xlsx', 'PRICE SCHEDULE.xlsx', 'Q and A.pdf', 'Cover.docx', 'National Gallery of Art IDIQ Vol. I - Response - 333011-22-RRP-0020 draft v2.docx', 'National Gallery of Art IDIQ Vol. II Response - 333011-22-RRP-0020 Mobomo Final.xlsx', 'National Gallery of Art IDIQ Vol. II Response - 333011-22-RRP-0020.xlsx', 'National Gallery of Art RFP- Requirements Traceability & Labor Categories.xlsx', 'NGA PWIN.xlsx', 'RaffertyWeiss NGA Datacall 1 (recovered).docx', 'RaffertyWeiss NGA Datacall 1.docx', 'RaffertyWeiss NGA Datacall 3.docx', 'Rough Info needed for data call 2.docx', '333011-23-DFI-0003 Mobomo (1).pdf', 'National Gallery of Art IDIQ Vol. I - Response - 333011-22-RRP-0020 - Mobomo.pdf', 'National Gallery of Art IDIQ Vol. I - Response - 333011-22-RRP-0020.docx', 'National Gallery of Art IDIQ Vol. II Pricing Response - 333011-22-RRP-0020 - Mobomo working sheet for discount 3282023.xlsx', 'Revised PRICE SCHEDULE 3292023.xlsx', '333011-23-DFI-0003 Mobomo.pdf', '333011-23-DFI-0003_Mobomo_Executed.pdf', 'Rafferty Weis Media Rates NGA.xlsx', 'NGA Client Kickoff agenda 5172023.pdf', 'NGA Internal Proposal Checklist.xlsx', 'NGA Project Kickoff 9142022 TMD.pptx', '2021-124.pdf', 'NIOSH Respirator Fit Evaluation Challenge - Phase II - Interim Report - Team Mobomo.docx', 'NIOSH Respirator Fit Evaluation Challenge - Phase II - NIOSH Approved Filtering Facepiece Respirator Model.docx', 'NIOSH Respirator Fit Evaluation Challenge - Phase II Prototype Demonstration Report - Mobomo.docx', 'NIOSH Respirator Fit Evaluation Challenge - Phase II Prototype Demonstration Report - Mobomo.pdf', 'NIOSH Respirator Fit Evaluation Challenge - Phase II Prototype Demonstration Report - Team Mobomo draft v1.docx', 'NIOSH Respirator Fit Evaluation Challenge - Phase II Prototype Demonstration Report - Team Mobomo draft v2.docx', 'Cover for Interim Report.docx', 'Cover for Phase II Submission - NIOSH Approved documentation.docx', 'Cover for Phase II Submission.docx', 'Interview Questions for FFR.docx', 'Kickoff for Phase II - Notes.docx', 'NIOSH - Notes on Design Ideas.docx', 'NIOSH Storyboard Phase II Approach.docx', 'Notes from Conversation with SME 7.25.23.docx', 'Notes from meeting with NIOSH team 1.12.24.docx', 'Presentation with Audio Recorded.ppsx', 'Proto Persona - GM edits.docx', 'Respirator Fit Evaluation Challenge Survey.docx', 'Script for Video.docx', 'SME Feedback on Phase 1 Submission-Downs.docx', 'test 2.mp4', 'Video Presentation and Script Draft.mp4', 'Video Presentation and Script Draft.pptx', 'NIOSH Respirator Fit Evaluation Challenge - Phase II Prototype Demonstration Report - Mobomo.docx', 'NIOSH Respirator Fit Evaluation Challenge - Phase II Prototype Demonstration Report - Mobomo.pdf', 'NIOSH Respirator Fit Evaluation Challenge - Phase II - Interim Report - Team Mobomo.docx', 'NIOSH-Respirator-Fit-Eval-Challenge-Webinar-Approved.pdf', 'NIOSH Respirator Fit Evaluation Challenge - Phase I - Concept Paper - Team Mobomo.docx', 'NIOSH Respirator Fit Evaluation Challenge - Phase I - Concept Paper - Team Mobomo.pdf', 'Citations.docx', 'Concept Paper Content Development L and G.docx', 'Draft SOW.pdf', 'Fit Mask - AR Details + Technical Hurdles.docx', 'Fitmask Labs Publication.docx', 'Notes 4.13.23.docx', 'Rapid Prototyping.docx', 'NIOSH Respirator Fit Evaluation Challenge - Phase I - Concept Paper - Team Mobomo.pdf', 'Am0002 Attachment 6 - Response to Questions RFQ 24322622Q0057 4Aug22.xlsx', 'Am0002 Attachment 3 - BPA Pricing Spreadsheet 4Aug22.xlsx', 'Am0002 Attachment 5 - BPA Call Pricing Spreadsheet 4Aug22.xlsx', 'Attachment 3 - BPA Pricing Excel Spreadsheet.xlsx', 'Attachment 5 - BPA Call Pricing Spreadsheet.xlsx', 'RFQ 24322622Q0057 Digital Services BPA and initial BPA Cal.pdf', 'SF30 Amend 0001 24322622Q0057.pdf', 'RFQ_24322622Q0057_Amd_0003.pdf', 'SF30 Am0002 RFQ 24322622Q0057 4Aug22 (1).pdf', 'OPM Corporate Experience Rough Draft v1.docx', 'OPM Cover Letter Rough Draft v1.docx', 'OPM Technical Proposal Rough Draft v1 .docx', 'OPM Technical Proposal Rough Draft v2.docx', 'Data Call - Office of Personnel Management.docx', 'OPM Digital Services PWIN.xlsx', 'RIVA Data call 1 OPM BPA for Digital Services (1).docx', 'USGS Excerpt from SMX on Data Governance.docx', 'Award Notice for Unsuccessful Mobomo.pdf', 'Mobomo_LLC_BPA Technical Volume_RFQ 24322622Q0057.pdf', 'Mobomo_LLC_Corporate Experience-Appendix_RFQ 24322622Q0057.pdf', 'Mobomo_LLC_Cover Letter_RFQ 24322622Q0057 - signed.pdf', 'Mobomo_LLC_SOLICITATION_CONTRACT_ORDER and Amendments_RFQ 24322622Q0057 - signed.pdf', 'OPM Digital Services BPA Q&A.xlsx', 'OPM Internal Proposal Checklist.xlsx', 'Am0002 Attachment 6 - Response to Questions RFQ 24322622Q0057 4Aug22.xlsx', 'Am0002 Attachment 3 - BPA Pricing Spreadsheet 4Aug22.xlsx', 'Am0002 Attachment 5 - BPA Call Pricing Spreadsheet 4Aug22.xlsx', 'Attachment 3 - BPA Pricing Excel Spreadsheet.xlsx', 'Attachment 5 - BPA Call Pricing Spreadsheet.xlsx', 'RFQ 24322622Q0057 Digital Services BPA and initial BPA Cal.pdf', 'SF30 Amend 0001 24322622Q0057.pdf', 'RFQ_24322622Q0057_Amd_0003.pdf', 'SF30 Am0002 RFQ 24322622Q0057 4Aug22 (1) (annotated).pdf', 'Am0003 Attachment 3 - BPA Pricing Spreadsheet 8Aug22 Rough Draft v1 TMD 8112022.xlsx', 'Am0003 Attachment 3 - BPA Pricing Spreadsheet 8Aug22 Rough Draft v1.xlsx', 'Am0003 Attachment 5 - BPA Call Pricing Spreadsheet 8Aug22 Rough Draft v1.xlsx', 'OPM Phase II Technical Volume Rough Draft v1.docx', 'Complete RIVA Data Call.docx', 'Mobomo Response _ OPM Digital Services Support RFI (1).pdf', 'Am0003 Attachment 3 - BPA Pricing Spreadsheet 692022 Final.xlsx', 'Am0003 Attachment 5 - BPA Call Pricing Spreadsheet 6092022 Final.xlsx', 'Award Notice for Unsuccessful Mobomo.pdf', 'Mobomo_LLC_BPA Technical Volume_RFQ 24322622!0057_OPM.pdf', 'Actual 9_13 OPM Phase II Oral Presentation.pdf', 'David Shatzer.pdf', 'Jason Murray Resume v2.docx', 'Nathan Harris resume.docx', 'ResumeNancyeShipe (1).doc', 'VP - Federal - Mark Cooperstock Resume.pdf', 'Email to CO at PRC.pdf', 'Mod 4 RFP 1605654 - PRC External Website Development_MOD4.1677695553792 (1).pdf', 'PRC industry day notes 2-15-2023.docx', 'PRC RFP 1605654 - PRC External Website Development_MOD2.1675961908973 (3).pdf', 'PRC RFP 1605654 GSA eBuy!.html', 'Q&A PRC RFP 1605654.xlsx', 'RFP 1605654 - PRC External Website Development_MOD3.1677531874928.pdf', 'RFP 1605654 - Questions and Answers.1676667244884.pdf', 'RFP1605654 - PRC External Website Development.1674845408481.pdf', 'RFP1605654 - PRC External Website Development_MOD1.1675454639456.pdf', 'Suggested Win Themes PRC 02082023.docx', 'PRC Website Design VOLUME I TMD.docx', 'Volume I - Pink Draft.docx', 'Volume I.docx', 'PRC RFP 1605654 - PRC External Website Development_MOD2.1675961908973 (3).pdf', 'PRC Website Design VOLUME I - Technical Approach.docx', 'PRC Website Design VOLUME II - Pricing.docx', 'PRC Website Design VOLUME I - Technical Approach.docx', 'PRC Website Design VOLUME I - Technical Proposal - Mobomo LLC.docx', 'PRC Website Design VOLUME II - Pricing.docx', 'PRC industry day notes 2-15-2023.docx', 'PRC Pricing development worksheet.xlsx', 'PRC Web list.docx', 'PRC Website Redesign Option 1.png', 'Red Team Review_ PRC.xlsx', 'PRC Website Design VOLUME I - Technical Approach - Mobomo LLC (1).pdf', 'PRC Website Design VOLUME I - Technical Proposal - Mobomo LLC (1).pdf', 'PRC Website Design VOLUME I - Technical Proposal - Mobomo LLC.pdf', 'PRC Website Design VOLUME II - Pricing Proposal - Mobomo LLC.pdf', 'PRC Website Design VOLUME I - Technical Approach.docx', 'PRC Website Design VOLUME I - Technical Proposal - Mobomo LLC.docx', 'PRC Website Design VOLUME II - Pricing.docx', 'Proposal Process Checklist.xlsx', 'Preproposal Conference Meeting for Prince William (updated with links and languages).docx', 'RFP SA-2220 Web Content Mangement System Migration_Final_051222 (annotated).pdf', 'RFP SA-2220_ Addendum 02 Final Questions[8703].pdf', 'SA-2220 Web Content Management System Migration - PWCSA.url', 'Mobomo LLC_Question Regarding SA-2220 Web Content Management System Migration.xlsx', 'PWCSA Price Proposal Rough Draft v1.docx', 'PWCSA Technical Proposal Rough Draft v1.docx', '01 – 1.png', '01 – 2.png', '01 – 3.png', '01 – 4.png', '01 – 5.png', '01 – 6.png', '01 – 7.png', '01 – 8.png', '01.png', '02.png', '03.png', '04.png', '05.png', '06.png', '07.png', '08.png', 'Approach Slide Graph.png', 'awards.png', 'cards.png', 'Deleted Content 6.5.22.docx', 'ferc-judyeastwood.png', 'Form E-State.pdf', 'logos.png', 'louisville-denvercollett.png', 'Mobomo COI.pdf', 'noaa-kevinholland.png', 'Notes on Strategy 5.27.22.docx', 'ONR - Cutover Plan Final v2.0.xlsx', 'Org Chart.png', 'Blocks _ H2O Quality LAB.pdf', 'Content types _ H2O Quality LAB.pdf', 'Content _ H2O Quality LAB.pdf', 'Field list _ H2O Quality LAB.pdf', 'Main menu _ H2O Quality LAB.pdf', 'Modules _ H2O Quality LAB.pdf', 'People _ H2O Quality LAB-Permissions.pdf', 'People _ H2O Quality LAB.pdf', 'Status report _ H2O Quality LAB.pdf', 'Status report.docx', 'Taxonomy _ H2O Quality LAB.pdf', 'Top Menu _ H2O Quality LAB.pdf', 'Views _ H2O Quality LAB.pdf', 'Webforms _ H2O Quality LAB.pdf', 'Blocks _ SA Splash.pdf', 'Content types _ SA Splash.pdf', 'Drupal.docx', 'Field list _ SA Splash.pdf', 'Footer Menu _ SA Splash.pdf', 'Main menu _ SA Splash.pdf', 'Menus _ SA Splash.pdf', 'Modules _ SA Splash.pdf', 'Page Title List _ SA Splash.pdf', 'People _ SA Splash-permissions.pdf', 'People _ SA Splash.pdf', 'Status Report.pdf', 'Taxonomy _ SA Splash.pdf', 'Views _ SA Splash.pdf', 'Blocks _ PWCSA.pdf', 'Content types _ PWCSA.pdf', 'content-list.txt', 'Field list _ PWCSA.pdf', 'Main menu _ PWCSA.pdf', 'Modules _ PWCSA.pdf', 'People _ PWCSA.pdf', 'People _role-permissions-PWCSA.pdf', 'Status report _ PWCSA.pdf', 'Status Report.docx', 'Taxonomy _ PWCSA.pdf', 'Views _ PWCSA.pdf', 'webforms _ PWCSA.pdf', '~$atus Report.docx', 'PWCSA RFP Cover Page - Filled Adarsh.pdf', 'PWCSA RFP Submission Form_Conflicts of Interest Form - Filled Adarsh.pdf', 'Reference Form PWCSA-Mobomo.docx', 'Reference Form PWCSA-Mobomo.pdf', 'Jacob Yeager Mobomo Resume.docx', 'Jacob Yeager- The Goal.doc', 'VA SCC Cert of Registration.pdf', 'Index.pdf', 'Mobomo_LLC_PWCSA Price Proposal.pdf', 'Mobomo_LLC_PWCSA Technical Proposal.pdf', 'PWCSA Internal Proposal Checklist.xlsx', 'B02 73351023Q0278 Solicitation.1687305646668 (3).pdf', 'B09 73351023Q0278 Amendment 0001.pdf', 'Amendment 1 - Attachment 3 - SOW.1690229790945.pdf', 'Amendment 1 - Attachment 6 - Technical Quote Submission Instructions.1690229833856.pdf', 'Attachment 1 - SF-18 50310223Q0059.1689171179295.pdf', 'Attachment 10 - NDA - Contractor Personnel.1689171194291.pdf', 'Attachment 11 - OF306.1689171194701 (1).pdf', 'Attachment 12 - Credit Release.1689171204753.pdf', 'Attachment 13 - PerSEC.1689171205583.pdf', 'Attachment 2 - BPA Terms and Conditions.1689171194024.pdf', 'Attachment 3 - SOW.1689171176209 (1).pdf', 'Attachment 3 - SOW.1689171176209.pdf', 'Attachment 4 Clin Table.1689171175297.xlsx', 'Attachment 5 - Q and A Template.1689171178844.xlsx', 'Attachment 6 - Technical Quote Submission Instructions.1689171190860.pdf', 'Attachment 7 - Price Quote Submission Instructions.1689171196059.pdf', 'Attachment 8 - Evaluation Criteria and Basis for Award.1689171179152.docx', 'Attachment 8 - Evaluation Criteria and Basis for Award.1689171197734.pdf', 'Attachment 9 - NDA - Contractor Entity.1689171176204.pdf', 'RFQ Cover Letter 23Q0059.1689171149145 (1).pdf', 'RFQ Cover Letter 23Q0059.1689171149145.pdf', 'NOAA_NMFS_Application_Dev_AttainX_-_Mobomo_TA_FE.pdf', 'Addendum 1 - K23-0081-29 (5).pdf', 'Addendum 2 - K23-0081-29.pdf', 'Addendum 3 - K23-0050-26O.pdf', 'Addendum 4 - K23-0050-26O.pdf', 'Attachment 1.pdf', 'Attachment 2.pdf', 'Offeror Profile  ExperienceReferences (Q-17KO).xlsx', 'Questions for Pre-Bid Proposal Conference.xlsx', 'RFP_K23-0050-26O_-_Intranet_Website_Migration_to_Drupal.pdf', 'Writing style Maryland Judiciary Intrnet Website Migration to Drupal.docx', '[Attachment A - Standard Contract Agreement Sample] Attachment A - Standard Contract Agreement Sample.pdf', '[Attachment B - Bid-Proposal Affidavit] Attachment B - Bid-Proposal Affidavit.pdf', '[Attachment C - Contract Affidavit Sample] Attachment C - Contract Affidavit Sample.pdf', '[Attachment D - Pre-Bid Proposal Conference Form] Attachment D - Pre-Bid Proposal Conference Form.pdf', '[Attachment E - Bid-Price Proposal Form K23-0050-26O] Attachment E - Bid-Price Proposal Form K23-0050-26O.pdf', '[Attachment F - Non-Disclosure Agreement Sample] Attachment F - Non-Disclosure Agreement Sample.pdf', 'Maryland Judiciary - Technical Proposal - Intranet Website Migration to Drupal.docx', 'Maryland Judiciary Shred Template .docx', 'Offeror Profile  ExperienceReferences (Q-17KO).xlsx', '_Attachment_E_-_Bid-Price_Proposal_Form_K23-0050-26O__Attachment_E_-_Bid-Price_Proposal_Form_K23 (2).pdf', 'Maryland Judiciary - Technical Proposal - Intranet Website Migration to Drupal v2.docx', 'Maryland Judiciary Breakdown.docx', 'Maryland Judiciary PWIN 582023.xlsx', 'MJ Cover .docx', 'Notes', 'Certificate of Insurance.pdf', 'Claim of Confidentiality.pdf', 'Exceptions to T&C.pdf', 'Executive Summary.pdf', 'K23-0050-26O-Intranet Website Migration to Drupal Submission Receipt.docx', 'Maryland Judiciary - Intranet Website Migration to Drupal - Mobomo Transmittal Letter.pdf', "Mobomo's Key Personnel Experiences and Qualifications.pdf", 'Offeror Profile  ExperienceReferences (Q-17KO) (2).xlsx', 'Subcontracting.pdf', 'Technical Response.pdf', 'W9.pdf', 'Work Plan.pdf', '_Attachment_B_-_Bid-Proposal_Affidavit__Attachment_B_-_Bid-Proposal_Affidavit (2).pdf', '_Attachment_E_-_Bid-Price_Proposal_Form_K23-0050-26O__Attachment_E_-_Bid-Price_Proposal_Form_K23 (2) (1).pdf', 'Attachment_E_-_Bid-Price_Proposal_Form_K23-0050-26O__1_.pdf', 'Maryland Judiciary - Intranet Website Migration to Drupal - Mobomo Executive Summary.pdf', 'Maryland Judiciary - Intranet Website Migration to Drupal - Mobomo Transmittal Letter.pdf', 'Maryland Judiciary Submission Receipt.pdf', "Mobomo's Key Personnel Experiences and Qualifications.pdf", 'Offeror Profile  ExperienceReferences (Q-17KO).xlsx', 'Technical Response.pdf', 'Work Plan.pdf', 'Maryland Judiciary - Intranet Website Migration to Drupal - Assumptions.docx', 'Maryland Judiciary - Intranet Website Migration to Drupal - Mobomo Claim of Confidentiality.docx', 'Maryland Judiciary - Intranet Website Migration to Drupal - Mobomo Executive Summary.docx', 'Maryland Judiciary - Intranet Website Migration to Drupal - Mobomo Key Personnel and Qualifications.docx', 'Maryland Judiciary - Intranet Website Migration to Drupal - Mobomo Technical Proposal.docx', 'Maryland Judiciary - Intranet Website Migration to Drupal - Mobomo Transmittal Letter.docx', 'Maryland Judiciary - Intranet Website Migration to Drupal - Mobomo Work Plan.docx', 'Maryland Judiciary - Intranet Website Migration to Drupal - Subcontractors.docx', 'Maryland Judiciary - Technical Proposal - Intranet Website Migration to Drupal v2.docx', 'Maryland Judiciary - Technical Proposal - Intranet Website Migration to Drupal.docx', '_Attachment_F_-_Non-Disclosure_Agreement_Sample__Attachment_F_-_Non-Disclosure_Agreement_Sample (1).pdf', 'Notice of Award to Another Offeror K23-0050-26O - Mobomo.pdf', 'FE Mobomo NDA ACI MSDE 812023.pdf', 'RFP_FY24-OIT-005_R00B4600008_-_Attachment_B_-_Financial_Proposal.xlsx', 'RFP_FY24-OIT-005_R00B4600008_MSDE_Website_Design_and_Maintenance_-_Final (3).pdf', 'MSDE - Mobomo Response Volume I.docx', 'Notes from Industry Day.docx', '2031JW24Q00021 Amendment 1.1701730428384.pdf', 'Order 1 Attachment 5 - Rx Content Structure.1701730481214.pdf', 'Order 1 Attachment 6 - Q_A- Screenshots and Source Code Binder.1701730524878 (1).pdf', 'Order 1 Attachment 7 - Record Management csv File.1701730558068.xlsx', 'Order 1 Attachment 8 - SDLC_Manual_113023.1701730644981.pdf', 'RFQ1666075 CMS Questions and Answers_2_11272023.1701123219789 (1).pdf', '2031JW24Q00021 Amendment 2.1702335145298.pdf', 'RFQ1666075 CMS Questions and Answers_3_12042023.1701730870069 (2).pdf', '2031JW24Q00021 Amendment 3.1702680905607.pdf', 'A4_2031JW24Q00021 RFQ CMS BPA_Amendment 4.1705064730049.pdf', 'A4_BPA Attachment 2 - Order 001 - CMS Replacement and Migration with track changes.1705064743883.pdf', 'A4_BPA Attachment 2 - Order 001 - CMS Replacement and Migration.1705064738335.pdf', 'A4_BPA Attachment 3 - Pricing Table_Amendment.1705064749892.xlsx', 'A4_Order 1 Attachment 2 - Appendix A.1705064757840.xlsx', 'A4_RFQ CMS BPA_Amendment 4_with Track Changes.1705064760777.pdf', 'A4_RFQ1666075 CMS Questions and Answers_4.1705064757109.pdf', 'RFQ1666075+CMS+Questions+and+Answers_5_from+Amendment+4+01192024.pdf', 'BPA Attachment 4 - Questions and Answers.1699297111936.docx', '2031JW24Q00021 RFQ CMS BPA.1699297111797 (1).pdf', '2031JW24Q00021 RFQ CMS BPA.1699297111797_WORD.docx', 'BPA Attachment 1 - Non-disclosure Agreement.1699297124595 (1).docx', 'BPA Attachment 2 - Order 001 - CMS Replacement and Migration_11022023.1699297113052.docx', 'BPA Attachment 3 - Pricing Table.1699297112301.xlsx', 'BPA Attachment 5 - Factor 4 Use Case Demonstration.1699297115763 (1).pdf', 'Order 1 Attachment 2 - Appendix A.1699298154892 (1).xlsx', 'Order 1 Attachment 3 - Enterprise Test Management Plan.1699297119459 (1).pdf', 'Order 1 Attachment 4 - Enterprise Change and Release Management.1699297126315 (1).pdf', 'RFQ1666075 CMS Questions and Answers_2_11272023.1701123219789.pdf', 'ITS_RFI_Content_Management_Systems_Migration_and_Support.pdf.pdf', 'Questions_and_Answers_2031JW22N00007.pdf.pdf', 'Department of Treasury - OCC RFQ Response - Mobomo - Volume I.docx', 'Department of Treasury - OCC RFQ Response - Mobomo - Volume II Attachment A - FACTOR 1.docx', 'Department of Treasury - OCC RFQ Response - Mobomo - Volume II Attachment B - FACTOR 5.docx', 'Department of Treasury - OCC RFQ Response - Mobomo - Volume II.docx', 'Department of Treasury - OCC RFQ Response - Mobomo - Volume III.xlsx', '1. Acquia Proposal - OCC RFQ Response.docx', '1. Acquia Proposal - OCC RFQ Response.pdf', '2031JW24Q00021 RFQ CMS BPA.1699297111797_WORD.docx', '1. Acquia Proposal Template - OCC.pdf', '2022 Acquia Cloud VPAT .pdf', "Acquia - OCC Carahsoft Quote - DON'T USE - UPDATE BELOW.pdf", 'Acquia Cloud w_ Shield  Diagram.pdf', 'OCC - Acquia Slides and Graphics.pdf', 'Treasury OCC - Partner Packet - Key Links & Outstanding Items - Sheet1.pdf', 'Updated - Carahsoft - Acquia OCC Quote - with Option Years.pdf', 'Department of Treasury - OCC -downloaded for page count.docx', 'DoTreasury OCC SHRED.docx', 'Mobomo Data Call for ACI Solutions re Department of Treasury - OCC - COMPLETED.docx', 'Mobomo Data Call.docx', 'Notes from Call with ACI Solutions.docx', 'Proposal Cover Treasury OCC vol 1 conv 1.png', 'Proposal Cover Treasury OCC vol 1.docx', 'Proposal Cover Treasury OCC vol 2 conv 1.png', 'Proposal Cover Treasury OCC vol 2.docx', 'Proposal Cover Treasury OCC vol 3 conv 1.png', 'Proposal Cover Treasury OCC vol 3.docx', 'Proposal Cover Treasury OCC.docx', 'Dept. of Treasury - OCC RFQ Response - Mobomo - Vol. I.pdf', 'Dept. of Treasury - OCC RFQ Response - Mobomo - Vol. II Attachment A - FACTOR 1.pdf', 'Dept. of Treasury - OCC RFQ Response - Mobomo - Vol. II Attachment B - FACTOR 5.pdf', 'Dept. of Treasury - OCC RFQ Response - Mobomo - Vol. II.pdf', 'Dept. of Treasury - OCC RFQ Response - Mobomo - Vol. III.xlsx', 'Mobomo NDA - OCC - ACI Solutions (1).pdf', 'OCC TA ACI 12523 FE.pdf', 'Amendment 1 to RFP WAGE005.pdf', 'RFP WAGE 005_Engendering Industries website[8836] (annotated).pdf', 'Presentation to TetraTech 8.26.22 v1.pdf', 'Presentation to TetraTech 8.26.22 v1.pptx', 'Tetra Tech Cover Letter Rough Draft v1.docx', 'Tetra Tech Cover Letter Rough Draft v2.docx', 'Tetra Tech Financial Proposal Rough Draft v1.docx', 'Tetra Tech Financial Proposal Rough Draft v2.docx', 'Tetra Tech Financial Proposal Rough Draft v3.docx', 'Tetra Tech Technical Proposal Resumes.docx', 'Tetra Tech Technical Proposal Rough Draft v1.docx', 'Tetra Tech Technical Proposal Rough Draft v2.docx', 'Tetra Tech Technical Proposal Rough Draft v3.docx', 'Charts.png', 'etra Tech Solutioning Session #4 (2022-07-06 07-31 GMT-7) - Google Drive.url', 'Tetra Tech Pricing Template.xlsx', 'Tetra Tech Solutioning Session #1 (2022-06-28 07-31 GMT-7) - Google Drive.url', 'Tetra Tech Solutioning Session #2 (2022-06-29 07-32 GMT-7) - Google Drive.url', 'Tetra Tech Solutioning Session #3 (2022-07-05 07-31 GMT-7) - Google Drive.url', 'Mobomo LLC_2nd Round Questions for RFP No.WAGE005 entitled_Engendering Industries Website Development and Best Practices Framework.xlsx', 'Mobomo LLC_Questions for RFP No.WAGE005 entitled_Engendering Industries Website Development and Best Practices Framework.xlsx', 'Mobomo_LLC_RFP WAGE 005_Attachment D - signed.pdf', 'Mobomo_LLC_WAGE 005 Cover Letter - signed.pdf', 'Mobomo_LLC_WAGE005 Financial Proposal rev1.pdf', 'Mobomo_LLC_WAGE005 Financial Proposal rev2.pdf', 'Mobomo_LLC_WAGE005 Financial Proposal rev3.pdf', 'Mobomo_LLC_WAGE005 Financial Proposal.pdf', 'Mobomo_LLC_WAGE005 Supporting Documents (resumes).pdf', 'Mobomo_LLC_WAGE005 Technical Proposal rev1.pdf', 'Mobomo_LLC_WAGE005 Technical Proposal rev3.pdf', 'Mobomo_LLC_WAGE005 Technical Proposal.pdf', 'Tetra Tech Internal Proposal Checklist.xlsx', 'Home - Mission Daybreak.url', 'Mission Daybreak Submission Page.pdf', 'Appendix.docx', 'Mission Daybreak Challenge - Sentinel Solution and Appendix - Mobomo.Clearspeed.WarriorBonfire.docx', 'Mission Daybreak Submission Form Questions Rough Draft v1.docx', 'Mission Daybreak Written Response Appendix.docx', 'Mission Daybreak Written Response Rough Draft - Clearspeed changes integrated into 7.7.22 draft.docx', 'Mission Daybreak Written Response Rough Draft v1.docx', 'Mission Daybreak Written Response Rough Draft v2.docx', 'Mission Daybreak Written Response Rough Draft .docx', 'Mission Daybreak Written Response Rough Draft .pdf', 'Mission Daybreak Challenge - Sentinel Appendix - Mobomo.Clearspeed.WarriorBonfire V2.docx', 'Mission Daybreak Challenge - Sentinel Solution - Mobomo.Clearspeed.WarriorBonfire V2.docx', 'Mission Daybreak Challenge - Sentinel Solution and Appendix - Mobomo.Clearspeed.WarriorBonfire FINAL.docx', 'A combat Veteran and suicide loss survivor shares her story - Mission Daybreak.url', 'App Mockup Graphics.url', 'Gaming Peer-Reviewed on Clearspeed.pdf', 'Peer Reviewed Paper_NATO Journal_2022 (Contemporary Macedonian Defence).pdf', 'Carnegie Mellon Science Review_121919.pdf', 'AI helping AIBA to root out corrupt officials at World Boxing Championships _ Sport _ The Times.pdf', 'AFWERX SBIR Final Report.pdf', 'NSW_SOCCENT Report.pdf', 'SOFWERX and SOCOM Report.pdf', 'Highlights from the June 7 virtual information session - Mission Daybreak.url', 'Mockup Patients Dashboard.png', 'Mockup Vetrans Check In.png', 'Compliation of Proposed Graphics.docx', 'VA app home page.jpeg', 'VA app logged in.jpeg', 'VA Suicide prevention.pptx', 'VA Suicide Solution Notes.edited.docx', 'VA- Companion.url', 'Mission Daybreak Challenge - Sentinel Solution and Appendix - Mobomo.Clearspeed.WarriorBonfire.pdf', 'Mission Daybreak Submission Form Questions and Answers.docx', 'Mission Daybreak Challenge - Sentinel - Mobomo.Clearspeed.WarriorBonfire.pdf', 'Mission Daybreak Challenge - Sentinel Appendix - Mobomo.Clearspeed.WarriorBonfire.pdf', '36C10A23Q0146.docx', '36C10A23Q0146_1.docx', 'Gate Review 0 - WEBSITE CONTENT MANAGEMENT SUPPORT FOR NATIONAL CEMETERY ADMINISTRATION DIGITAL SERVICES GovWin ID# 234117.pptx', 'GovWin IQ - 234117 - WEBSITE CONTENT MANAGEMENT SUPPORT FOR NATIONAL CEMETERY ADMINISTRATION DIGITAL SERVICES.pdf', 'P02+MR+RFI+Attachment+A+Draft+PWS.pdf', 'S02+RFQ+36C10B24Q0013.pdf', 'VA National Cemetery RFI.docx', '36C10B23Q0097.docx.docx', '36C10B23Q0097_0001.docx.docx', 'Gate Review 0 - VA INTEROPERABILITY STANDARDS DEVELOPMENT AND COORDINATION - GovWin ID# 227168.pptx', 'P02_PWS_RFI_12.19.22.docx (1).docx', 'P02_RFI_12.22.22.pdf.pdf', 'ATTACHMENT_B_Business_Requirements_.xlsx', 'ATTACHMENT_C_WMATA_Website_-_Sample_Design_Screens_(1) (1).pdf', 'ATTACHMENT_D_Metro_Brand_and_Style_Guidelines (1).pdf', 'ATTACHMENT_E_RACI.pdf', 'ATTACHMENT_F_SYSTEM_Architecture_Diagram.png', 'Modernization_of_wmata.com.pdf', 'Modernization_of_wmata.com.xml', 'SID9279_wmata (1).pdf', 'SID9279_wmata (2).pdf', 'SID9279_wmata (3).pdf', 'SID9279_wmata (4).pdf', 'SID_9279_wmata.com_modernization_RFP_Pre-Proposal_PPT_final.pdf', 'SID_9279__RFP_Pre-Proposal_attendance_report.pdf', 'ATTACHMENT_B_Business_Requirements.pdf', 'ATTACHMENT_C_WMATA_Website_-_Sample_Design_Screens_(1).pdf', 'ATTACHMENT_D_Metro_Brand_and_Style_Guidelines.pdf', 'SID9279_wmata.pdf', 'Notes from Conference Call 4.12.23.docx', '95332A22R00011 FINAL.1655242177687[7702] (annotated).pdf', '95332A22R00011 Questions and Answers FINAL 7-1-22.1656689351815.pdf', '95332A22R00011 ORE_ Learning Campus Worksheet.1655242189932 Rough Draft v1.xlsx', '75D301-22-Q-74986 (1).doc', 'CDC Digital Evaluation Platform RFQ Rough Draft v1.docx', '(9.16) cdc.gov - ENT - NB - Q-39965-20220916.pdf', 'CDC Exception List.docx', 'Mobomo CDC UserTesting.com RFQ Cover.pdf', 'Mobomo_LLC Response to CDC Digital Evaluation Platform RFQ 75D301-22-Q-74986.pdf', 'Description of Capabilities Statement.pdf', 'RFQ ONC Web ReDesign.pdf', 'Sources Sought HHS HealthIT.gov.docx', 'Sources Sought HHS HealthIT.gov.docx', 'Sources Sought HHS HealthIT.gov.pdf', 'HHS___Development_of_the_NanCI_App___Market_Research.doc .docx', 'NCI_SOW_75N91023R00039 (1).pdf', 'HHS NIH NanCI Shred Capabilities Statement.docx', 'D018960 SOW -Sources Sought.pdf', 'HHS AlzPED IADRP SS-90390-SB .docx', 'HHS AlzPED IADRP SS-90390-SB Draft 1 .docx', '2022 Web Contract SOW 7.6.2022 (004).docx', 'Answers SS-90560-SB 8.2.22(1).rtf', 'Capablities Statement Instructions NINR.doc', 'Data call for Revolve.docx', 'NINR Cover Letter Rough Draft v1.docx', 'NINR Sources Sought Response Rough Draft v2.docx', 'National Institute of Nursing Research (NINR) Sources Sought Response - Mobomo, LLC.docx', 'Writing Shell Template for Hope.docx', 'Data call Writing Shell for Revolve .docx', 'NIMHD RFI--Website Redesign_Migration_Assessment_RFI.1660747833393 (1).pdf', 'NIMHD RFI Response draft v1.docx', '10-2021-checklist-for-federal-websites-and-digital-services.xlsx', 'Mobomo PWIN Engine Base - NIMHD Website Redesign RFI.xlsx', 'Mobomo Response to RFI – NIMHD Website Redesign and Migration Assessment.docx', 'NIMHD Website Redesign and Migration Assessment RFI Review.docx', 'Mobomo Response to NIMHD Website Redesign and Migration Assessment RFI.pdf', 'health.gov Technology Profile.html', 'HHS OAMS Notes.docx', 'HHS_Communications_and_Web_Support.doc.docx', 'HHS_OAMS_PWS_CWS conv.docx', 'HHS_OAMS_PWS_CWS.pdf', 'RFQ1604529 GSA eBuy! HHS Web RFI.html', 'Capabilities Statement.docx', 'Mobomo Capabilities Statement - OAMS Communications & Web Support - ODPHP Market Research.docx', 'Mobomo Capabilities Statement - OAMS Communications & Web Support - ODPHP Market Research.docx', 'Mobomo Capabilities Statement - OAMS Communications & Web Support - ODPHP Market Research.pdf', 'ResponseSummary HHS OAMS.pdf', 'HHS_OAMS_SS_ITMBRDAS.pdf', 'HHS___IT_and_Acquisition_Support___Market_Research.doc.docx', 'M_RAS_Market_Research_Notice (5).pdf', 'QPP HCD Market Research Email Thread.pdf', 'QPP_HCD_FY23_Requirements__RFI_Version_.docx', 'HHS - CMS (OAGM) IT - Human Centered Design - Market Research.html.docx', 'Mobomo Capabilities Statement -- Draft Version.docx', 'HHS - CMS (OAGM) IT - Human Centered Design - Market Research.html.pdf', 'Mobomo Capabilities Statement.pdf', 'Attachment_A_RDS_Architecture_Diagram.pdf', 'Attachment_B___RDS_Software_and_Services_List.xlsx', 'Attachment_C__RDS_Architecture_Diagram.pdf', 'Attachment_D_RDS_Potential_Incident_Work_flow.pdf', 'RDS_PWS_Recompete_2024_Final.docx', 'RFI Description.pdf', 'Administration for Children and Families (ACF) Tasks and Requirements.xlsx', 'Administration for Children and Families PWS Review - Adarsh.docx', 'GSA eBuy!.url', 'Perforamance Work Statement  .1653680527819.docx', 'Request For Information_ Web Presence_.1653680222087.docx', 'HHS Web Presence RFI Response Rought Draft v1.docx', 'Mobomo_LLC_HHS Web Presence RFI Response.pdf', 'TANF Data Portal Survey Info.pdf', 'TANF_Data_Portal_PWS_draft_10.10.2023.docx', 'TANF Data Portal RFI Capabilities Statement and Relevant Experience Response - Mobomo.docx', 'Proposal Cover TANF Data Portal.docx', 'ResponseSummary (3).pdf', 'TANF Data Portal RFI Capabilities Statement and Relevant Experience Response - Mobomo.docx', 'TANF Data Portal RFI Capabilities Statement and Relevant Experience Response - Mobomo.pdf', 'CSPD Development OM Support SOW final draft.1697834315481.pdf', 'RFI 1664348 Dev and OM Recompete.1697834277977.pdf', 'CBP Cargo Systems Program Request for Information Response - Mobomo.docx', 'Qualtrics_Survey_Software.pdf', 'Requirements_Summary___CWMD_AWS_Technical_Services.docx', 'DHS CWMD AWS Technical Services Market Research Response.docx', 'DHS AWS Technical Services RFI Response draft v1.docx', 'DHS CX-UX RFI Customer Service Director Contact Information.pdf', 'DHS_CXD___CX_UX_Professional_Services___Market_Research.pdf', 'DHS_CX_UX_Task_Order_Summary.pdf', 'DHS - Customer Experience Directorate - CX and UX Professional Services Market Research - Mobomo Capabilities .docx', 'Form to be filled out online.docx', 'Proposal Cover - DHS UX-UE Market Research.docx', 'DHS - Customer Experience Directorate - CX and UX Professional Services Market Research - Mobomo Capabilities .docx', 'DHS - Customer Experience Directorate - CX and UX Professional Services Market Research - Mobomo Capabilities .pdf', 'DHS CX-UX RFI Submission Confirmation.pdf', 'Draft+SOO+HSIN+Project+Phoenix+%288Apr22%29.pdf', 'Mobomo-DHS-HSIN-Market-Research (1).pdf', '.DS_Store', 'DHS HSIN RFI 4222022.docx', 'DHS HSIN RFI 4232022 248PM.docx', 'DHS HSIN RFI 4242022 230PM TMD.docx', 'DHS HSIN RFI FINAL 4252022.pdf', 'DHS HSIN RFI FINAL with Ed update 4252022.docx', 'DHS HSIN RFI FINALK 4252022.docx', 'HSIN SAM.gov.pdf', 'RFI+HSIN+Phoenix+%288Apr22%29.pdf', 'SAM HSIN Project Phoenix.pdf', 'Open_Ended_Questions_for_DHS_GTD_GMM_System_Integration_Market_Research.xlsx', 'RFQ1597980 FEMA GSA eBuy!.pdf', 'System_Integration_PWS_11.22.22___v1.2_RFI.pdf', 'DHS___GTD_GMM_System_Integration___Market_Research.docx', 'FEMA SS Response 12062022 working TMD.docx', 'FEMA SS Response 12062022 working TMD.pdf', 'MBM-Capabilities_compressed.pdf', 'FEMA SS Response.docx', 'FEMA SS Response.pdf', 'ResponseSummary (3).pdf', 'FEMA POC Information_ DHS - GTD GMM System Integration - Market Research - tom.downs@mobomo.com - Mobomo, LLC Mail.mhtml', 'ContractData-20230601-052417.pdf', 'RAPID+RFI_20230209.pdf', 'GPS Modernization RFI.docx', 'GPS.gov+Modernization+Requirements.docx', 'SAM.Gov Announcement.pdf', 'NOAA - GPS.gov Modernization Request for Information - Mobomo Response v2.docx', 'NOAA - GPS.gov Modernization Request for Information - Mobomo Response.docx', 'Proposal Cover Template.docx', 'NOAA - GPS.gov Modernization Request for Information - Mobomo Response.pdf', 'Emails regarding NESDIS RFI from IBSS.pdf', 'PWS+Digital+CX+Modernization+and+User+Engagement+Support+Draft.pdf', 'SSN+NESDIS+Web+Modernization+Effort+11_28_2023.pdf', 'NOAA - NESDIS Sources Sought - Mobomo Capabilities Statement .docx', 'CX Info from Pinkus.docx', 'Mobomo - NOAA Web Modernization Proposal - 2020 with NESDIS .docx', 'NOAA - NESDIS Sources Sought - Mobomo Capabilities Statement v2.docx', 'NOOA - NESDIS Sources Sought - Mobomo Capabilities Statement.docx', 'NOAA - NESDIS Sources Sought - Mobomo Capabilities Statement .docx', 'NOAA - NESDIS Sources Sought - Mobomo Capabilities Statement .pdf', 'Draft PWS Word Version converted from pdf.docx', 'Draft+PWS+NW-WV9906-23-00067.pdf', 'GovWin IQ - 232362 - TSUNAMIGOV REQUIREMENTS VALIDATION WEBSITE REDESIGN AND SOFTWARE DEVELOPMENT TO SUPPORT THE NATIONAL WEATHER SERVICE.pdf', 'Sources Sought_ National Weather Service - Requirements Validation, Website Redesign and Software Development for tsunami.gov (2).pdf', 'NTWS Sources Sought Capabilities and Relevant Experience - Mobomo LLC.docx', 'NTWS Sources Sought Capabilities and Relevant Experience - Mobomo LLC.pdf', 'NTWC Cover.docx', 'NTWS Sources Sought Capabilities and Relevant Experience - Mobomo LLC.docx', 'NTWS Sources Sought Capabilities and Relevant Experience - Mobomo LLC.pdf', 'Draft PWS_OPOG FOIA Case Management System.docx', 'Sources Sought Cover Letter for DOC FOIAonline Case Management System.docx', '12.20.2023+Amended+RFI-23-EUSO-01.pdf', '12.20.2023+Consolidated+Vendor+Questions+and+Government+Responses_RFI-23-EUSO-01.xlsx', '12.20.2023+RFI-23-EUSO-01+Sample+Chart_Exhibit+format.xlsx', 'ITA.docx', '12.20.2023+RFI-23-EUSO-01+Sample+Chart_Exhibit+format - Mobomo.xlsx', 'EUSOS Market Research Survey Response Mobomo.docx', '12.20.2023+RFI-23-EUSO-01+Sample+Chart_Exhibit+format - Mobomo.xlsx', 'EUSOS Market Research Survey Response Mobomo.docx', 'EUSOS Market Research Survey Response Mobomo.pdf', '09.07.2023_RFI-23-EUSO.pdf (2).pdf', '10.03.2023_RFI-23-EUSO_Consolidated_Vendor_Submission_QA.pdf (1).pdf', '12.01.2023_RFI-23-EUSO-01_12.01.2023.pdf (1) (1).pdf', 'GovWin IQ - 191094 - END USER SUPPORT OPERATIONS SUPPORT\xa0(EUSOS).pdf', '221222_RFI+template+V3 (1).docx', '230111_IRSS_Help+Desk_CDRLs.20230106+FINAL+(1).pdf', 'GovWin IQ - 227667 - INFORMATION RESOURCE SUPPORT SYSTEM HELP DESK SERVICES\xa0(IRSS).pdf', 'GovWin IQ - 3476909 - Request for Information for Help Desk Services.pdf', 'IRSS+Help+Desk+PWS.pdf', 'RFI SSN week of jan_16_2023 SP3.docx', 'Air Force IRSS Help Desk - RFI Response.docx', 'Air Force IRSS Help Desk Capabilities Matrix Template.xlsx', 'Copy+of+ODASAP+CMS+Analysis+Requirements+Matrix_V1.xlsx', 'SAM.gov.webloc', 'Adarsh Draft.docx', 'Army RFI Rough Draft v1.docx', 'ODASAP CMS Analysis Requirements Matrix V1 Rough Draft v1.xlsx', 'SAM.gov.url', 'Mobomo_LLC_Informational Response CMS-ACC-APG Content Management Solutions.pdf', 'Mobomo_LLC_ODASAP CMS Analysis Requirements Matrix.xlsx', 'MRAS My Army Post App_Amendment 0003 18JAN_Final.pdf', 'MRAS My Army Post App_Amendment 0003 18JAN_Final (2).pdf', 'Army___My_Army_Post_App___Market_Research.doc.docx', 'Email Regarding Army RFI Submission.pdf', 'My_Army_Post_App_PWS (1).pdf', 'Notes from Call with Army Post RFI Submission 12.20.23.docx', 'Army RFI RFQ1668070 - AMENDMENT 1 Response - Mobomo  .docx', 'Army RFI RFQ1668070 - Mobomo.docx', 'Proposal Cover Template.docx', 'Army RFI RFQ1668070 - AMENDMENT 3 Response - Mobomo.docx', 'Army RFI RFQ1668070 - AMENDMENT 3 Response - Mobomo.pdf', 'Army RFI RFQ1668070 - Mobomo.docx', 'Army RFI RFQ1668070 - Mobomo.pdf', 'Initial RFI Submission ResponseSummary .pdf', 'Army RFI RFQ1668070 - AMENDMENT 3 Response - Mobomo.docx', 'Army RFI RFQ1668070 - AMENDMENT 3 Response - Mobomo.pdf', 'GSA eBuy!.pdf', 'NSEP-IT PWS_draft.1693316058295.docx', 'DLNSEO Sources Sought Mobomo Response draft v1.docx', 'DLNSEO Sources Sought Mobomo Response.docx', 'Proposal Cover DOD conv 1.png', 'Proposal Cover DOD.docx', 'Proposal Cover DOD.pdf', 'DLNSEO Sources Sought Mobomo Response.docx', 'DLNSEO Sources Sought Mobomo Response.pdf', 'PWS Draft - IT Eng Sources Sought (1).pdf', 'Sources Sought (1).pdf', 'NAVSUP RFI Draft v1.docx', 'Proposal Cover Template.docx', 'NAVSUP IT Engineering SSN.pdf', 'NAVSUP RFI Draft v1 (1).docx', 'DRAFT_WEB_PWS_RFI.pdf', 'OSD - DECA Website Refresh Development & Sustainment Solution - MRAS.pdf', 'DeCA Website Refresh - Mobomo Capabilities.docx', 'Proposal Cover.docx', 'DeCA Questionnaire part 1.pdf', 'DeCA Questionnaire part 2.pdf', 'DeCA Website Refresh - Mobomo Capabilities.docx', 'DeCA Website Refresh - Mobomo Capabilities.pdf', 'ResponseSummary (8).pdf', 'DOE_HPS_RFI_ER_RS.pdf', 'GSA eBuy! - RFQ1588111.pdf', 'Link for Submission.docx', 'Dept. of Energy RFI Response draft v1.docx', 'Dept. of Energy RFI Response draft v2.docx', 'Dept. of Energy RFI Response draft v2.pdf', 'Dept. of Energy RFI Response Final.pdf', 'RFI052422 - MarkUp.pdf', 'RFI052422+website+refresh.pdf', 'Fermilab RFI Response Rought Draft v1.docx', 'Mobomo_Fermilab Website Refresh RFI Response.pdf', 'RFI-WIOA-State-Plan-Portal-2022.1668115290096 (1).pdf', 'RFQ1594346 RFI Drupal Based Portal Support Services Questions and Answers.1669384661986.docx', 'WIOA-FY23-PWS-DRAFT -11102022.1668115305584.pdf', 'DoED_Compliance Matrix.xlsx', 'DoED_Draft.Template_KN.V1.docx', 'Volume III - PWS Redline - Dept. of Education WOIA Portal RFI Response - upload fail.docx', 'Volume I - Capabilities Statement - Dept. of Education WOIA Portal RFI Response.docx', 'Volume II - Vendor Questions Response - Dept. of Education WOIA Portal RFI Response.docx', 'Volume III - PWS Redline - Dept. of Education WOIA Portal RFI Response.docx', 'epmr-framework-final.pdf', 'Volume I - Capabilities Statement - Dept. of Education WOIA Portal RFI Response.docx', 'Volume II - Vendor Questions Response - Dept. of Education WOIA Portal RFI Response.docx', 'Volume III - PWS Redline - Dept. of Education WOIA Portal RFI Response.docx', '2022-security-and-privacy-requirements-for-information-technology-procurements.1681419767145 (1).pdf', 'DoED PIVOT H GovWin IQ - 223258 - PORTFOLIO OF INTEGRATED VALUE ORIENTED TECHNOLOGIES HOSTING PIVOT H\xa0(PIVOT-H).pdf', 'DoED PIVOT H SAM.gov.pdf', 'PIVOT-H_PWS_Recompete_20230412.1681419771704 (1).docx', 'RFI-ED-OCIO-ETS-FY23-0_PIVOT HOSTING 20230412.1681419756184 (1).xlsx', 'Dept. of Education PIVOT H Recompete Capabilities Statement.docx', 'Dept. of Education PIVOT H Shred v2.docx', 'Dept. of Education PIVOT H Shred.docx', 'Dept. of Education PIVOT H Recompete Capabilities Statement - Mobomo, LLC.docx', 'Dept. of Education PIVOT H Recompete Capabilities Statement - Mobomo, LLC.pdf', 'Sources_Sought_Announcement_140L0124Q0002_1_1 (1).docx', 'DOI BLM SS Marketing and Digital Media Market Research.docx', 'DOL BLM SS DRAFT2.docx', 'DOL_BLM _Sources_Sought_DRAFT.docx', 'AutoRecovery save of BLM Cover.docx', 'BLM Cover.docx', 'DOI_DOI_IBC_PaaS_CMS_Migration.docx', 'DOI_IBC_PaaS_Drugal_CMS_PWS (2).pdf', 'DOI_IBC_PaaS_Drugal_CMS_PWS Markup.pdf', 'Department of Interior IBC PaaS CMS v2.docx', 'Department of Interior IBC PaaS CMS.docx', 'Department of Interior IBC PaaS CMS RFQ1595685 Response - Mobomo LLC.docx', 'Department of Interior IBC PaaS CMS RFQ1595685 Response - Mobomo LLC.pdf', 'ResponseSummary (2).pdf', 'DOI___DOI_IBC_Drupal_PaaS_Support___Market_Research.doc.docx', 'FY23_DOI_IBC_Drupal_SOW__1_ (2).pdf', 'Department of Interior IBC PaaS CMS .docx', 'DOI IBC PaaS CMS Cover conv 1.png', 'DOI IBC PaaS CMS Cover.docx', 'DOI IBC PaaS CMS Cover.pdf', 'Mobomo NDA - Standard DOI IBC PaaS NOVA Dine.docx', 'Mobomo NDA - Standard DOI IBC PaaS NOVA Dine_FE.pdf', 'Mobomo NDA - Standard DOI IBC PaaS NOVA Dine_PE.pdf', 'Department of Interior IBC PaaS CMS - Mobomo.docx', 'Department of Interior IBC PaaS CMS - Mobomo.pdf', 'ResponseSummary (5).pdf', 'DOI___IBC_PaaS_Cloud_Services___MRAS.pdf', 'FY23_DOI_IBC_Drupal_SOW.pdf', 'POC Information_ DOI - IBC PaaS Cloud Services - MRAS.pdf', 'Department of Interior IBC PaaS CMS - Team Mobomo Capabilities .pdf', 'Department of Interior IBC PaaS CMS .docx', 'Mobomo NDA - Standard DOI IBC PaaS NOVA Dine.docx', 'Mobomo NDA - Standard DOI IBC PaaS NOVA Dine_FE.pdf', 'Mobomo NDA - Standard DOI IBC PaaS NOVA Dine_PE.pdf', 'Department of Interior IBC PaaS CMS - Team Mobomo Capabilities.pdf', 'Department of Interior IBC PaaS CMS .docx', 'IBC PaaS CMS - Submission Confirmation.pdf', 'ResponseSummary (1).pdf', 'My DOI Career Application Development and Maintenance.1681827564093 (2).docx', 'RFI Instructions.1681827555392 - markup.pdf', 'RFI Instructions.1681827555392.pdf', 'OHC SHRED.docx', 'A01 SOW-Drupal Website Developer.1667236243155 Copy.pdf', 'Instructions for submission.docx', 'DOJ DEA O&M RFI.docx', 'DOJ DEA O&M RFI.pdf', 'DEA Pricing Worksheet.xlsx', 'DOJ DEA O&M RFI Final 1142022.docx', '1605TA-24-N-00001-EBuy.1702504000225.pdf', 'GSA eBuy! DOL Website.pdf', 'DOL.gov Web Services - accessibility testing version.docx', 'DOL.gov Web Services.docx', 'Proposal Cover Page DOL RFI.docx', 'DOL.gov Web Services 12192023.pdf', 'DOL.gov Web Services GSA 12202023.docx', 'DOL.gov Web Services GSA 12202023.pdf', 'ResponseSummary (6).pdf', 'IT_Services_SOW .docx', 'ITA PP DOL RFI 10252022.docx', 'DOL RFI 10282022.pdf', 'ResponseSummary.pdf', 'Draft+Procurement+Forecasting+Tool+SOO.pdf', 'RFI+Response+Template+Forecasting+Tool.docx', 'SAM.gov.url', 'RFI+Response+Template+Forecasting+Tool.docx', 'DOS RFI Pricing.xlsx', 'Mobomo_LLC Response - RFI+Response+Template+Forecasting+Tool.pdf', 'ETDD at EPA Requirements Gathering - Capabilities and Relevant Experience - Mobomo LLC.docx', 'ETDD at EPA Requirements Gathering - Capabilities and Relevant Experience - Mobomo LLC.pdf', 'ResponseSummary (2).pdf', 'FDIC - market-research - solicitation.docx', 'Federal Deposit Insurance Corporation - Market Research - Mobomo Response.docx', 'Federal Deposit Insurance Corporation - Market Research - Mobomo Response.pdf', 'FDIC LoE Base and option O&M.xlsx', 'Proposal Cover FDIC conv 1.png', 'Proposal Cover FDIC.docx', 'Federal Deposit Insurance Corporation - Market Research - Mobomo Response.docx', 'Federal Deposit Insurance Corporation - Market Research - Mobomo Response.pdf', 'FLRA___Agency_Website_FLRAgov_Update___Market_Research.pdf', 'SOW_for_FLRA.gov_REV.docx', 'Federal Labor Relations Authority Agency - RFI Capabilities Statement and Relevant Experience.docx', 'Federal Labor Relations Authority Agency - RFI Capabilities Statement and Relevant Experience.docx', 'FLRA Shred.docx', 'Federal Labor Relations Authority Agency - RFI Capabilities Statement and Relevant Experience.docx', 'FLRA Cover conv 1.png', 'FLRA Cover.docx', 'FLRA Cover2 conv 1.png', 'FLRA Cover2.pdf', 'Federal Labor Relations Authority Agency - RFI Capabilities Statement and Relevant Experience.docx', 'Federal Labor Relations Authority Agency - RFI Capabilities Statement and Relevant Experience.pdf', 'Response Received_ FLRA - Agency Website (FLRA.gov) Update - MRAS - tom.downs@mobomo.com - Mobomo, LLC Mail.pdf', 'ResponseSummary (4).pdf', 'FTC Sources Sought Email.pdf', 'Pricing work up for FTC ROM.xlsx', 'FTC Website Design Sources Sought.docx', 'FTC Market Research 4182023.docx', 'FTC Market Research.pdf', 'GSA - TTS RFI.pdf', 'GSA POC for TTS RFI.pdf', 'RFI__1_Questions__posted_2_14_24.pdf', 'GSA - Technology Transformation Services - Market Research - Mobomo Capabilities.docx', 'Proposal Cover Template.docx', 'GSA - Technology Transformation Services - Market Research - Mobomo Capabilities.docx', 'GSA - Technology Transformation Services - Market Research - Mobomo Capabilities.pdf', 'ResponseSummary (7).pdf', 'HUD Modernization SAM Publication with Submission Instructions.pdf', 'PWS+-+Digital+Transformation+Software+Development+and+Operation+and+Maintenance_+(002).docx', '56-9021-23_1301109531+QASP+DRAFT.docx', '56-9021-23_DRAFT+PWS+IT+Services (1).docx', 'N00173-23-RFI-CT03 (1).docx', 'NRL RFI N00173-23-RFI-CT03.docx', 'NRL RFI N00173-23-RFI-CT03 - Mobomo.docx', 'NRL RFI N00173-23-RFI-CT03 - Mobomo.pdf', 'SHRM RFI.pdf', 'SHRM RFI .docx', 'SHRM RFI 11.9.22.docx', 'SHRM RFI 11.9.22.pdf', 'SHRM Pricing.xlsx', 'Society for Human Resources Management Request for Information Response - Mobomo LLC.docx', 'Society for Human Resources Management Request for Information Response - Mobomo LLC.pdf', 'Draft+PWS+for+TXO+CX+Support.docx', 'GovWin IQ - 236073 - TAXPAYER EXPERIENCE OFFICE SERVICES SUPPORT\xa0(TXO).pdf', 'TXO+CX+Support+(RFI).docx', 'IRS - Taxpayer Experience Office - Market Research - Mobomo Response and Capabilities.docx', 'Census+Consumer+Expenditure+OCR+RFI.docx', 'ContractData-20220707-103740.pdf', 'SAM.gov.url', 'Census OCR RFI Response Rough Draft v1.docx', 'Graph-01.png', 'Maximus OCR - Google Drive.url', 'Mobomo Deep Learning and Image processing Approach Review - Google Docs.url', 'Mobomo OCR_ICR Capture and QC.mp4', 'OCR POC - NY Documents.mov', 'OCR Pow-wow (2022-07-22 07-14 GMT-7) - Google Drive.url', 'Vol 5_2. Past Performance Summary.docx - Google Docs.url', 'Mobomo_LLC_Census OCR RFI Informational Response.pdf', 'AMS_LPGMN_LivestockEvalApp_RFI.pdf', 'SAM Notification for USDA Livestock LiDAR RFI.pdf', 'AMS LPGMN RFI -- Response Livestock Evaluation App - Mobomo.docx', 'RFI - Farmers.gov.pdf', 'Road Map Farmers.gov.pdf', 'Farmers.gov RFI Response v.1.docx', 'NIFA_Content_Mgmt_SOW__DRAFT_ (1).pdf', 'USDA___Content_Management_Services___Market_Research.pdf', 'USDA CMS NIFA Shred.docx', 'USDA NIFA CMS Market Research No. 1620744 - Mobomo Response.docx', 'Mobomo NDA - Standard NIFA NOVA-Dine_PE.pdf', 'ResponseSummary.pdf', 'USDA NIFA CMS Market Research No. 1620744 - Mobomo Capabilities Statement.pdf', 'Capability Matrix.xlsx', 'OCX GovWin IQ - 224543 - USDA OFFICE OF CUSTOMER EXPERIENCE CX DESIGN SUPPORT SERVICES\xa0(OCX).pdf', 'RFI+USDA_OCX_Design+Support+Services.pdf', 'RFI+USDA_OCX_Design+Support+Services-2.pdf', 'SOW+-+CX+Design+Support+Services.pdf', 'USDA OCX _QnA Template.xlsx', 'USDA+OCX++QnA+Response+10.21.22.xlsx', 'RFI Response USDA OCX - Mobomo - IB Edits - 103022.docx', 'RFI Response USDA OCX - Mobomo, LLC.docx', 'USDA RFI draft v2.docx', 'Document_Cover_Doc_Cover.png', 'IntelliBridge_LOGO.jpg', 'Mobomo Data Call - IntelliBridge - USDA OCX - CX Design Support Services .docx', 'RFI Response USDA OCX - Mobomo LLC.docx', 'RFI Response USDA OCX - Mobomo LLC.pdf', 'IntelliBridge_USDA_TA__Mobomo_12-8-22_[26]_encrypted_.pdf', 'USDA - OCX Internal Proposal Checklist.xlsx', 'SOO_FS_MRAS_Data_Collection_Dashboard.docx', 'Technical Volume Cover Template.pdf', 'Draft Response for Short Answer Questions.docx', 'Draft Response for Short Answer Questions.pdf', 'RFI Response USDA Secure Rural Schools Database - Mobomo.docx', 'Text Boxes.docx', 'Draft Response for Short Answer Questions.pdf', 'RFI Response USDA Secure Rural Schools Database - Mobomo.docx', 'RFI Response USDA Secure Rural Schools Database - Mobomo.pdf', 'USDA Secure Rural Schools Database confirmation .pdf', 'Attachment 1- WIC RFI Instructions to Contractors.1673299692077.pdf', 'Attachment 2- WIC Digital Services RFI_PWS.1673299694888 (2).pdf', 'Attachment 4- Question and Answers_FINAL.1674244317407.xlsx', 'RFI Response USDA WIC - Mobomo.docx', '36C24E23Q0134.docx', 'P02 MR RFI Attachment A Draft PWS.1690566935597.pdf', 'P02 MR RFI GSA Description.1690566931004.pdf', 'VA CMS Summary 07312023.docx', 'VA NCA Digital Shred_mp.docx', 'VA NCA RFI - Capabilities Statement Mobomo.docx', 'VA NCA RFI v2.docx', 'VA NCA RFI.docx', 'VA NCA RFI v2.docx', 'OS3I-RFI-Embargoed-Until-08102023-0500EST.pdf', 'Attachment 1 - Performance Work Statement[43].docx', 'Attachment 2 - Pricing Schedule Template[32].xlsx', 'Attachment 3 - Past Performance Questionnaire.docx', 'Attachment 4 - Terms and Conditions[71].pdf', 'GSA eBuy! RFQ1671080 (STARS3)[28].pdf', 'NVFEL - Instructions and Evaluation[6].pdf', 'EPA Writeup Task 10 282024 TMD.docx', 'Battlecard for Mobomo.pptx', '89233123QNA000280 Attachment 1 NIMS BPA.SOO 11.16.2022.pdf', '89233123QNA000280 Sol_89233123QNA000280.pdf', 'Attachment 08 Facility Clearance Info Sheet.xlsx', 'Data Call #1_Points of Contact.docx', 'Data Call #2_ Lessons Learned Tech Vol 2&3 .docx', 'Data Call #3_ Stats .docx', 'NIMS_OCI_Team Member.docx', 'SECTION 10 NNS-K-1003.docx', 'ActioNet_-_Mobomo_TA_Mod1_NNSA_NIMS_FE.pdf', 'SECTION 10 NNS-K-1003.docx', '030ADV22R0079 (4).pdf', 'J1 - Agile Software Development IDIQ Labor Categories.xlsx', 'J2 - Quality Assurance Surveillance Plan.docx', 'J3 - Agile Methodology.pdf', 'J4 - Questions 030ADV23R0079.xlsx', 'J5 - Past Performance Questionnaire.docx', 'J6 - Vendor+Questions+and+Answers+Amendment+2.xlsx', '030ADV22R0079+0001.pdf', 'J1+-+Agile+Software+Development+IDIQ+Labor+Categories+-+Amendment+1.xlsx', 'J6+-+Vendor+Questions+and+Answers.xlsx', 'J7+-+Selected+Library+of+Congress+Regulations.pdf', 'US Courts Mod 12-19-2022 SAM.gov.pdf', 'Capabillites Overview for Agile Trailblazers.docx', 'NOAA Fisheries Data Call.docx', 'NOAA Fisheries Web Modernization PP 1.6.23.docx', 'NOAA Fisheries Web Modernization PP.docx', 'Teaming Agreement ATB - Mobomo FE.pdf', 'AgileTrailblazers_J1 - Agile Software Development IDIQ Labor Categories Crosswalk LCATS.xlsx', 'AgileTrailblazers_J1 - Agile Software Development IDIQ Labor Categories Mobomo1102023.xlsx', 'AgileTrailblazers NDA (2022-12-15_17-17 AST).pdf', 'Red_Team_Deltek_GSA_Alliant_3_Webinar_QA_011624.pdf', 'Amend 02-Attachment 1- Instructions to Offerors.pdf', 'Attachment 2- PWS Sustainment Operations BPA.1653585016823.pdf', 'Mobomo - NOAA Fisheries PP - Armedia Response USDA FNS OIT Sustainment BPA Phase 1 (1).docx', 'B02- Attachment 1- FNS OIT Sustainment Operations for Applications RFQ.pdf', 'B02- Attachment 2- FNS OIT Sustainment for Applications PWS.pdf', 'B02- Attachment 3- FNS OIT Sustainment for Applications QASP.pdf', 'B02- Attachment 4 - Clauses and Provisions.pdf', 'B02- Attachment 5 - Vendor Submitted Questions Matrix.xlsx', 'Mobomo Data Call.docx', 'Transition Past Performance FERC for USDA Sustainment.docx', '1305M323QNFFK0059 SF1449.pdf', 'Amendment 0001- 1305M323QNFFK0059 SF30.pdf', 'Attachment A - Performance Work Statement.pdf', 'Attachment B - Pricing Schedule.xlsx', 'Attachment C - Past Performance Questionnaire.pdf', 'Attachment D - Alternative Pricing Schedule.xlsx', 'PWS NMFS Software Develop and Information Management Services (2).pdf', 'Mobomo_Executive Summary_Phase I Volume 1 Sol. 1305M323QNFFK0059_Data Call 6.26.23.docx', 'Mobomo_Phase I Volume 1 Sol. 1305M323QNFFK0059_Data Call - Revised 6.26.23.docx', 'Mobomo_Phase I Volume 1 Sol. 1305M323QNFFK0059_Data Call.docx', 'Mobomo_Staffing Requirements Data Call_Phase I Volume 1 Sol. 1305M323QNFFK0059.docx', 'NMFS S&T Information Management Capability Matrix_COMPANY_NAME_mmddyyyy.xlsx', 'Phase I Volume 1 Sol. 1305M323QNFFK0059_Data Call.docx', 'Attachment C - Past Performance Questionnaire (1).pdf', 'Mobomo_Phase II Volume 2_Past Performance Sol. 1305M323QNFFK0059_Data Call.docx', 'NOAA_NMFS_Application_Dev_AttainX_-_Mobomo_TA_FE.pdf', 'BIS SOW Data Call for Potomac Haven .docx', 'final draft converted to word.docx', 'Potomac_Haven_Response_RFQ_1331L522RFP00082_BIS_Digital_Services_Website_Design (2).pdf', 'Potomac_Haven_Response_RFQ_1331L522RFP00082_BIS_Digital_Services_Website_Design_08_25_2022 (1).pdf', 'Timothy A. Hill Resume.docx', '36C10X24R0026+DRAFT+RFP_IHT2+(2-23).docx', 'Attachment+A+-+VHA+IHT+2.0+Labor+Categories+(2-23).docx', 'Attachment+S2+-+STO2+-+Performance+Work+Statement+(Draft+2-23).docx', '4B_Mobomo_Solutions Engineering & Issue Resolution.docx', '4G_Mobomo_Human Centered Design & Human Sys Svcs.docx', '4P_Mobomo_Application Support.docx', '4W_Mobomo_Agile Development Methodology.docx', 'VHA_IHT 2.0_Data Call 05 PP-Company Name.xlsx', 'VHA_IHT 2.0_Data Call 6_Mobomo.xlsx', 'VHA_IHT 2.0_Data Calls 3&4 SDVOSB_Mobomo (1).xlsx', 'CATTS IDIQ PWS (1).pdf', 'Data Call 2a_CATTS_Experience Matrix_Mobomo.xlsx', 'Data Call 2b_CATTS_Experience Worksheet.docx', 'NOVA-CATTS Data Call 1 - Mobomo POCs & Overview .docx', 'CATTS - ENTERPRISE IT SERVICE DESK SUPPORT_ QAs Worksheet.xlsx', 'DRAFT Attachment 0002 - QASP.pdf', 'DRAFT Attachment A - FY22 Historical Ticketing Information.pdf', 'DRAFT Attachment B - FY23 Historical Ticketing Information.pdf', 'DRAFT PWS Addendum Attachment 1 - Supported Software.pdf', 'DRAFT_Attachment 0001 - PWS - IT Service Desk.pdf', '1._Attachment_1_PWS.pdf', '1._Revised_Attachment_1_PWS.pdf', '2._Attachment_2_Rate_Card.xlsx', '2._Revised__Attachment_2_Rate_Card.xlsx', '3._Revised_Solicitation.pdf', '3._Solicitation_Final.pdf', '1._Revised_Attachment_1_PWS (1).pdf', '2._Revised__Attachment_2_Rate_Card.xlsx', '3._Revised_Solicitation (1).pdf', 'Questions_&_Answers (1).pdf', '1._Attachment_1_PWS.pdf', '2._Attachment_2_Rate_Card.xlsx', '3._Solicitation_Final.pdf', 'GovWin IQ - 183298 - IT CUSTOMER SUPPORT SERVICES.pdf', 'ITA_Call_Center_Services_RFI.docx.docx', 'Questions_&_Answers.pdf', 'DDC_CapabilityMatrix_EnterpriseITServiceDesk-CATTS_Mobomo.xlsx', 'DDC_CapabilityMatrix_EnterpriseITServiceDesk-CATTS_Mobomo.xlsx', '1331L524Q13OS0002.pdf', 'CATTS TO2 CUI CCB Pricing Schedule .xlsx', 'CUI-CCB CATTS TO2 PWS 2023.pdf', 'v2.0_7 NOV 2023_DRAFT DD254_CATTS-OS OCIO_1331L523D13OS00XX.pdf', 'CATTS Forecast Report.xlsx', '001+--+T4NG2+Price+Attachment+Final.xlsx', '002+--+Labor+Category+Descriptions+Final.xlsx', '003+--+Contractors+Progress+Status+and+Management+Report.docx', '004+--+T4NG2+Contract+Performance+Report+for+TM.xlsx', '005+--+T4NG2+Contract+Performance+Report+for+CR.xlsx', '006+--+T4NG2+GFE+Report.xlsx', '008+--+T4NG2+Manpower+Report+-+Task+Order.xlsx', '009+--+Contractor+Staff+Roster+Template.xlsx', '010+--+T4NG2+SB+Report+Final.xlsx', '011+--+T4NG2+Veterans+Employment+Certification+Report+Final.xlsx', '012+--+PrimeOfferor_VE.xlsx', '013+--+Veterans+Employment+Certification.docx', '014+--+PrimeOfferor_SBPC.xlsx', '015+--+T4NG2+Self+Scoring+Worksheet.xlsx', '017+--+Relevant+Experience+Project+(REP)+Template.docx', '018+--+Performance+Risk+Assessment+Questionnaire.docx', '36C10B23R0011_7.docx', 'Compare Docs - 000 - DRAFT RFP_36C10B23R0011_5.docx vs RFP_36C10B23R0011_Final.xlsx', 'RFP_36C10B23R0011_Final.docx', '20230317 T4NG2_REP_Scoring_vMobomo.xlsx', 'Corrections for Lisa 4-22-2023.docx', 'Creek-DDC-JV-Mobomo-REP6.docx', 'Creek-DDC-JV-Mobomo-SD-SSW-REP6-SOW.DELTA2.pdf', '017+--+Relevant+Experience+Project+(REP)+Template (3) (1).docx', '140D0418F0081 Award.pdf', 'Attachment A - SOW 140D0418Q0068 (1).pdf', 'F01 MSF30 140D0418F0081 Mod 11.pdf', 'FPDS-NG _ ICDUSER [ Award ].pdf', 'ITA ENG - Puppet OIP Process.docx', '017+--+Relevant+Experience+Project+(REP)+Template (3) (1) TMD edits 041523.docx', 'CREEK-DDC-JV-DVU-SD-SSW-REP9-JV TG Signed.pdf', 'CT-DVUnited_T4NG2_NDA_Apr23.docx', 'CT-DVUnited_T4NG2_NDA_FE_Apr23.pdf', 'CTDDC-DVUNITED_TA_T4NG2_draft.docx', 'CTDDC-DVUNITED_TA_T4NG2_FE_Apr23.pdf', '017+--+Relevant+Experience+Project+(REP)+Template (3) (1) TMD edits 041523.docx', '017+--+Relevant+Experience+Project+(REP)+Template (3) (1).docx', '140D0418F0081 Award.pdf', '140D0418F0081 Mod 05, Executed.pdf', 'Attachment A - SOW 140D0418Q0068.pdf', 'CREEK-DDC-JV-DVU-SD-SSW-REP9 Rev TMD.docx', 'CREEK-DDC-JV-DVU-SD-SSW-REP9-JV.docx', 'F01 MSF30 140D0418F0081 Mod 11.pdf', 'FPDS-NG _ ICDUSER [ Award ].pdf', 'ITA ENG - Puppet OIP Process.docx', '017+--+Relevant+Experience+Project+(REP)+Template Mobomo NOAA.docx', '1305M220QNFFK0252.1595542476401.docx', '20FNFFK0331 P21002 FE.pdf', 'Attachment A - Statement of Work.WebMod.pdf.docx', 'Creek-DDC-JV-MO-SD-SSW-REP6-CPAR.pdf', 'FPDS-NG _ ICDUSER  MAC[ Award ].pdf', 'FPDS-NG _ ICDUSER [ Award ].pdf', 'NOAA FIsheries 2018-2019.pdf', 'T4NG2 Clarification Letter.pdf', 'Attachment 1_Statement of Objectives_SOO_Amendment 0001.1673537751488.pdf', 'Attachment 2_RFQ Question Submission Form.1670874550415 (1).xlsx', 'EPIC Data Call_Mobomo.docx', 'Final RFP 12.12.2022_Attachment 1_Statement of Objectives_SOO.1670874438824.docx', 'Final RFP 12.12.2022_Attachment 1_Statement of Objectives_SOO.1670874442020.pdf', 'Final RFP 12.12.2022_Attachment 2_RFQ Question Submission Form.1670874550415 (1).xlsx', 'Final RFP 12.12.2022_Attachment 3_Security Requirements.1670874578613.pdf', 'Final RFP 12.12.2022_Attachment 4_EPIC Pool 1 Pricing Spreadsheet.1670874586380.xlsx', 'Final RFP 12.12.2022_Attachment 5_EPIC Pool 2 Pricing Spreadsheet.1670874596333.xlsx', 'Final RFP 12.12.2022_Attachment 6_Draft RFQ.1670874614495 (2).pdf', 'Final RFP 12.12.2022_Attachment 7_Draft RFQ Industry Questions and Answers.1670874627663.pdf', 'Final RFP 12.12.2022_Attachment 8_EPIC Pool 1 - Phase 1 Questions.1670874644360.docx', 'Final RFP 12.12.2022_Attachment 9_EPIC Pool 2 - Phase 1 Questions.1670874648097.docx', 'Final RFP 12.12.2022_EPIC RFQ No. 70SBUR23Q00000009.1670875307856 (1).pdf', 'Proposal Kick-Off Slides EPIC.pptx', 'Pinkus.docx', 'Proposal Kick-Off Slides EPIC.pptx', 'TA_Dev_Technology-USCIS EPIC 12.12.2022.pdf', 'Tom.docx', 'USCIS EPIC_Mobomo Price Template 3282023.xlsx', 'USCIS EPIC_Mobomo Price Template OUR PRICING PRIOR TO DISCOUNT.xlsx', 'USCIS HCD.docx', 'Attachment+J-1_SWIFT+Pricing+Template.xlsx', 'Attachment+J-2_SWIFT+Performance+Work+Statement.pdf', 'Attachment+J-5_SWIFT+Quality+Assurance+Surveillance+Plan.pdf', 'Attachment+J-7_SWIFT+LCAT+Descriptions.pdf', 'Attachment+J-8_SWIFT+Task+Order+1.pdf', 'Attachment+J-9_SWIFT+Ordering+Guide.pdf', 'Dev SWIFT Kickoff notes 10122022.docx', 'Dev SWIFT Kickoff Slides 01102022.docx', 'Dev Technology SubK SWIFT Collaborative Services.docx', 'Dev Technology SWIFT SubK - Attachment A - SOW.pdf', 'Dev Technology SWIFT SubK - Attachment B - Prime Flow Dows.pdf', 'Dev Technology SWIFT SubK - Attachment C - Labor Categories.pdf', 'Dev Technology SWIFT SubK - Attachment D - Quality Assurance Surveillance Plan (QASP).pdf', 'GovWin IQ - 206965 - SCALABLE WAYS TO INITIATE FLEXIBLE TASKS\xa0(SWIFT).pdf', 'ICE SWIFT GovWin IQ - 112 - OFFICE OF PR.pdf', 'ICE SWIFT GovWin IQ.pdf', 'SWIFT April 27 2022 update.pdf', 'SWIFT Forecast Record _ Acquisition Planning Forecast System.pdf', 'SWIFT SAM.gov.pdf', 'SWIFT+ICE+Industry+Day+Nov10+2021.pdf', 'SWIFT+Industry+Day+List+of+Attendees.pdf', 'SWIFT+LCAT+Descriptions+_Attachment+J-8_011922v1.pdf', 'SWIFT+PWS+DRAFT.pdf', 'SWIFT+PWS_Attachment+J-2_011922.pdf', 'SWIFT+QASP_Attachment+J-5_011922v1.pdf', 'SWIFT_Attachment J-6 Questions 01242022.xlsx', 'SWIFT_Attachment+J-6.xlsx', 'SWIFT_Data Call Mobomo 01312022.docx', 'SWIFT_SBPP_Attachment+J-4.docx', 'TA_Mobomo_12.13.21_FE (1).pdf', '2.2.1-TORP Attachment 1_Letter to Offerors_06.02.23.pdf', '2.2.1-TORP Attachment 2_Terms and Conditions_06.01.23.pdf', '2.2.1-TORP Attachment 3_PWS_06.02.23.pdf', 'ICE SWIFT (Collab) - Non-Citizen Portal - Pricing Data Call #1 - Mobomo (1).xlsx', 'NDTC Orals Slides.pptx', 'SWIFT DRAFT PWS Template - NDTC (1).docx', 'A01_SMART_Performance_Work_Statement_Ver_1._01.09.24_RFI_Draft_USDA.pdf', 'USDA DISC SMART_DVUnited CapMatrix.xlsx', 'GDIT - Mobomo modernization examples.docx', 'GDIT RFI MARKET SURVEY_BEAGLE II.docx', 'MOBOMO_NDA_10543_CBP-BEAGLE_FE.pdf', 'Draft+Agile+BPA+PWS+v2.docx', 'IRS DSS Data Call 001_v1.docx', 'IRS DSS Data Call 002_v1.docx', 'Attachment 6 Pricing Template.1629382621598.xlsx', 'Draft+Agile+BPA+PWS+v2.docx', 'IRS Digital Support Services  2.19.22.docx', 'IRS DSS Data Call 001.docx', 'IRS DSS Data Call 002.docx', 'Mobomo Inc._NDA_USDT IRS DSS_FE.pdf', 'Mobomo LLC_TA_USDT IRS DSS_FE.pdf', 'Attachment J-1 ECOS SOO Draft Nov 2023 (1).pdf', 'Attachment J-1 ECOS SOO Draft Nov 2023.pdf', 'Attachment J-10 WETG HCD Handbook.pdf', 'Attachment J-11 WETG Data Architecture Handbook.pdf', 'Attachment J-5 - 508 Evaluation Template.docx', 'Attachment J-8 - WETG Agile Handbook.pdf', 'Attachment J-9 WETG DevOps Handbook.pdf', 'ECOS Solicitation Draft.pdf', 'RFQ-CMS-2024-240334 ECOS Final[1].pdf', 'ECOS_Data Call#1.xlsx', 'Mobomo Corporate Information.docx', 'Past Experience Response Mobomo - MBN.docx', 'Past Experience Response Mobomo - NOAA Fisheries.docx', 'Past Experience Response Template.docx', 'ECOS_GSA_CTA_Mobomo_Final.pdf', 'GPS Modernization RFI.docx', 'GPS.gov+Modernization+Requirements.docx', 'SAM.Gov Announcement.pdf', 'NOAA - GPS.gov Modernization Request for Information - Mobomo Response.docx', 'Proposal Cover Template.docx', 'Amendment 1 - RFQ NW-WV9906-23-00067.pdf', 'Appendix A - Tsunami Website Functional Requirements Doc 2.1 - redline Changes 8_15_2023.docx.pdf', 'Appendix A - Tsunami Website Functional Requirements Doc 2.0.pdf', 'Attachment 2  - Price Evaluation Spreadsheet NW-WV9906-23-00067 (1).xlsx', 'Questions NW-WV9906-23-00067.pdf', 'RFQ NW-WV9906-23-00067.pdf', 'NOAA NWS Tsunami Website Redesign and Software Development Capability Matrix_Mobomo.xlsx', 'Question 1 and 3 for Tsunami Website.docx', 'Question 2 generic content we can contribute - Tsunami.gov.docx', 'Questions for NOAA-NIMITS-NTWC RFP 8.11.23.xlsx', 'NTWS Sources Sought Capabilities and Relevant Experience - Mobomo LLC.pdf', 'Question 3 for Tsunami Website.docx', 'IBSS - Phase One - Factor 1 - NW-WV9906-23-00067 .docx', 'PPT - Orals - Phase II draft.pptx', '1305M323QNFFK0059 SF1449.pdf', 'Attachment A - Performance Work Statement.pdf', 'Attachment B - Pricing Schedule.xlsx', 'Attachment C - Past Performance Questionnaire.pdf', 'Attachment D - Alternative Pricing Schedule.xlsx', 'PWS NMFS Software Develop and Information Management Services (2).pdf', 'Mobomo_Phase I Volume 1 Sol. 1305M323QNFFK0059_Data Call.docx', 'NMFS S&T Information Management Capability Matrix_COMPANY_NAME_mmddyyyy.xlsx', 'Phase I Volume 1 Sol. 1305M323QNFFK0059_Data Call.docx', 'Data Call L-11-2-3 Mission Commitment.docx', 'Modified - DRAFT RFP - Att. J-4 - Mobomo.xlsm', 'Partner Data Call #1 - Mobomo .docx', 'PWS NMFS Software Develop and Information Management Services.pdf', 'Request for Sources Sought Announcement (1).pdf', 'IBSS Data Call.docx', '36C10B24R0005 SPRUCE - FINAL to post.pdf', '36C10B24R0005_1.docx', 'Attachment 001 - Price Evaluation Spreadsheet.xlsx', 'Attachment 002 - TM Labor Hour Status Report.xlsx', '36C10B23Q0225 A0001 v1.pdf', '36C10B23Q0225_1.docx', '36C10B23Q0225_3.docx', '36C10B23Q0225_4.docx', 'Draft SPRUCE PWS Capability Assessment Matrix-Mobomo.xlsx', 'Request+For+Information_SPRUCE+extension.docx', 'SPRUCE GovWin IQ - 230782 - VA SECURE PERFORMANT RELIABLE AND USER CENTERED EXPERIENCES IDIQ\xa0(SPRUCE).pdf', 'SPRUCE PWS v1.pdf', 'SPRUCE+PWS+-+DRAFT.pdf', 'Draft SPRUCE PWS Capability Assessment Matrix Combined.xlsx', 'NOTES from Kickoff.docx', 'TA TekFive_Mobomo VA SPRUCE 17June2023) FE.pdf', 'NDA_Mobomo_VA_SPRUCE_20231212_FE.pdf', 'SPRUCE Technical Challenge Quote.pdf', 'TA PRIME_Mobomo_VA SPRUCE_20231212_FE.pdf', '36C10G23R0007 - DA01--Office of Connected Care (OCC) Connected Care Integrated Network (CCIN)[55].eml', '36C10G23R0007.docx', 'Attachment A - Past Performance References.pdf', 'Attachment B - Past Performance Questionnaire.pdf', 'Attachment D B Table for Offerors_CCIN.xlsx', 'Attachment E CCIN Questions and Answers.xlsx', 'Attachment F QASP_13JAN23.docx', 'Attachment G Sample Task Order PWS.docx', 'Attachment H Contract Deliverables_OCCHD Sample TO.docx', 'Attachment+C+PWS_CCIN_FINAL+25JAN22.docx', 'Cisco BNJ Final_redact_Redacted.pdf', 'GlobalMed BNJ Final_redact_Redacted.pdf', 'PureWeb BNJ Final_redact_Redacted.pdf', 'PWS Attach 1 Background_CCIN_14SEP22.docx', 'PWS Attach 10 Current COTS Software_CCIN 13OCT22.docx', 'PWS Attach 2 VHA Technical Stack_CCIN_23JAN22.docx', 'PWS Attach 3 Product List CCIN_4JAN23.xlsx', 'PWS Attach 4 Base Contract Deliverables_CCIN_5Jan23.docx', 'PWS Attach 5 Current OCC Warehouse Inventory_CCIN_8DEC22.xlsx', 'PWS Attach 6 Products Available on Current Contract CCIN.xlsx', 'PWS Attach 7 Software Licenses and Maintenances Agreements_CCIN 23JAN22.xlsx', 'PWS Attach 8 Current Atlas SItes Requiring Support_CCIN 17NOV22.xlsx', 'PWS Attach 9 Current OCCHD Supported Technologies and SLAs_CCIN 25JAN22.docx', '02-Partner Spotlight Data Call.docx', 'Questions and Answers_CCIN RFP - Mobomo.xlsx', 'Root PP file content to be distilled down for 02-Partner Spotlight Data Call.docx', 'Draft Performance Work Statement.1666877122517.doc', 'HUD RFI instructions.docx', 'ITDC HUD RFI Response Template.docx', 'HUD ITDC pricing.xlsx', 'ITDC HUD RFI Response - Web Design and CX.docx', 'ITDC SBA NWBC.gov Modernization Capabilities Statement.pdf', 'SBA_NWBC_SOO_for_RFI_Final.docx', 'Attachment J-1 SOO Medicaid.gov Website Development Support-Clean (1).pdf', 'Attachment J-2 - Proposal Instructions (1).pdf', 'Attachment J-3 TORP Letter 2 (1).pdf', 'Attachment J-7 Question and Answer 02.13.2020 (1).xlsx', 'CMCS Medicaid_gov - storyboard and past performance outline (1).docx', 'Macannie- Mobomo Mutual NDA 10-2022 (2).docx', 'Macannie- Mobomo Mutual NDA 10-2022 FE.docx', 'Macannie-Mobomo Teaming Agreement for CMCS Web 11-2022.docx', 'Mobomo_Mcannie_UX_Discovery_11_10_22.pdf', 'Mobomo_Mcannie_UX_Discovery_11_10_22.pptx', 'Team Mcannie_Mobomo UX_Discovery for CMCS.pdf', 'CMS - Technical Proposal - draft based on prior SOO.docx', "Joe's Notes for CMCS Medicaid_gov - storyboard notes and past performance outline.docx", 'OCI Questionnaire ACTS v1 FE.pdf', 'ACTS_SubK_Rate_Request_Mobomo.xlsx', 'Attach_2_ ACTS DRFP LCATs_20220324.pdf', 'Data Call 2 - ACTS Staffing_COMPANY NAME.docx', 'Data Call 2 - ACTS Staffing_Mobomo.docx', 'Peraton ACTS Rates justification crosswalk.xlsx', 'Peraton ACTS SubK Rate Request_COMPANY NAME.xlsx', 'Peraton ACTS SubK Rate Request_Mobomo.xlsx', 'Peraton ACTS Rates justification crosswalk 12262022.xlsx', 'OCI Questionnaire ACTS.pdf', 'Summit-Mobomo_NDA_POLARIS FE 09302022.pdf', 'Summit_-_Mobomo_POLARIS_HUBZone_PE_09302022.pdf', 'COMET II BPA Synopsis.1694114079432 (1).pdf', 'COMET II Industry Day Presentation Slides.1695934277007 (2).pdf', 'COMET II QA 2023-12-20.1703086197871.pdf', 'Draft - COMET BPA QASP.1702655922178.pdf', 'Draft - COMET II BPA PWS.1702655921467 (1).pdf', 'COMET 2 - Capability Gap Analysis - Mobomo.xlsx', 'COMET II Past Performance Dec2023_RFI(first)_criteria - Teammates.xlsx', 'COMET2 RFI Response - Sub Team - Mobomo.docx', 'COMET2 RFI Response - Sub Team.docx', 'Goonies Blackhat - Partner Discussion.pptx', 'COMET2 RFI Response - Sub Team - Mobomo.docx', 'COMET 2 Teaming TA Framework.xlsx', 'TA - COMET2 - Mobomo FE 01.02.23.pdf', 'Goonies Blackhat - Partner Discussion - Downs.pptx', 'Mobomo Cover Letter Template.docx', 'SMD Web Support - 2025.docx', 'NCAPS Question Template .xlsx', 'NCAPS+Draft+PWS.docx', 'AAO+Program+Increment.pdf', 'Agency+Background+and+Historical.pdf', 'ATT+B+-+DRDs (1).pdf', 'ATT+C+-+Wage+Determinations (1).pdf', 'ATT+D+-+Applicable+Documents+List.pdf', 'ATT+E+-+SHE+Plan.pdf', 'ATT+F+-++Organizational+Conflict+of+Interest+(OCI)+Plan.pdf', 'ATT+G+-+Acronyms+Terms+and+Definitions.pdf', 'ATT+H+-+Phase-in+Plan.pdf', 'ATT+I+-+Service+Catalog+Pricing+Matrix.pdf', 'ATT+J+-+Fixed+Price+Story+Point+Process.pdf', 'ATT+K+-+Application+Support+Levels.pdf', 'ATT+L+-+Service+Catalog+Descriptions.pdf', 'ATT+M+-+Service+Delivery+Standards+and+Metrics.pdf', 'ATT+N+-+IT+Security+Management+Plan.pdf', 'ATT+O+-+Contract+Management+Plan.pdf', 'ATT+P+-+Deliverable+Products+and+Services+(DPS).pdf', 'ATT+Q+-+Attachment+1+to+DD+Form+254.pdf', 'ATT+Q+-+DD+Form+254+Cover.pdf', 'ATT+Q+-+DD+Form+254.pdf', 'ATT+R+-+CATS+-+iSite+Contractor+On-boarding+Guide.pdf', 'ATT+S+-+Application+Inventory.pdf', 'ATT+U+-+Labor+Category+Position+Descriptions.pdf', 'ATT+V+-+SB+Subcontracting+Plan.pdf', 'ATT+W+-+Financial+Management+Reporting.pdf', 'ATT+Y+-+NCAPS+Contract+Demarks.pdf', 'Center+Background+and+Historical.pdf', 'cover letter.pdf', 'Enclosure+1+-+Quality+Assurance+Surveillance+Plan.pdf', 'Enclosure+2+-+KnowledgeArticleTemplate.pdf', 'Enclosure+3+-+IT+Security+Management+Plan+Template.pdf', 'Exhibit+1-NCAPS+Pricing+Matrix.xlsx', 'Exhibit+2+Small+Business+Subcontracting+Plan+Goals.xlsx', 'Exhibit+3+-+Past+Performance+Questionnaire.pdf', 'Historical+IT+WYEs.pdf', 'Internal+NASA+Documents.pdf', 'PWS.pdf', 'RFP.pdf', 'ATT+A+-+Performance+Work+Statement.pdf', 'ATT+C+-+Wage+Determinations.pdf', 'ATT+U+-+Labor+Category+Position+Descriptions.pdf', 'FAR Clauses - Non-Commercial (Rev 2022-10-03).docx', 'NCAPS_Sub Rate Request_MOBOMO.xlsx', 'NFS Clauses - Non-Commercial (Rev 2020-11-09).docx', 'Property Questionnaire (Rev 2021-04-27).docx', 'Representation Regarding Covered Telecommunications Equipment and Services - Solicitation (2020-12-07).docx', 'Reps  Certs - Part C CAS (Rev 2021-09-15).docx', 'Reps  Certs - Part D OCI_NCAPS.docx', 'Reps  Certs - Part G Accounting System Adequacy (Rev 2019-08-03).docx', 'Reps  Certs - Part H Executive Compensation Reporting (Rev 2022-05-18).docx', 'Reps  Certs - Part J Min Labor Quals (Rev 2019-08-03).docx', 'Reps  Certs - Part K Commercial Products and Commercial Services (Rev 2022-04-18).docx', 'Reps  Certs - Part L Combating Trafficking in Persons (Rev 2020-11-09).docx', 'Reps  Certs - Part M Business Size (Rev 2023-01-20).docx', 'Reps  Certs - Part M Business Size (Rev 2023-01-20).pdf', 'Reps  Certs - Part N Compliance with Cybersecurity Requirements (Rev 2021-05-31).docx', 'SAIC Supplier Code of Conduct.pdf', 'Subcontract Agreement - FAR (Rev 2022-06-16).docx', 'Subcontractor Request for Proposal_NCAPS.pdf', 'TCP Salary Ranges.xlsx', 'NCAPS_Sub Rate Request_MOBOMO (1).xlsx', 'Property Questionnaire (Rev 2021-04-27).docx', 'Representation Regarding Covered Telecommunications Equipment and Services - Solicitation (2020-12-07).docx', 'Reps  Certs - Part D OCI_NCAPS - REVISED  AND SENT 4.3.23.pdf', 'Reps__Certs_-_Part_C_CAS__Rev_2021-09-15_.pdf', 'Reps__Certs_-_Part_D_OCI_NCAPS.pdf', 'Reps__Certs_-_Part_G_Accounting_System_Adequacy__Rev_2019-08-03_.pdf', 'Reps__Certs_-_Part_H_Executive_Compensation_Reporting__Rev_2022-05-18_.pdf', 'Reps__Certs_-_Part_J_Min_Labor_Quals__Rev_2019-08-03_.pdf', 'Reps__Certs_-_Part_K_Commercial_Products_and_Commercial_Services__Rev_2022-04-18_.pdf', 'Reps__Certs_-_Part_L_Combating_Trafficking_in_Persons__Rev_2020-11-09_.pdf', 'Reps__Certs_-_Part_M_Business_Size__Rev_2023-01-20_.pdf', 'Reps__Certs_-_Part_N_Compliance_with_Cybersecurity_Requirements__Rev_2021-05-31_.pdf', 'SAIC RFP 80TECH23R0002 Cover Letter - Mobomo, LLC.docx', 'SAIC RFP 80TECH23R0002 Cover Letter - Mobomo, LLC.pdf', 'NCAPS_Sub Rate Request_MOBOMO revised 4182023.xlsx', 'Vol II_Att C_Sub TCP_MOBOMO Revision 4182023.docx', 'NCAPS_Sub Rate Request_MOBOMO revised 4182023 (1).xlsx', 'NCAPS_Sub Rate Request_MOBOMO revised 4182023.xlsx', 'NCAPS_Sub Rate Request_MOBOMO.xlsx', 'Reps  Certs - Part D OCI_NCAPS_Rev MOBOMO - REVISED AND RESENT 4.4.23.docx', 'Reps  Certs - Part D OCI_NCAPS_Rev MOBOMO - REVISED AND RESENT 4.4.23.pdf', 'Reps  Certs - Part M Business Size (Rev 2023-01-20) Mobomo.pdf', 'SAIC-Mobomo-80TECH23R0002-MS Volume-Att C TCP -----TABLE FIXED.docx', 'SAIC-Mobomo-80TECH23R0002-MS Volume-Att C TCP -----TABLE FIXED.pdf', 'SAIC-Mobomo-80TECH23R0002-MS Volume-Att C TCP .docx', 'SAIC-Mobomo-80TECH23R0002-MS Volume-Att C TCP .pdf', 'SAIC NCAPS RATES FINAL.xlsx', 'SAIC NCAPS Request AI ML OCR.docx', 'SAIC RFP 80TECH23R0002 Cover Letter - Mobomo, LLC.docx', 'SAIC RFP 80TECH23R0002 Subcontractor Proposal - Mobomo, LLC.docx', 'SAIC RFP Cover Template.docx', 'SAIC-Mobomo-80TECH23R0002-MS Volume-Att C TCP - GR Edits & Comments.docx', 'Vol II_Att C_Sub TCP_MOBOMO Revision 4182023.docx', 'Vol II_Att C_Sub TCP_MOBOMO.docx', 'Capabilities_NCAPS - 1.4.22.xlsx', 'NCAPS Capabilities Mapping.xlsx', 'NCAPS+Industry+Day+Registration.xlsx', 'Notes from Meeting 03-24-23.docx', 'Notes from NCAPS Industry Day 1.24.23.docx', 'NCAPS_Sub Rate Request_MOBOMO v.1.xlsx', 'SAIC NCAPS RATES v2.xlsx', 'Subcontractor T&M Rate Submission_Mobomo.docx', 'TCP Salary Ranges_Rev 2.xlsx', 'SAIC-Mobomo-80TECH23R0002-MS Volume-Att C TCP  (1).docx', 'Subcontractor T&M Rate Submission_Mobomo.pdf', 'NASA SEWP VI - Recent Updates and What to Know.pdf', 'NASA SEWP Compliant Proposal Article.pdf', '36C10B23Q0549.docx', 'LEAF+PWS_Draft.docx', 'LEAF Win Theme Development 9.8.docx', 'LEAF- Additional Info and Metrics for WTs and Callout Boxes.docx', 'IHT 125_EXP Volume_VA Light Electronic Action Framework (LEAF)_Sierra7_v1.0.docx', 'LEAF PWS T4NG-0560 11.17.2020 Amended.docx', 'LEAF recompete_Opportunity Review Slide - Gate 1.pptx', 'LEAF Roadmap.png', 'LEAF Solutioning Session --20231003_135953-Meeting Recording.mp4', 'PastPerf_LEAF.docx', 'Sierra7_Vol I _Summary_LEAF_T4NG-0560.docx', 'Sierra7_Vol II_Technical_CMOP_T4NG-0640 V3 07272022.docx', 'Sierra7_Vol II_Technical_LEAF_T4NG-0560.docx', 'LEAF_Sierra7_RFI_Response_September_13_2023.docx', 'Sierra7 LEAF Pink Team Draft.docx', 'Attachment A - BAA.docx', 'Attachment B - LEAF Backlog Examples.docx', 'Attachment C - LEAF Bug Fixes Examples.docx', 'mpc-hc64_0obJvgVLSU.png', 'mpc-hc64_0zK7Qz14uZ.png', 'mpc-hc64_1ZTHiuwZmv.png', 'mpc-hc64_2NGHHndulY.png', 'mpc-hc64_3BgheLHxn4.png', 'mpc-hc64_5DQsCApxv9.png', 'mpc-hc64_5rB7pdnt0r.png', 'mpc-hc64_6FEqlkI44R.png', 'mpc-hc64_7JmqQt8UKe.png', 'mpc-hc64_82MnUH3hmn.png', 'mpc-hc64_8oXYbWytlL.png', 'mpc-hc64_8wrkMFDW8D.png', 'mpc-hc64_9xrOB6Rmek.png', 'mpc-hc64_AFf1gG9lk0.png', 'mpc-hc64_bPp5o9dz19.png', 'mpc-hc64_bSOMRAWeH5.png', 'mpc-hc64_CaaMh6vZJg.png', 'mpc-hc64_ceb72DHH6C.png', 'mpc-hc64_co7w4RHcbD.png', 'mpc-hc64_D5bSOsPCtj.png', 'mpc-hc64_dKlxTnKkWx.png', 'mpc-hc64_DLpEq53GEa.png', 'mpc-hc64_DPAka7xPjE.png', 'mpc-hc64_DqwkliZG3V.png', 'mpc-hc64_EJFKwmnKaV.png', 'mpc-hc64_fdYhkocbLt.png', 'mpc-hc64_frHy1b2LUu.png', 'mpc-hc64_g7R7pcuRxq.png', 'mpc-hc64_geXptJaRcd.png', 'mpc-hc64_jAsFiiNo6u.png', 'mpc-hc64_jaZRtXDKLs.png', 'mpc-hc64_kGPeEr7wD4.png', 'mpc-hc64_mCoPiguDt9.png', 'mpc-hc64_MzbKce8hhp.png', 'mpc-hc64_nz8utTtpMt.png', 'mpc-hc64_oCCQoNKCuY.png', 'mpc-hc64_OfNqEFYBLb.png', 'mpc-hc64_otC02H5IsJ.png', 'mpc-hc64_Plpc6nzUdp.png', 'mpc-hc64_qEs7aAjDPh.png', 'mpc-hc64_SHQdyw7tfi.png', 'mpc-hc64_tlO2khmYOl.png', 'mpc-hc64_u8jBeSjT4R.png', 'mpc-hc64_UDvJTOxbiL.png', 'mpc-hc64_UXu11BGi22.png', 'mpc-hc64_UZng1GSzcI.png', 'mpc-hc64_V7NlgnDqhE.png', 'mpc-hc64_vQaYO1MRMc.png', 'mpc-hc64_WaS1FpnsPZ.png', 'mpc-hc64_xGhqfTr2tw.png', 'mpc-hc64_xog3DTrBBd.png', 'mpc-hc64_YkDsi2lVIV.png', 'mpc-hc64_ZRxBw1JF7Z.png', 'LEAF Demo.pptx', 'LEAF PWS-Rev.docx', 'LEAF Solutioning Session --20231003_135953-Meeting Recording.mp4', 'Price Schedule_Rev.docx', "QA's T4NG-0713 LEAF (1).docx", 'RTEP T4NG-0713_Rev1.docx', 'VA LEAF UCD Section.docx', 'Pricing Data Call #1 Rate Request- LEAF (Mobomo).xlsx', 'TA-T4NG_Mobomo_LEAF_Recompete_FE.pdf', 'LEAF Response - Gold Team Review draft.pdf', '36C10B23R0029 VEMSIS DRAFT.docx', '36C10B23R0029 0001.docx', '36C10B23R0029 0002.docx', '36C10B23R0029 0003.docx', '36C10B23R0029 0004.docx', 'D.5 - Attachment 005 - VEMSIS Price Schedule Excel Version.xlsx', 'VEMSIS RFP QA 9-12-23 Consolidated.xlsx', 'Attachment 001 - VA SaaS Definition.docx', 'Attachment 002 - Existing VECMS Solutions and Support.docx', 'Attachment 003 - DTC Process - How to Submit a Request to Move a Module to Sustainment.docx', 'Attachment 004 - DTC System Integrator SLAs_KPIs - 08.22.2023.docx', '36C10B23R0029 VEMSIS RFP.docx', 'VEMSIS Questions and Answers from Draft RFP.xlsx', 'VA Enterprise Module and System Integration Services PWS - Draft for RFI.1687793306654 (1).docx', 'VA Enterprise Module _ System Integration Services (VEMSIS) PWS - Draft for RFI.docx', 'VEMSIS GovWin IQ - 231679 - VA ENTERPRISE MODULE SYSTEM INTEGRATION SERVICES VEMSIS PLANNING.pdf', 'VEMSIS SAM.gov.pdf', 'Capabillites Overview for Sierra7.docx', 'Mobomo Corporate Information.docx', 'Mobomo Data Call - VEMSIS - PWS 5.7 UCD.docx', 'Mobomo Past Performance - NOAA Web Modernization and Maintenance Project.docx', 'Mobomo Past Performance - VA Mental Health Check Up App Project.docx', 'Request for Information - VA Enterprise Module and System Integration Services.1687793292013 (2).docx', 'VEMSIS BLANK Data Call #1 - Sierra7.xlsx', 'VEMSIS Rates acceptance _- _9_11_23 - Copy.xlsx', 'Do Not Edit - Sierra7_VEMSIS_VOL I - Technical (Post-Gold).docx', 'TA-Mobomo_Sierra7_VEMSIS_07.25.23_FE.pdf', 'Att 1-Self Scoring  and Document Verification Worksheet ETDTDM11072022.1668112840637.xlsx', 'Att 1-Self Scoring  and Document Verification Worksheet Prof Serv 11072022.1668112794354.xlsx', 'Att 2-CPR ETDTDM 11072022.1668112880786.docx', 'Att 2-CPR ETDTDM 12212022.1671643512468.docx', 'Att 2-CPR Prof Serv 11072022.1668112801160.docx', 'Att 3-Combined CPARS CPRS Worksheet ETDTDM 11072022.1668112889063.xlsx', 'Att 3-Combined CPARS CPRS Worksheet Prof Serv 11072022.1668112815957.xlsx', 'Att 4-Contractor Labor Rates Prof Serv 11072022.1668112821625.xlsx', 'Att 4-Contractor Labor Rates Worksheet ETDTDM 11072022.1668112895004.xlsx', 'Att 5- PWS ESB ETDTDM v2 11072022.1668112930468 (1).pdf', 'Att 5-PWS ESB Prof Serv  20221107 v2.1668112827597 (2).pdf', 'Data Call #2 - CPARS CPRS Worksheet ETDTDM - company name DHS CBP ESB.xlsx', 'ESB Draft RFQ 11102022.1668112771826.pdf', 'Reservation message for ESB 2nd Industry Day CO signed 11102022.1668113170389.pdf', 'Att 1-Self Scoring  and Document Verification Worksheet ETDTDM 12212022.1671643504312.xlsx', 'Att 1-Self Scoring  and Document Verification Worksheet Prof Serv 12212022.1671643431123.xlsx', 'Att 2-CPR Prof Serv 12212022.1671643444434.docx', 'Att 3-Combined CPARS CPRS Worksheet ETDTDM 12212022.1671643526642.xlsx', 'Att 3-Combined CPARS CPRS Worksheet Prof Serv 12212022.1671643452642.xlsx', 'Att 4-Contractor Labor Rates Prof Serv 12212022.1671643460487.xlsx', 'Att 4-Contractor Labor Rates Worksheet ETDTDM 12212022.1671643535662.xlsx', 'Att 5- PWS ESB ETDTDM Final v3 12122022.1671643543078.pdf', 'Att 5-PWS ESB Prof Serv  Final v3 12122022.1671643469081.pdf', 'Att 6 Question Form - Emerging Technology- Questions and Answers.pdf', 'ESB RFQ - A008.pdf', 'ESB RFQ Mod 7 to 8 Changes.docx', 'Att 1-Self Scoring  and Document Verification Worksheet ETDTDM A0002.1676060396961.xlsx', 'Att 1-Self Scoring  and Document Verification Worksheet PROF SERV -A0002.1676060397002.xlsx', 'Att 2-CPR ETDTDM -A0002.1676060397118.docx', 'Att 2-CPR PROF SERV -A0002.1676060397173.docx', 'Att 4-Contractor Labor Rates Prof Serv -A0002.1676060397234.xlsx', 'Att 4-Contractor Labor Rates Worksheet ETDTDM -A0002.1676060397340.xlsx', 'Att 5-SCOPE OF WORK - EMERGING TECH - FINAL.1674243037529.pdf', 'Att 5-SCOPE OF WORK - PROFESSIONAL SERVICES - FINAL.1674242968349.pdf', 'ESB RFQ - A0002.1676060381892.pdf', 'ESB RFQ A001.1674242816828.pdf', 'Requirements Mapping.1674242827876.pdf', 'Confirming PP Details.docx', 'Data Call #1 Relevant Experience - company name DHS CBP ESB.xlsx', 'Data Call #2 - CPARS CPRS Worksheet ETDTDM - company name DHS CBP ESB.xlsx', 'Data Call #5 .docx', 'FERC Task 1 RREP - Mobomo - $3.7M.docx', 'FERC Task 5 RREP - Mobomo - $3.7M.docx', 'FERC Task 1 RREP - Mobomo.docx', 'FERC Task 2 RREP - Mobomo.docx', 'FERC Task 5 RREP - Mobomo.docx', 'NOAA Fisheries Task 1 RREP - Mobomo.docx', 'NOAA Fisheries Task 2 RREP - Mobomo.docx', 'NOAA Fisheries Task 5 RREP - Mobomo.docx', 'FERC Task 2 RREPv2 - Mobomo - $3.7M updated.docx', 'USGS Task 1 RREP - Mobomo - revision.docx', 'USGS Task 2 RREPv2 - Mobomo - $958K updated.docx', 'USGS Task 5 RREP - Mobomo - revision.docx', '062519 final closeout -SF30 for Mod 005 GSA Order GSH1415AA0056 Mobomo - signed.pdf', 'MOBOMO AWARD SF1449.pdf', 'Mobomo Mod 3 - Exercise OY2.pdf', 'Mobomo_Signed SF1449wordpresssigned.pdf', 'MOD 1 - Opt to Exercise OY1 MOBOMO.pdf', 'Mod 2 ID14160235.pdf', 'SF 30 OY1signed.pdf', 'SF 30 OY2.pdf', 'SF 30 OY3signedcosigned12317.pdf', 'USA.gov OY3 PO_47HAA019F0221.pdf', 'USA.gov OY4 - Contract Mod_47HAA019F0221, Mod PS0002 - Mobomo Signed.pdf', 'USAGOV_AWARD  47HAA021F0164__Form.pdf', 'USA.gov rewrite draft G.docx', 'USA.gov Task 1 RREP - Mobomo.docx', 'USA.gov Task 2 RREP - Mobomo.docx', 'USA.gov Task 5 RREP - Mobomo.docx', 'USGS Task 1 RREP - Mobomo.docx', 'USGS Task 2 RREP - Mobomo.docx', 'USGS Task 5 RREP - Mobomo.docx', 'Mobomo Capability Statement.docx', 'ESB RFQ Data Call 3.docx', 'ESB RFQ Data Call 4 Worksheet.xlsx', 'NDA_SimonComputing_CBP_ESB_ Mobomo_FE.pdf', 'NDA_SimonComputing_CBP_ESB_ Mobomo_FE.pdf', '140G0122R0010 FINAL RFQ.pdf', 'Attachment A - Experience Project Data Sheet.docx', 'Attachment B - Past Performance Questionnaire.docx', 'Attachment C -Small Business Participation Commitment Document.docx', 'Attachment D - Non-Disclosure Agreement.docx', 'Attachment D - Sample Task Order Transition - FINAL Copy.pdf', 'Attachment E - Sample Task Order NWIS_WQP - FINAL.pdf', 'Attachment F - Sample Task Order Data Lake - FINAL.pdf', 'Attachment G - Non-Disclosure Agreement (1).docx', 'Attachment H - Subcontracting Plan Model.pdf', 'Attachment I - Questions Spreadsheet.xlsx', 'Attachment J - Quality Assurance Surveillance Plan - FINAL.pdf', 'Attachment K - Supplier Risk Questionnaire.pdf', 'Attachment_G_-_Non-Disclosure_Agreement__1_ - Mobomo LLC - SIGNED.pdf', 'DOI CHS3 Subcontractor RFP 20221115CHS3.docx', 'Attachment A IDIQ Subcontract Template TMD 11232022.docx', 'Attachment A IDIQ Subcontract Template.docx', 'Attachment B Prime Flow Downs.docx', 'Attachment C Subcontractor Price Proposal Template - Hourly Rates .xlsx', 'Exhibit A.1 4-11-01-05 - Reps and Certs.docx', 'Exhibit A.2 4-11-01-17 - Reps and Certs Addendum.docx', 'Exhibit A.3 Supplier Risk Questionnaire.pdf', 'Exhibit A.4 4-03-04-04 - OCI Disclosure.docx', 'Exhibit A.5 Supplier Partner Proposal Compliance Checklist.docx', 'Attachment C Contractor Site - Pricing Template Hourly Rates rev.1.xlsx', 'Attachment E Government Site (Client) - Pricing Template Hourly Rates.xlsx', 'DOI CHS3 Subcontractor RFP 20221115CHS3 Amendment 1.pdf', 'Exhibit A.3 Supplier Risk Questionnaire.pdf', 'Mobomo TA USGS Cloud Hosting Services III.pdf', 'Sol_140G0122R0010_Amd_0005.pdf', 'Partner Data Call #6 - Mobomo.xlsx', 'CHS III - Key Personnel Matrix Data Call (Mobomo).xlsx', 'Data Call #8.xlsx', 'SMX_Red Team Overall Comment Slides_Mobomo.pptx', 'Vol I-Sub Factor A-3 Application, Data Hosting, And Portability_Red Team_Moboo.docx', 'Vol I-Sub Factor A-4 Task Order 2 NWIS_Red Team_Mobomo.docx', 'Vol I-Factor A-3 Application^J Data Hosting^J And Portability_Red 2 Review.docx', 'Vol I-Factor A-4 Task Order 2 NWIS_Red 2 Review (1).docx', 'Attachment B Prime Flow Downs.docx', 'Attachment C Subcontractor Price Proposal Template - Hourly Rates .xlsx', 'Attachment_A_IDIQ_Subcontract_Template_TMD_11232022.pdf', 'Attachment_D_-_Non-Disclosure_Agreement.pdf', 'Exhibit A.3 Supplier Risk Questionnaire .docx', 'Exhibit_A.1_4-11-01-05_-_Reps_and_Certs.pdf', 'Exhibit_A.2_4-11-01-17_-_Reps_and_Certs_Addendum-1.pdf', 'Exhibit_A.4_4-03-04-04_-_OCI_Disclosure.pdf', 'Exhibit_A.5_Supplier_Partner_Proposal_Compliance_Checklist.pdf', 'SMX RFP 20221115CHS3 Response - Mobomo, LLC.pdf', 'SMX RFP 20221115CHS3 Response - Mobomo, LLC.docx', 'SMX RFP 20221115CHS3 Response - Mobomo, LLC.pdf', 'SMX RFP 20221115CHS3 AMENDMENT 1 - Response Cover Letter - Mobomo, LLC.docx', 'Subcontractor RFP AMENDMENT 1 - Attachment C Contractor Site - Pricing Template Hourly Rates - Mobomo LLC.xlsx', 'Subcontractor RFP AMENDMENT 1 - Attachment E Government Site (Client) - Pricing Template Hourly Rates - Mobomo LLC.xlsx', 'Attachment B Prime Flow Downs Rev. 1.docx', 'DOI CHS3 Subcontractor RFP 20221115CHS3 Amendment 2 (1).pdf', 'Exhibit A.5 Supplier Partner Proposal Compliance Checklist (1).docx', 'SMX RFP 20221115CHS3 AMENDMENT 2 - Response Cover Letter - Mobomo, LLC.docx', 'DOI CHS3 Subcontractor RFP 20221115CHS3 Exhibit A.6 - Mobomo LLC.docx', '508 Sections pulled from RFP.pdf', 'Vol I-Factor A-5 Section 508 Standards_NEW TEMPLATE - Edits from Mobomo.docx', '508 Sections Puled from RFP.docx', 'Vol I-Factor A-5 Section 508 Standards_GR In Progress Edits.docx', 'Vol I-Factor A-5 Section 508 Standards_GR.docx', 'Vol I-Factor A-5 Section 508 Standards_NEW TEMPLATE - Edits from Mobomo.docx', 'Vol I-Factor A-5 Section 508 Standards_NEW TEMPLATE.docx', 'VPAT2.4Rev508(March2022).doc', 'VPAT - SMX.doc', 'VPAT2.4RevEU(March2022).doc', 'CHS3 RFP Questions and Answers 20221118.pdf', 'Notes from SMX Meetings.docx', 'Smartronix USGS TA (Final 12-20-21).pdf', 'AR ACH Info.pdf', 'Mobomo_W9_01.2023 (2).pdf', 'Soft TechTerms and Conditions of Purchase (Mobomo 11-13-23).docx', '20231130_MOBOMO_ST_USCIS_RAPID_OPP_NDA FE.pdf', '70RTAC23Q00000023- WCM DRAFT.pdf', 'Attachment 2 - Statement of Work.docx', 'Complete_with_DocuSign_Mobomo_DHS_WCMaaS_TA_.pdf', 'Consolidated_WCM RFQ 70RTAC23Q00000023 (2).pdf', '70RTAC23Q00000023- WCM DRAFT.pdf', 'Attachment 2 - Statement of Work.docx', 'BPA LCAT Qualifications.docx', 'Q&A_70RTAC23Q00000023.xlsx', 'Resumes Template.docx', 'Screenshot 2023-01-09 at 3.30.43 PM.png', 'Screenshot 2023-01-09 at 3.31.07 PM.png', 'WCMaaS - Consolidated RFQ 70RTAC20Q00000005 Amendment 0001 (2) (1).pdf', 'WCMaaS Storyboard 1.5 Drupal.docx', 'WCMaaS Technical Debrief (old).docx', 'WCMaaS Volume I Non-Price Technical Approach Recompete Outline.docx', 'WCMaaS Forecast Record _ Acquisition Planning Forecast System.pdf', 'Acronym Glossary.xlsx', 'DHS ADaPTS TO #70RTAC23Q00000023 - Volume 1 - Technical - TechFlow v3.docx', 'Mobomo Past Performance - DHS WCMaaS Submitted 2.16.23.docx', 'Mobomo Overview Paragraph.docx', 'OLD FILE - DHS ADaPTS .docx', 'WCMaaS Volume I Technical - PREVIOUS CONTENT.docx', 'MBN Content Management Platform Proposal - Final with Intranet v3.pdf', 'Mobomo - NOAA Web Modernization Proposal - 1305M220QNFFK0252.1595542476401.docx', 'NASA Att 1 - Statement of Work - DAN - LOOK FOR YELLOW HIGHLIGHTS.docx', 'NOAA SOW - DAN - LOOK IN THIS DOC - YELLOW HIGHLIGHTS.pdf', 'NOAA Statement of Work - DAN - LOOK FOR YELLOW HIGHLIGHTS.docx', 'ONR Doc Tom provided that gives SLAs on Support.pdf', 'DHS ADaPTS TO #70RTAC23Q00000023 - Volume 1 - Technical - Mobomo Draft Document - File We Will Send Back to TF.docx', 'DHS ADaPTS TO #70RTAC23Q00000023 - Volume 3 - Past Performance - GRETCHEN TO WORK THIS FILE.docx', 'DHS ADaPTS TO #70RTAC23Q00000023 - Volume 1 - Technical - TechFlow - Mobomo Revisions 2.20.23.docx', 'DHS ADaPTS TO #70RTAC23Q00000023 - Volume 3 - Past Performance - Mobomo Revisions 2.20.23.docx', 'DHS ADaPTS TO #70RTAC23Q00000023 - Volume 3 - Past Performance - Mobomo Revisions 2.21.23 .docx', 'Staffing.xlsx', 'Wells-Deron-20230219.docx', "TechFlow's Management Content - for Reference Only.docx", 'Volume 1 - Technical - This has ALL Prior Content and Comments.docx', 'outline for pp.docx', 'Erik Wenkel.docx', 'Gary Barber.docx', 'Matt Harmon.docx', 'Patrick K. Johnson Jr.docx', 'Tekle A.docx', 'Tom Eldering.docx', 'Mark Susol WCMaaS Resume.docx', 'Resume of Carthleen Tracy - WCMaaS.docx', 'Resume of German Martinez.docx', 'DHS ADaPTS TO #70RTAC23Q00000023 - Volume 1 - Technical - TechFlow.docx', 'Jay Griggs - Full Stack Developer Resume 2023.docx', 'Jeff Beagley - Technical Architect Resume 2023.docx', 'Mike Redman - DevOps Engineer Resume 2023.docx', 'WCMaaS Volume I Non-Price Technical Approach Recompete Outline  TMD HD v.docx', 'WCMaaS Volume I Non-Price Technical Approach Recompete Outline (1).docx', 'Complete_with_DocuSign_Mobomo_NDA_ADaPTS_202.pdf', 'Mobomo Capabilities Briefing.pdf', 'Deron Wells - Senior Software Engineer Resume 2023.docx', 'Jeff Beagley - Technical Architect Resume 2023 (3).docx', 'Mike Redman - DevOps Engineer Resume 2023.docx', 'Resumes Template Mobomo.docx', 'RFA Website Development - Global Mandarin - Final.docx', 'Screenshot 2023-01-09 at 3.30.43 PM.png', 'Tech Flow Mobomo_DHS WCMaaS TA (Mobomo 1-12-23).docx', 'TechFlow Meeting Feb 16.docx', 'Mobomo Past Performance - DHS WCMaaS Submitted 2.16.23.docx', '78050.140661334451968.48773.RFI+DoD+Public+Websites+and+Content+Distribution.pdf', 'DMA RFI_Whitepaper_Template.docx', 'DMA RFI_Whitepaper_Template.docx', '36C10B23Q0225 A0001 v1.pdf', '36C10B23Q0225_4.docx', '36C10B23Q0225_1.docx', '36C10B23Q0225_3.docx', 'Draft SPRUCE PWS Capability Assessment Matrix-Mobomo.xlsx', 'Request+For+Information_SPRUCE+extension.docx', 'SPRUCE GovWin IQ - 230782 - VA SECURE PERFORMANT RELIABLE AND USER CENTERED EXPERIENCES IDIQ\xa0(SPRUCE).pdf', 'SPRUCE+PWS+-+DRAFT.pdf', 'SPRUCE PWS v1.pdf', 'Draft SPRUCE PWS Capability Assessment Matrix Combined.xlsx', 'NOTES from Kickoff.docx', 'TA TekFive_Mobomo VA SPRUCE 17June2023) FE.pdf', 'Attachment 1 - Statement of Work C3 (Final).docx.pdf', 'Attachment 2 - Proposal Intructions and Evaluation Criteria.pdf', 'Attachment 3 - Draft Task Order Terms and Conditions.pdf', 'Attachment 4 - Past Performance Questionnaire.docx', 'Attachment 5 - Product Accessibility Template (PAT).docx', 'Attachment 6 - Contractor Offeror Conflict of Interest Template.docx', 'Attachment 7 - Pricing Template.xlsx', 'Attachment 8 - Payment Decrement Schedule.docx', 'Attachment 9 - Wage Determination 2015-4265 (Rev 22).pdf', 'FW_ RFP 231149 Contact Center_ Connect (C3) Help Desk.eml', 'RFP 231149 Contact Center_ Connect (C3) Help Desk.eml', 'RFP Letter - 231149.pdf', 'Attachment 1 - Statement of Work C3 (Final).docx.pdf', 'Attachment 2 - Proposal Intructions and Evaluation Criteria.pdf', 'Attachment 3 - Draft Task Order Terms and Conditions.pdf', 'Attachment 4 - Past Performance Questionnaire.docx', 'Attachment 5 - Product Accessibility Template (PAT).docx', 'Attachment 6 - Contractor Offeror Conflict of Interest Template.docx', 'Attachment 8 - Payment Decrement Schedule.docx', 'Attachment 9 - Wage Determination 2015-4265 (Rev 22).pdf', 'Copy of Attachment 7 - Pricing Template.xlsx', '1305M323RNFFS0010 RFP.pdf', 'NOAA 2023 - ready to go for Data Calls.docx', 'NOAA_NMFS_Application_Dev_AttainX_-_Mobomo_TA_FE.pdf']
[2024-03-16 19:20:54.758] [INFO] Watching /mnt/c/Users/smluc/Downloads/OneDrive_1_3-15-2024 for changes, press Ctrl+C to stop...
[2024-03-16 20:24:52.544] [INFO] Ingesting files=['AATB-1-AM-44.csv', 'AM-45-BOZ-61.csv', 'BOZ-62-BW-83.csv', 'BW-84-CAT-37.csv', 'CAT-1040-CPOCK-159.csv', 'CAT-38-CAT-1039.csv', 'CPOCK-160-CSBA-741.csv', 'CSBA-742-DCRBSSA-249.csv', 'DCRBSSA-251-DEDV-27.csv', 'DEDV-28-E2D2-157.csv', 'E2D2-158-ED-1025.csv', 'ED-1027-EU-109.csv', 'EU-110-FERC-784.csv', 'FERC-785-FIT-248.csv', 'FIT-249-FSP-105.csv', 'FSP-106-GDC-938.csv', 'GDC-939-GM-1062.csv', 'GM-1063-GM-2123.csv', 'GM-2124-HMDCA-139.csv', 'HMDCA-140-IM-334.csv', 'IM-335-INTBRAND-653.csv', 'INTBRAND-654-ITA-843.csv', 'ITA-844-ITR-6.csv', 'ITR-7-LV8-240.csv', 'LV8-241-MAK-17.csv', 'MAK-18-MAX-924.csv', 'MAX-1991-MBN-884.csv', 'MAX-925-MAX-1990.csv', 'MBN-885-MC-26.csv', 'MC-27-MIS-104.csv', 'MIS-105-MOBWEB-188.csv', 'MOBWEB-1277-MOO-257.csv', 'MOBWEB-189-MOBWEB-1276.csv', 'MOO-258-MRS-239.csv', 'MRS-240-NAL-91.csv', 'NAL-92-NESDIS-212.csv', 'NESDIS-213-NETHALL-38.csv', 'NETHALL-39-NOAA-324.csv', 'NOAA-1431-NOAA-2491.csv', 'NOAA-2492-NOAA-3519.csv', 'NOAA-325-NOAA-1430.csv', 'NOAA-3520-NOAA-4606.csv', 'NOAA-4609-NOAA-5728.csv', 'NOAA-5729-NOAA-6775.csv', 'NOAAGSR-1-NRCC-29.csv', 'NRCC-30-ONR-498.csv', 'ONR-499-PEW-736.csv', 'PEW-737-POCKITSHIP-191.csv', 'POCKITSHIP-1201-PRYT-988.csv', 'POCKITSHIP-192-POCKITSHIP-1200.csv', 'PRYT-989-PUL-815.csv', 'PUL-816-QMS-85.csv', 'QMS-86-RGS-92.csv', 'RGS-1100-RGS-2101.csv', 'RGS-2102-RTC-263.csv', 'RGS-93-RGS-1099.csv', 'RTC-264-SCO-129.csv', 'SCO-130-SHN-184.csv', 'SHN-185-STATE-70.csv', 'STATE-71-SWAP-138.csv', 'SWAP-139-TPC-249.csv', 'TPC-250-TPCAPI-84.csv', 'TPCAPI-85-TTEI-220.csv', 'TTEI-221-USGS-531.csv', 'USGS-1564-USS-682.csv', 'USGS-532-USGS-1563.csv', 'USS-683-VAV-1082.csv', 'VAV-1083-VAV-2090.csv', 'VAV-2091-VAV-3096.csv', 'VAV-3097-VAV-4100.csv', 'VAV-4101-WGA-35.csv']
[2024-03-16 21:51:53.654] [INFO] Ingesting files=['AATB-1-AM-44.csv', 'AM-45-BOZ-61.csv', 'BOZ-62-BW-83.csv', 'BW-84-CAT-37.csv', 'CAT-1040-CPOCK-159.csv', 'CAT-38-CAT-1039.csv', 'CPOCK-160-CSBA-741.csv', 'CSBA-742-DCRBSSA-249.csv', 'DCRBSSA-251-DEDV-27.csv', 'DEDV-28-E2D2-157.csv', 'E2D2-158-ED-1025.csv', 'ED-1027-EU-109.csv', 'EU-110-FERC-784.csv', 'FERC-785-FIT-248.csv', 'FIT-249-FSP-105.csv', 'FSP-106-GDC-938.csv', 'GDC-939-GM-1062.csv', 'GM-1063-GM-2123.csv', 'GM-2124-HMDCA-139.csv', 'HMDCA-140-IM-334.csv', 'IM-335-INTBRAND-653.csv', 'INTBRAND-654-ITA-843.csv', 'ITA-844-ITR-6.csv', 'ITR-7-LV8-240.csv', 'LV8-241-MAK-17.csv', 'MAK-18-MAX-924.csv', 'MAX-1991-MBN-884.csv', 'MAX-925-MAX-1990.csv', 'MBN-885-MC-26.csv', 'MC-27-MIS-104.csv', 'MIS-105-MOBWEB-188.csv', 'MOBWEB-1277-MOO-257.csv', 'MOBWEB-189-MOBWEB-1276.csv', 'MOO-258-MRS-239.csv', 'MRS-240-NAL-91.csv', 'NAL-92-NESDIS-212.csv', 'NESDIS-213-NETHALL-38.csv', 'NETHALL-39-NOAA-324.csv', 'NOAA-1431-NOAA-2491.csv', 'NOAA-2492-NOAA-3519.csv', 'NOAA-325-NOAA-1430.csv', 'NOAA-3520-NOAA-4606.csv', 'NOAA-4609-NOAA-5728.csv', 'NOAA-5729-NOAA-6775.csv', 'NOAAGSR-1-NRCC-29.csv', 'NRCC-30-ONR-498.csv', 'ONR-499-PEW-736.csv', 'PEW-737-POCKITSHIP-191.csv', 'POCKITSHIP-1201-PRYT-988.csv', 'POCKITSHIP-192-POCKITSHIP-1200.csv', 'PRYT-989-PUL-815.csv', 'PUL-816-QMS-85.csv', 'QMS-86-RGS-92.csv', 'RGS-1100-RGS-2101.csv', 'RGS-2102-RTC-263.csv', 'RGS-93-RGS-1099.csv', 'RTC-264-SCO-129.csv', 'SCO-130-SHN-184.csv', 'SHN-185-STATE-70.csv', 'STATE-71-SWAP-138.csv', 'SWAP-139-TPC-249.csv', 'TPC-250-TPCAPI-84.csv', 'TPCAPI-85-TTEI-220.csv', 'TTEI-221-USGS-531.csv', 'USGS-1564-USS-682.csv', 'USGS-532-USGS-1563.csv', 'USS-683-VAV-1082.csv', 'VAV-1083-VAV-2090.csv', 'VAV-2091-VAV-3096.csv', 'VAV-3097-VAV-4100.csv', 'VAV-4101-WGA-35.csv']
[2024-03-17 04:43:35.236] [INFO] Watching /mnt/c/Users/smluc/Downloads/OneDrive_1_3-15-2024/Jira for changes, press Ctrl+C to stop...
